{"level":30,"time":"2026-02-28T07:59:28.887Z","logId":1772265568884,"logger":"LoginWorker","msg":"Initializing background workers..."}
{"level":30,"time":"2026-02-28T07:59:28.888Z","logId":1772265568884,"logger":"FriendWorker","msg":"FriendWorker starting..."}
{"level":30,"time":"2026-02-28T07:59:28.892Z","logId":1772265568884,"logger":"NotificationWorker","msg":"NotificationWorker starting..."}
{"level":30,"time":"2026-02-28T07:59:28.892Z","logId":1772265568884,"logger":"FeedWorker","msg":"FeedWorker starting..."}
{"level":30,"time":"2026-02-28T07:59:28.893Z","logId":1772265568884,"logger":"SurfWorker","msg":"SurfWorker starting..."}
{"level":50,"time":"2026-02-28T07:59:28.925Z","logId":1772265568884,"logger":"FriendWorker","accId":11,"err":"","msg":"[FriendWorker] API Error for account"}
{"level":50,"time":"2026-02-28T07:59:28.949Z","logId":1772265568884,"logger":"FriendWorker","accId":12,"err":"","msg":"[FriendWorker] API Error for account"}
{"level":50,"time":"2026-02-28T07:59:28.950Z","logId":1772265568884,"logger":"NotificationWorker","accId":11,"err":"","msg":"[NotificationWorker] API Error"}
{"level":50,"time":"2026-02-28T07:59:28.951Z","logId":1772265568884,"logger":"SurfWorker","accId":11,"err":"","msg":"[SurfWorker] API Error"}
{"level":50,"time":"2026-02-28T07:59:28.953Z","logId":1772265568884,"logger":"FeedWorker","accId":11,"err":"","msg":"[FeedWorker] API Error"}
{"level":50,"time":"2026-02-28T07:59:28.961Z","logId":1772265568884,"logger":"FriendWorker","accId":13,"err":"","msg":"[FriendWorker] API Error for account"}
{"level":50,"time":"2026-02-28T07:59:28.962Z","logId":1772265568884,"logger":"NotificationWorker","accId":12,"err":"","msg":"[NotificationWorker] API Error"}
{"level":50,"time":"2026-02-28T07:59:28.963Z","logId":1772265568884,"logger":"SurfWorker","accId":12,"err":"","msg":"[SurfWorker] API Error"}
{"level":50,"time":"2026-02-28T07:59:28.964Z","logId":1772265568884,"logger":"FeedWorker","accId":12,"err":"","msg":"[FeedWorker] API Error"}
{"level":30,"time":"2026-02-28T07:59:28.965Z","logId":1772265568884,"logger":"LoginWorker","msg":"LOGIN summary: success=0 alreadyOk=0 relogin=0 fail=7"}
{"level":50,"time":"2026-02-28T07:59:28.968Z","logId":1772265568884,"logger":"FriendWorker","accId":14,"err":"","msg":"[FriendWorker] API Error for account"}
{"level":50,"time":"2026-02-28T07:59:28.969Z","logId":1772265568884,"logger":"NotificationWorker","accId":13,"err":"","msg":"[NotificationWorker] API Error"}
{"level":50,"time":"2026-02-28T07:59:28.970Z","logId":1772265568884,"logger":"SurfWorker","accId":13,"err":"","msg":"[SurfWorker] API Error"}
{"level":50,"time":"2026-02-28T07:59:28.970Z","logId":1772265568884,"logger":"FeedWorker","accId":13,"err":"","msg":"[FeedWorker] API Error"}
{"level":50,"time":"2026-02-28T07:59:28.973Z","logId":1772265568884,"logger":"FriendWorker","accId":15,"err":"","msg":"[FriendWorker] API Error for account"}
{"level":50,"time":"2026-02-28T07:59:28.973Z","logId":1772265568884,"logger":"NotificationWorker","accId":14,"err":"","msg":"[NotificationWorker] API Error"}
{"level":50,"time":"2026-02-28T07:59:28.974Z","logId":1772265568884,"logger":"SurfWorker","accId":14,"err":"","msg":"[SurfWorker] API Error"}
{"level":50,"time":"2026-02-28T07:59:28.975Z","logId":1772265568884,"logger":"FeedWorker","accId":14,"err":"","msg":"[FeedWorker] API Error"}
{"level":50,"time":"2026-02-28T07:59:28.977Z","logId":1772265568884,"logger":"NotificationWorker","accId":15,"err":"","msg":"[NotificationWorker] API Error"}
{"level":50,"time":"2026-02-28T07:59:28.977Z","logId":1772265568884,"logger":"SurfWorker","accId":15,"err":"","msg":"[SurfWorker] API Error"}
{"level":50,"time":"2026-02-28T07:59:28.978Z","logId":1772265568884,"logger":"FeedWorker","accId":15,"err":"","msg":"[FeedWorker] API Error"}
{"level":50,"time":"2026-02-28T08:00:28.918Z","logId":1772265568884,"logger":"FriendWorker","accId":11,"err":"","msg":"[FriendWorker] API Error for account"}
{"level":50,"time":"2026-02-28T08:00:28.919Z","logId":1772265568884,"logger":"NotificationWorker","accId":11,"err":"","msg":"[NotificationWorker] API Error"}
{"level":50,"time":"2026-02-28T08:00:28.920Z","logId":1772265568884,"logger":"FeedWorker","accId":11,"err":"","msg":"[FeedWorker] API Error"}
{"level":50,"time":"2026-02-28T08:00:28.928Z","logId":1772265568884,"logger":"SurfWorker","accId":11,"err":"","msg":"[SurfWorker] API Error"}
{"level":50,"time":"2026-02-28T08:00:28.930Z","logId":1772265568884,"logger":"FriendWorker","accId":12,"err":"","msg":"[FriendWorker] API Error for account"}
{"level":50,"time":"2026-02-28T08:00:28.931Z","logId":1772265568884,"logger":"NotificationWorker","accId":12,"err":"","msg":"[NotificationWorker] API Error"}
{"level":50,"time":"2026-02-28T08:00:28.933Z","logId":1772265568884,"logger":"FeedWorker","accId":12,"err":"","msg":"[FeedWorker] API Error"}
{"level":50,"time":"2026-02-28T08:00:28.934Z","logId":1772265568884,"logger":"SurfWorker","accId":12,"err":"","msg":"[SurfWorker] API Error"}
{"level":50,"time":"2026-02-28T08:00:28.937Z","logId":1772265568884,"logger":"FriendWorker","accId":13,"err":"","msg":"[FriendWorker] API Error for account"}
{"level":50,"time":"2026-02-28T08:00:28.938Z","logId":1772265568884,"logger":"NotificationWorker","accId":13,"err":"","msg":"[NotificationWorker] API Error"}
{"level":50,"time":"2026-02-28T08:00:28.938Z","logId":1772265568884,"logger":"FeedWorker","accId":13,"err":"","msg":"[FeedWorker] API Error"}
{"level":50,"time":"2026-02-28T08:00:28.939Z","logId":1772265568884,"logger":"SurfWorker","accId":13,"err":"","msg":"[SurfWorker] API Error"}
{"level":50,"time":"2026-02-28T08:00:28.942Z","logId":1772265568884,"logger":"FriendWorker","accId":14,"err":"","msg":"[FriendWorker] API Error for account"}
{"level":50,"time":"2026-02-28T08:00:28.943Z","logId":1772265568884,"logger":"NotificationWorker","accId":14,"err":"","msg":"[NotificationWorker] API Error"}
{"level":50,"time":"2026-02-28T08:00:28.943Z","logId":1772265568884,"logger":"FeedWorker","accId":14,"err":"","msg":"[FeedWorker] API Error"}
{"level":50,"time":"2026-02-28T08:00:28.945Z","logId":1772265568884,"logger":"SurfWorker","accId":14,"err":"","msg":"[SurfWorker] API Error"}
{"level":50,"time":"2026-02-28T08:00:28.948Z","logId":1772265568884,"logger":"FriendWorker","accId":15,"err":"","msg":"[FriendWorker] API Error for account"}
{"level":50,"time":"2026-02-28T08:00:28.949Z","logId":1772265568884,"logger":"NotificationWorker","accId":15,"err":"","msg":"[NotificationWorker] API Error"}
{"level":50,"time":"2026-02-28T08:00:28.949Z","logId":1772265568884,"logger":"FeedWorker","accId":15,"err":"","msg":"[FeedWorker] API Error"}
{"level":50,"time":"2026-02-28T08:00:28.949Z","logId":1772265568884,"logger":"SurfWorker","accId":15,"err":"","msg":"[SurfWorker] API Error"}
{"level":30,"time":"2026-02-28T08:00:28.970Z","logId":1772265568884,"logger":"LoginWorker","msg":"Initializing background workers..."}
{"level":30,"time":"2026-02-28T08:00:28.971Z","logId":1772265568884,"logger":"FriendWorker","msg":"FriendWorker starting..."}
{"level":30,"time":"2026-02-28T08:00:28.971Z","logId":1772265568884,"logger":"NotificationWorker","msg":"NotificationWorker starting..."}
{"level":30,"time":"2026-02-28T08:00:28.971Z","logId":1772265568884,"logger":"FeedWorker","msg":"FeedWorker starting..."}
{"level":30,"time":"2026-02-28T08:00:28.971Z","logId":1772265568884,"logger":"SurfWorker","msg":"SurfWorker starting..."}
{"level":50,"time":"2026-02-28T08:00:28.992Z","logId":1772265568884,"logger":"FeedWorker","accId":11,"err":"","msg":"[FeedWorker] API Error"}
{"level":50,"time":"2026-02-28T08:00:28.993Z","logId":1772265568884,"logger":"SurfWorker","accId":11,"err":"","msg":"[SurfWorker] API Error"}
{"level":50,"time":"2026-02-28T08:00:28.993Z","logId":1772265568884,"logger":"FriendWorker","accId":11,"err":"","msg":"[FriendWorker] API Error for account"}
{"level":50,"time":"2026-02-28T08:00:28.994Z","logId":1772265568884,"logger":"NotificationWorker","accId":11,"err":"","msg":"[NotificationWorker] API Error"}
{"level":50,"time":"2026-02-28T08:00:29.000Z","logId":1772265568884,"logger":"FeedWorker","accId":12,"err":"","msg":"[FeedWorker] API Error"}
{"level":50,"time":"2026-02-28T08:00:29.001Z","logId":1772265568884,"logger":"SurfWorker","accId":12,"err":"","msg":"[SurfWorker] API Error"}
{"level":50,"time":"2026-02-28T08:00:29.002Z","logId":1772265568884,"logger":"FriendWorker","accId":12,"err":"","msg":"[FriendWorker] API Error for account"}
{"level":50,"time":"2026-02-28T08:00:29.003Z","logId":1772265568884,"logger":"NotificationWorker","accId":12,"err":"","msg":"[NotificationWorker] API Error"}
{"level":30,"time":"2026-02-28T08:00:29.004Z","logId":1772265568884,"logger":"LoginWorker","msg":"LOGIN summary: success=0 alreadyOk=0 relogin=0 fail=7"}
{"level":50,"time":"2026-02-28T08:00:29.007Z","logId":1772265568884,"logger":"FeedWorker","accId":13,"err":"","msg":"[FeedWorker] API Error"}
{"level":50,"time":"2026-02-28T08:00:29.008Z","logId":1772265568884,"logger":"SurfWorker","accId":13,"err":"","msg":"[SurfWorker] API Error"}
{"level":50,"time":"2026-02-28T08:00:29.009Z","logId":1772265568884,"logger":"FriendWorker","accId":13,"err":"","msg":"[FriendWorker] API Error for account"}
{"level":50,"time":"2026-02-28T08:00:29.009Z","logId":1772265568884,"logger":"NotificationWorker","accId":13,"err":"","msg":"[NotificationWorker] API Error"}
{"level":50,"time":"2026-02-28T08:00:29.011Z","logId":1772265568884,"logger":"FeedWorker","accId":14,"err":"","msg":"[FeedWorker] API Error"}
{"level":50,"time":"2026-02-28T08:00:29.012Z","logId":1772265568884,"logger":"SurfWorker","accId":14,"err":"","msg":"[SurfWorker] API Error"}
{"level":50,"time":"2026-02-28T08:00:29.013Z","logId":1772265568884,"logger":"FriendWorker","accId":14,"err":"","msg":"[FriendWorker] API Error for account"}
{"level":50,"time":"2026-02-28T08:00:29.013Z","logId":1772265568884,"logger":"NotificationWorker","accId":14,"err":"","msg":"[NotificationWorker] API Error"}
{"level":50,"time":"2026-02-28T08:00:29.016Z","logId":1772265568884,"logger":"FeedWorker","accId":15,"err":"","msg":"[FeedWorker] API Error"}
{"level":50,"time":"2026-02-28T08:00:29.017Z","logId":1772265568884,"logger":"SurfWorker","accId":15,"err":"","msg":"[SurfWorker] API Error"}
{"level":50,"time":"2026-02-28T08:00:29.017Z","logId":1772265568884,"logger":"FriendWorker","accId":15,"err":"","msg":"[FriendWorker] API Error for account"}
{"level":50,"time":"2026-02-28T08:00:29.017Z","logId":1772265568884,"logger":"NotificationWorker","accId":15,"err":"","msg":"[NotificationWorker] API Error"}
{"level":30,"time":"2026-02-28T08:09:53.081Z","logId":1772266193078,"logger":"LoginWorker","msg":"Initializing background workers..."}
{"level":30,"time":"2026-02-28T08:09:53.081Z","logId":1772266193078,"logger":"FriendWorker","msg":"FriendWorker starting..."}
{"level":30,"time":"2026-02-28T08:09:53.085Z","logId":1772266193078,"logger":"NotificationWorker","msg":"NotificationWorker starting..."}
{"level":30,"time":"2026-02-28T08:09:53.085Z","logId":1772266193078,"logger":"FeedWorker","msg":"FeedWorker starting..."}
{"level":30,"time":"2026-02-28T08:09:53.086Z","logId":1772266193078,"logger":"SurfWorker","msg":"SurfWorker starting..."}
{"level":50,"time":"2026-02-28T08:09:53.120Z","logId":1772266193078,"logger":"FriendWorker","accId":11,"err":"","msg":"[FriendWorker] API Error for account"}
{"level":50,"time":"2026-02-28T08:09:53.150Z","logId":1772266193078,"logger":"FriendWorker","accId":12,"err":"","msg":"[FriendWorker] API Error for account"}
{"level":50,"time":"2026-02-28T08:09:53.152Z","logId":1772266193078,"logger":"SurfWorker","accId":11,"err":"","msg":"[SurfWorker] API Error"}
{"level":50,"time":"2026-02-28T08:09:53.154Z","logId":1772266193078,"logger":"FeedWorker","accId":11,"err":"","msg":"[FeedWorker] API Error"}
{"level":50,"time":"2026-02-28T08:09:53.155Z","logId":1772266193078,"logger":"NotificationWorker","accId":11,"err":"","msg":"[NotificationWorker] API Error"}
{"level":50,"time":"2026-02-28T08:09:53.163Z","logId":1772266193078,"logger":"FriendWorker","accId":13,"err":"","msg":"[FriendWorker] API Error for account"}
{"level":50,"time":"2026-02-28T08:09:53.165Z","logId":1772266193078,"logger":"SurfWorker","accId":12,"err":"","msg":"[SurfWorker] API Error"}
{"level":50,"time":"2026-02-28T08:09:53.165Z","logId":1772266193078,"logger":"FeedWorker","accId":12,"err":"","msg":"[FeedWorker] API Error"}
{"level":50,"time":"2026-02-28T08:09:53.166Z","logId":1772266193078,"logger":"NotificationWorker","accId":12,"err":"","msg":"[NotificationWorker] API Error"}
{"level":30,"time":"2026-02-28T08:09:53.168Z","logId":1772266193078,"logger":"LoginWorker","msg":"LOGIN summary: success=0 alreadyOk=0 relogin=0 fail=7"}
{"level":50,"time":"2026-02-28T08:09:53.170Z","logId":1772266193078,"logger":"FriendWorker","accId":14,"err":"","msg":"[FriendWorker] API Error for account"}
{"level":50,"time":"2026-02-28T08:09:53.172Z","logId":1772266193078,"logger":"SurfWorker","accId":13,"err":"","msg":"[SurfWorker] API Error"}
{"level":50,"time":"2026-02-28T08:09:53.173Z","logId":1772266193078,"logger":"FeedWorker","accId":13,"err":"","msg":"[FeedWorker] API Error"}
{"level":50,"time":"2026-02-28T08:09:53.174Z","logId":1772266193078,"logger":"NotificationWorker","accId":13,"err":"","msg":"[NotificationWorker] API Error"}
{"level":50,"time":"2026-02-28T08:09:53.175Z","logId":1772266193078,"logger":"FriendWorker","accId":15,"err":"","msg":"[FriendWorker] API Error for account"}
{"level":50,"time":"2026-02-28T08:09:53.177Z","logId":1772266193078,"logger":"SurfWorker","accId":14,"err":"","msg":"[SurfWorker] API Error"}
{"level":50,"time":"2026-02-28T08:09:53.178Z","logId":1772266193078,"logger":"FeedWorker","accId":14,"err":"","msg":"[FeedWorker] API Error"}
{"level":50,"time":"2026-02-28T08:09:53.179Z","logId":1772266193078,"logger":"NotificationWorker","accId":14,"err":"","msg":"[NotificationWorker] API Error"}
{"level":50,"time":"2026-02-28T08:09:53.182Z","logId":1772266193078,"logger":"SurfWorker","accId":15,"err":"","msg":"[SurfWorker] API Error"}
{"level":50,"time":"2026-02-28T08:09:53.182Z","logId":1772266193078,"logger":"FeedWorker","accId":15,"err":"","msg":"[FeedWorker] API Error"}
{"level":50,"time":"2026-02-28T08:09:53.182Z","logId":1772266193078,"logger":"NotificationWorker","accId":15,"err":"","msg":"[NotificationWorker] API Error"}
