{"level":30,"time":"02:29:17.989","logger":"LoginService","msg":"Starting login flow for accounts..."}
{"level":30,"time":"02:29:17.989","logger":"LoginService","proxy":"http://94.176.3.43:7443","msg":"WORKER_INITIALIZED_WITH_PROXY"}
{"level":30,"time":"02:29:17.990","logger":"LoginService","row":1,"phone":"xabay92980@keecs.com","password":"***len=9","msg":"ACCOUNT_START"}
{"level":30,"time":"02:29:17.993","logger":"LoginService","row":1,"phone":"xabay92980@keecs.com","accessToken":"eyJraWQi...No41AA","refreshToken":"eyJraWQi...uk65Lg","msg":"TOKENS_FOUND"}
{"level":30,"time":"02:29:17.994","logger":"LoginService","proxy":"http://94.176.3.43:7443","msg":"WORKER_INITIALIZED_WITH_PROXY"}
{"level":30,"time":"02:29:17.995","logger":"LoginService","row":2,"phone":"yivamag857@him6.com","password":"***len=9","msg":"ACCOUNT_START"}
{"level":30,"time":"02:29:17.996","logger":"LoginService","row":2,"phone":"yivamag857@him6.com","accessToken":"eyJraWQi...6qYixA","refreshToken":"eyJraWQi...VmUWoA","msg":"TOKENS_FOUND"}
{"level":30,"time":"02:29:20.113","logger":"LoginService","row":1,"phone":"xabay92980@keecs.com","reason":"REFRESH_FAIL","msg":"SESSION_ME_CHECK_FAILED"}
{"level":30,"time":"02:29:21.271","logger":"LoginService","row":2,"phone":"yivamag857@him6.com","reason":"REFRESH_FAIL","msg":"SESSION_ME_CHECK_FAILED"}
{"level":30,"time":"02:29:24.713","logger":"LoginService","row":1,"phone":"xabay92980@keecs.com","me":{"id":4035225266124144600,"firstName":"le","lastName":"bach","userName":"lebach.1772691588671376887","isOfficial":false,"isVerified":false,"totpEnabled":false,"avatar":"","cover":"","email":"xabay92980@keecs.com","phone":"","nationalId":"","dateOfBirth":"2008-02-02","hometown":"","publicKey":"","keyVersion":0,"gender":"MALE","ericWalletId":"0","location":{"lat":"","lon":"","source":""},"tier":"ERIC","privacy":"PUBLIC","educationLevel":"NONE","schoolName":"","workplace":"","placeOfResidence":"","maritalStatus":"NONE","friendshipStatus":"NONE","intro":"","totalFriends":0,"ericBalance":"0"},"msg":"LOGIN_OK_ME_OK"}
{"level":30,"time":"02:29:24.714","logger":"LoginService","row":1,"phone":"xabay92980@keecs.com","msg":"BOT_MISSIONS_START"}
{"level":30,"time":"02:29:25.881","logger":"LoginService","row":2,"phone":"yivamag857@him6.com","me":{"id":8646911284551533000,"firstName":"Hoang","lastName":"To","userName":"hoangto.1772770640568936351","isOfficial":false,"isVerified":false,"totpEnabled":false,"avatar":"","cover":"","email":"yivamag857@him6.com","phone":"","nationalId":"","dateOfBirth":"2008-02-02","hometown":"","publicKey":"","keyVersion":0,"gender":"MALE","ericWalletId":"0","location":{"lat":"","lon":"","source":""},"tier":"ERIC","privacy":"PUBLIC","educationLevel":"NONE","schoolName":"","workplace":"","placeOfResidence":"","maritalStatus":"NONE","friendshipStatus":"NONE","intro":"","totalFriends":0,"ericBalance":"0"},"msg":"LOGIN_OK_ME_OK"}
{"level":30,"time":"02:29:25.882","logger":"LoginService","row":2,"phone":"yivamag857@him6.com","msg":"BOT_MISSIONS_START"}
{"level":30,"time":"02:29:26.547","logger":"LoginService","row":1,"phone":"xabay92980@keecs.com","msg":"OK: ProfileMe"}
{"level":30,"time":"02:29:27.865","logger":"LoginService","row":2,"phone":"yivamag857@him6.com","msg":"OK: ProfileMe"}
{"level":30,"time":"02:29:28.483","logger":"LoginService","row":1,"phone":"xabay92980@keecs.com","msg":"OK: Missions"}
{"level":30,"time":"02:29:31.173","logger":"LoginService","row":1,"phone":"xabay92980@keecs.com","msg":"OK: MyFriends"}
{"level":30,"time":"02:29:31.443","logger":"LoginService","row":2,"phone":"yivamag857@him6.com","msg":"OK: Missions"}
{"level":30,"time":"02:29:38.412","logger":"LoginService","row":2,"phone":"yivamag857@him6.com","msg":"OK: MyFriends"}
{"level":30,"time":"02:29:38.888","logger":"LoginService","row":1,"phone":"xabay92980@keecs.com","msg":"OK: Notifications"}
{"level":30,"time":"02:29:40.946","logger":"LoginService","row":2,"phone":"yivamag857@him6.com","msg":"OK: Notifications"}
{"level":30,"time":"02:29:45.155","logger":"LoginService","row":2,"phone":"yivamag857@him6.com","msg":"OK: FeedHome_Page_1"}
{"level":30,"time":"02:29:46.773","logger":"LoginService","row":1,"phone":"xabay92980@keecs.com","msg":"OK: FeedHome_Page_1"}
{"level":30,"time":"02:29:49.355","logger":"LoginService","row":2,"phone":"yivamag857@him6.com","msg":"OK: FeedHome_Page_2"}
{"level":30,"time":"02:29:50.677","logger":"LoginService","row":1,"phone":"xabay92980@keecs.com","msg":"OK: FeedHome_Page_2"}
{"level":30,"time":"02:29:53.489","logger":"LoginService","row":2,"phone":"yivamag857@him6.com","msg":"OK: FeedHome_Page_3"}
{"level":30,"time":"02:29:54.418","logger":"LoginService","row":1,"phone":"xabay92980@keecs.com","msg":"OK: FeedHome_Page_3"}
{"level":30,"time":"02:29:54.923","logger":"LoginService","row":2,"phone":"yivamag857@him6.com","msg":"OK: SurfHome"}
{"level":30,"time":"02:29:54.924","logger":"LoginService","itemsLength":0,"pagesScrolled":3,"msg":"DEBUG_FEEDHOME"}
{"level":30,"time":"02:29:55.980","logger":"LoginService","row":1,"phone":"xabay92980@keecs.com","msg":"OK: SurfHome"}
{"level":30,"time":"02:29:55.980","logger":"LoginService","itemsLength":0,"pagesScrolled":3,"msg":"DEBUG_FEEDHOME"}
{"level":30,"time":"02:29:57.365","logger":"LoginService","row":2,"phone":"yivamag857@him6.com","msg":"OK: CreatePost"}
{"level":30,"time":"02:29:57.478","logger":"LoginService","row":1,"phone":"xabay92980@keecs.com","msg":"OK: CreatePost"}
{"level":30,"time":"02:29:58.918","logger":"LoginService","row":1,"phone":"xabay92980@keecs.com","msg":"OK: BackgroundColor"}
{"level":30,"time":"02:29:59.494","logger":"LoginService","row":2,"phone":"yivamag857@him6.com","msg":"OK: BackgroundColor"}
{"level":30,"time":"02:30:00.890","logger":"LoginService","row":1,"phone":"xabay92980@keecs.com","msg":"OK: ReactionList"}
{"level":30,"time":"02:30:01.093","logger":"LoginService","row":2,"phone":"yivamag857@him6.com","msg":"OK: ReactionList"}
{"level":30,"time":"02:30:03.934","logger":"LoginService","row":1,"phone":"xabay92980@keecs.com","msg":"OK: GetReceivedFriendRequests"}
{"level":30,"time":"02:30:04.125","logger":"LoginService","row":2,"phone":"yivamag857@him6.com","msg":"OK: GetReceivedFriendRequests"}
{"level":40,"time":"02:30:06.238","logger":"LoginService","row":1,"phone":"xabay92980@keecs.com","error":{"message":"Đã có lỗi xảy ra, vui lòng thử lại.","data":""},"status":500,"msg":"MISSION_ERROR_IGNORED: GetFriendSuggests"}
{"level":30,"time":"02:30:06.239","logger":"LoginService","row":1,"phone":"xabay92980@keecs.com","msg":"BOT_MISSIONS_COMPLETE"}
{"level":40,"time":"02:30:06.308","logger":"LoginService","row":2,"phone":"yivamag857@him6.com","error":{"message":"Đã có lỗi xảy ra, vui lòng thử lại.","data":""},"status":500,"msg":"MISSION_ERROR_IGNORED: GetFriendSuggests"}
{"level":30,"time":"02:30:06.308","logger":"LoginService","row":2,"phone":"yivamag857@him6.com","msg":"BOT_MISSIONS_COMPLETE"}
{"level":30,"time":"02:30:06.309","logger":"LoginService","msg":"LOGIN summary: success=2 alreadyOk=0 relogin=2 fail=0"}
{"level":30,"time":"02:31:06.325","logger":"LoginService","msg":"Starting login flow for accounts..."}
{"level":30,"time":"02:31:06.326","logger":"LoginService","proxy":"http://94.176.3.43:7443","msg":"WORKER_INITIALIZED_WITH_PROXY"}
{"level":30,"time":"02:31:06.326","logger":"LoginService","row":1,"phone":"xabay92980@keecs.com","password":"***len=9","msg":"ACCOUNT_START"}
{"level":30,"time":"02:31:06.327","logger":"LoginService","row":1,"phone":"xabay92980@keecs.com","accessToken":"eyJraWQi...iQIT2w","refreshToken":"eyJraWQi...c_ETqg","msg":"TOKENS_FOUND"}
{"level":30,"time":"02:31:06.328","logger":"LoginService","proxy":"http://94.176.3.43:7443","msg":"WORKER_INITIALIZED_WITH_PROXY"}
{"level":30,"time":"02:31:06.328","logger":"LoginService","row":2,"phone":"yivamag857@him6.com","password":"***len=9","msg":"ACCOUNT_START"}
{"level":30,"time":"02:31:06.330","logger":"LoginService","row":2,"phone":"yivamag857@him6.com","accessToken":"eyJraWQi...6gvWLg","refreshToken":"eyJraWQi...ScqE3Q","msg":"TOKENS_FOUND"}
{"level":30,"time":"02:31:08.250","logger":"LoginService","phone":"yivamag857@him6.com","error":"read ECONNRESET","msg":"GET_ME_ERROR_DETAIL"}
{"level":30,"time":"02:31:08.250","logger":"LoginService","row":2,"phone":"yivamag857@him6.com","reason":"ME_FAIL","msg":"SESSION_ME_CHECK_FAILED"}
{"level":30,"time":"02:31:08.267","logger":"LoginService","phone":"xabay92980@keecs.com","error":"read ECONNRESET","msg":"GET_ME_ERROR_DETAIL"}
{"level":30,"time":"02:31:08.267","logger":"LoginService","row":1,"phone":"xabay92980@keecs.com","reason":"ME_FAIL","msg":"SESSION_ME_CHECK_FAILED"}
{"level":50,"time":"02:31:11.324","logger":"LoginService","row":2,"phone":"yivamag857@him6.com","err":"connect ECONNREFUSED 94.176.3.43:7443","msg":"ACCOUNT_PROCESS_ERROR"}
{"level":50,"time":"02:31:11.351","logger":"LoginService","row":1,"phone":"xabay92980@keecs.com","err":"connect ECONNREFUSED 94.176.3.43:7443","msg":"ACCOUNT_PROCESS_ERROR"}
{"level":30,"time":"02:31:11.351","logger":"LoginService","msg":"LOGIN summary: success=0 alreadyOk=0 relogin=0 fail=2"}
{"level":30,"time":"02:32:06.343","logger":"LoginService","msg":"Starting login flow for accounts..."}
{"level":30,"time":"02:32:06.343","logger":"LoginService","proxy":"http://94.176.3.43:7443","msg":"WORKER_INITIALIZED_WITH_PROXY"}
{"level":30,"time":"02:32:06.344","logger":"LoginService","row":1,"phone":"xabay92980@keecs.com","password":"***len=9","msg":"ACCOUNT_START"}
{"level":30,"time":"02:32:06.347","logger":"LoginService","proxy":"http://94.176.3.43:7443","msg":"WORKER_INITIALIZED_WITH_PROXY"}
{"level":30,"time":"02:32:06.347","logger":"LoginService","row":2,"phone":"yivamag857@him6.com","password":"***len=9","msg":"ACCOUNT_START"}
{"level":30,"time":"02:32:10.493","logger":"LoginService","row":2,"phone":"yivamag857@him6.com","me":{"id":8646911284551533000,"firstName":"Hoang","lastName":"To","userName":"hoangto.1772770640568936351","isOfficial":false,"isVerified":false,"totpEnabled":false,"avatar":"","cover":"","email":"yivamag857@him6.com","phone":"","nationalId":"","dateOfBirth":"2008-02-02","hometown":"","publicKey":"","keyVersion":0,"gender":"MALE","ericWalletId":"0","location":{"lat":"","lon":"","source":""},"tier":"ERIC","privacy":"PUBLIC","educationLevel":"NONE","schoolName":"","workplace":"","placeOfResidence":"","maritalStatus":"NONE","friendshipStatus":"NONE","intro":"","totalFriends":0,"ericBalance":"0"},"msg":"LOGIN_OK_ME_OK"}
{"level":30,"time":"02:32:10.493","logger":"LoginService","row":2,"phone":"yivamag857@him6.com","msg":"BOT_MISSIONS_START"}
{"level":30,"time":"02:32:13.394","logger":"LoginService","row":1,"phone":"xabay92980@keecs.com","me":{"id":4035225266124144600,"firstName":"le","lastName":"bach","userName":"lebach.1772691588671376887","isOfficial":false,"isVerified":false,"totpEnabled":false,"avatar":"","cover":"","email":"xabay92980@keecs.com","phone":"","nationalId":"","dateOfBirth":"2008-02-02","hometown":"","publicKey":"","keyVersion":0,"gender":"MALE","ericWalletId":"0","location":{"lat":"","lon":"","source":""},"tier":"ERIC","privacy":"PUBLIC","educationLevel":"NONE","schoolName":"","workplace":"","placeOfResidence":"","maritalStatus":"NONE","friendshipStatus":"NONE","intro":"","totalFriends":0,"ericBalance":"0"},"msg":"LOGIN_OK_ME_OK"}
{"level":30,"time":"02:32:13.394","logger":"LoginService","row":1,"phone":"xabay92980@keecs.com","msg":"BOT_MISSIONS_START"}
{"level":30,"time":"02:32:13.585","logger":"LoginService","row":2,"phone":"yivamag857@him6.com","msg":"OK: ProfileMe"}
{"level":30,"time":"02:32:16.324","logger":"LoginService","row":2,"phone":"yivamag857@him6.com","msg":"OK: Missions"}
{"level":30,"time":"02:32:16.482","logger":"LoginService","row":1,"phone":"xabay92980@keecs.com","msg":"OK: ProfileMe"}
{"level":30,"time":"02:32:17.830","logger":"LoginService","row":2,"phone":"yivamag857@him6.com","msg":"OK: MyFriends"}
{"level":30,"time":"02:32:18.410","logger":"LoginService","row":1,"phone":"xabay92980@keecs.com","msg":"OK: Missions"}
{"level":30,"time":"02:32:19.843","logger":"LoginService","row":2,"phone":"yivamag857@him6.com","msg":"OK: Notifications"}
{"level":30,"time":"02:32:20.916","logger":"LoginService","row":1,"phone":"xabay92980@keecs.com","msg":"OK: MyFriends"}
{"level":30,"time":"02:32:23.362","logger":"LoginService","row":1,"phone":"xabay92980@keecs.com","msg":"OK: Notifications"}
{"level":50,"time":"02:32:28.767","logger":"LoginService","row":2,"phone":"yivamag857@him6.com","error":"socket hang up","msg":"MISSION_ERROR: FeedHome_Page_1"}
{"level":50,"time":"02:32:29.437","logger":"LoginService","row":1,"phone":"xabay92980@keecs.com","error":"read ECONNRESET","msg":"MISSION_ERROR: FeedHome_Page_1"}
{"level":30,"time":"02:33:38.053","logger":"LoginService","row":2,"phone":"yivamag857@him6.com","oldProxy":"http://94.176.3.43:7443","newProxy":"http://150.107.140.238:3128","msg":"PROXY_SWITCHED"}
{"level":30,"time":"02:33:41.996","logger":"LoginService","row":2,"phone":"yivamag857@him6.com","msg":"OK: FeedHome_Page_1 (retry)"}
{"level":30,"time":"02:33:43.627","logger":"LoginService","row":1,"phone":"xabay92980@keecs.com","oldProxy":"http://94.176.3.43:7443","newProxy":"http://150.107.140.238:3128","msg":"PROXY_SWITCHED"}
{"level":50,"time":"02:34:05.198","logger":"LoginService","row":2,"phone":"yivamag857@him6.com","error":"connect ETIMEDOUT 150.107.140.238:3128","msg":"MISSION_ERROR: FeedHome_Page_2"}
{"level":50,"time":"02:34:20.918","logger":"LoginService","row":1,"phone":"xabay92980@keecs.com","error":"connect ETIMEDOUT 150.107.140.238:3128","msg":"RETRY_FAILED: FeedHome_Page_1"}
{"level":50,"time":"02:34:20.918","logger":"LoginService","row":1,"phone":"xabay92980@keecs.com","err":"connect ETIMEDOUT 150.107.140.238:3128","msg":"MISSIONS_SYSTEM_ERROR"}
{"level":50,"time":"02:34:20.918","logger":"LoginService","row":1,"phone":"xabay92980@keecs.com","err":"connect ETIMEDOUT 150.107.140.238:3128","msg":"MISSIONS_ABORTED"}
{"level":50,"time":"02:34:20.918","logger":"LoginService","row":1,"phone":"xabay92980@keecs.com","err":"connect ETIMEDOUT 150.107.140.238:3128","msg":"ACCOUNT_PROCESS_ERROR"}
{"level":30,"time":"02:34:30.768","logger":"LoginService","row":2,"phone":"yivamag857@him6.com","oldProxy":"http://150.107.140.238:3128","newProxy":"http://121.126.185.63:25152","msg":"PROXY_SWITCHED"}
{"level":30,"time":"02:34:38.647","logger":"LoginService","row":2,"phone":"yivamag857@him6.com","msg":"OK: FeedHome_Page_2 (retry)"}
{"level":30,"time":"02:34:47.986","logger":"LoginService","row":2,"phone":"yivamag857@him6.com","msg":"OK: FeedHome_Page_3"}
{"level":30,"time":"02:34:50.212","logger":"LoginService","row":2,"phone":"yivamag857@him6.com","msg":"OK: SurfHome"}
{"level":30,"time":"02:34:50.212","logger":"LoginService","itemsLength":0,"pagesScrolled":3,"msg":"DEBUG_FEEDHOME"}
{"level":30,"time":"02:34:54.475","logger":"LoginService","row":2,"phone":"yivamag857@him6.com","msg":"OK: CreatePost"}
{"level":30,"time":"02:35:00.175","logger":"LoginService","row":2,"phone":"yivamag857@him6.com","msg":"OK: BackgroundColor"}
{"level":30,"time":"02:35:02.732","logger":"LoginService","row":2,"phone":"yivamag857@him6.com","msg":"OK: ReactionList"}
{"level":30,"time":"02:35:06.135","logger":"LoginService","row":2,"phone":"yivamag857@him6.com","msg":"OK: GetReceivedFriendRequests"}
{"level":40,"time":"02:35:08.690","logger":"LoginService","row":2,"phone":"yivamag857@him6.com","error":{"message":"Đã có lỗi xảy ra, vui lòng thử lại.","data":""},"status":500,"msg":"MISSION_ERROR_IGNORED: GetFriendSuggests"}
{"level":30,"time":"02:35:08.690","logger":"LoginService","row":2,"phone":"yivamag857@him6.com","msg":"BOT_MISSIONS_COMPLETE"}
{"level":30,"time":"02:35:08.692","logger":"LoginService","msg":"LOGIN summary: success=1 alreadyOk=0 relogin=0 fail=1"}
{"level":30,"time":"02:36:06.371","logger":"LoginService","msg":"Starting login flow for accounts..."}
{"level":30,"time":"02:36:06.371","logger":"LoginService","proxy":"http://121.126.185.63:25152","msg":"WORKER_INITIALIZED_WITH_PROXY"}
{"level":30,"time":"02:36:06.372","logger":"LoginService","row":1,"phone":"xabay92980@keecs.com","password":"***len=9","msg":"ACCOUNT_START"}
{"level":30,"time":"02:36:06.373","logger":"LoginService","row":1,"phone":"xabay92980@keecs.com","accessToken":"eyJraWQi...yOv34w","refreshToken":"eyJraWQi...8r3psg","msg":"TOKENS_FOUND"}
{"level":30,"time":"02:36:06.373","logger":"LoginService","phone":"yivamag857@him6.com","msg":"Đã chạy đủ 2 lần trong ngày. Bỏ qua nick.","msg":"DAILY_LIMIT_REACHED"}
{"level":30,"time":"02:36:10.468","logger":"LoginService","row":1,"phone":"xabay92980@keecs.com","me":{"id":4035225266124144600,"firstName":"le","lastName":"bach","userName":"lebach.1772691588671376887","isOfficial":false,"isVerified":false,"totpEnabled":false,"avatar":"","cover":"","email":"xabay92980@keecs.com","phone":"","nationalId":"","dateOfBirth":"2008-02-02","hometown":"","publicKey":"","keyVersion":0,"gender":"MALE","ericWalletId":"0","location":{"lat":"","lon":"","source":""},"tier":"ERIC","privacy":"PUBLIC","educationLevel":"NONE","schoolName":"","workplace":"","placeOfResidence":"","maritalStatus":"NONE","friendshipStatus":"NONE","intro":"","totalFriends":0,"ericBalance":"0"},"msg":"SESSION_OK"}
{"level":30,"time":"02:36:10.468","logger":"LoginService","row":1,"phone":"xabay92980@keecs.com","msg":"BOT_MISSIONS_START"}
{"level":30,"time":"02:36:16.582","logger":"LoginService","row":1,"phone":"xabay92980@keecs.com","msg":"OK: ProfileMe"}
{"level":30,"time":"02:36:18.875","logger":"LoginService","row":1,"phone":"xabay92980@keecs.com","msg":"OK: Missions"}
{"level":30,"time":"02:36:24.732","logger":"LoginService","row":1,"phone":"xabay92980@keecs.com","msg":"OK: MyFriends"}
{"level":30,"time":"02:36:27.607","logger":"LoginService","row":1,"phone":"xabay92980@keecs.com","msg":"OK: Notifications"}
{"level":30,"time":"02:36:37.294","logger":"LoginService","row":1,"phone":"xabay92980@keecs.com","msg":"OK: FeedHome_Page_1"}
{"level":30,"time":"02:36:45.120","logger":"LoginService","row":1,"phone":"xabay92980@keecs.com","msg":"OK: FeedHome_Page_2"}
{"level":30,"time":"02:36:48.979","logger":"LoginService","row":1,"phone":"xabay92980@keecs.com","msg":"OK: FeedHome_Page_3"}
{"level":30,"time":"02:36:53.273","logger":"LoginService","row":1,"phone":"xabay92980@keecs.com","msg":"OK: SurfHome"}
{"level":30,"time":"02:36:53.273","logger":"LoginService","itemsLength":0,"pagesScrolled":3,"msg":"DEBUG_FEEDHOME"}
{"level":30,"time":"02:37:00.614","logger":"LoginService","row":1,"phone":"xabay92980@keecs.com","msg":"OK: CreatePost"}
{"level":30,"time":"02:37:05.321","logger":"LoginService","row":1,"phone":"xabay92980@keecs.com","msg":"OK: BackgroundColor"}
{"level":30,"time":"02:37:08.004","logger":"LoginService","row":1,"phone":"xabay92980@keecs.com","msg":"OK: ReactionList"}
{"level":30,"time":"02:37:15.621","logger":"LoginService","row":1,"phone":"xabay92980@keecs.com","msg":"OK: GetReceivedFriendRequests"}
{"level":40,"time":"02:37:19.792","logger":"LoginService","row":1,"phone":"xabay92980@keecs.com","error":{"message":"Đã có lỗi xảy ra, vui lòng thử lại.","data":""},"status":500,"msg":"MISSION_ERROR_IGNORED: GetFriendSuggests"}
{"level":30,"time":"02:37:19.792","logger":"LoginService","row":1,"phone":"xabay92980@keecs.com","msg":"BOT_MISSIONS_COMPLETE"}
{"level":30,"time":"02:37:19.793","logger":"LoginService","msg":"LOGIN summary: success=1 alreadyOk=2 relogin=0 fail=0"}
{"level":30,"time":"02:38:06.386","logger":"LoginService","msg":"Starting login flow for accounts..."}
{"level":30,"time":"02:38:06.386","logger":"LoginService","phone":"xabay92980@keecs.com","msg":"Đã chạy đủ 2 lần trong ngày. Bỏ qua nick.","msg":"DAILY_LIMIT_REACHED"}
{"level":30,"time":"02:38:06.386","logger":"LoginService","phone":"yivamag857@him6.com","msg":"Đã chạy đủ 2 lần trong ngày. Bỏ qua nick.","msg":"DAILY_LIMIT_REACHED"}
{"level":30,"time":"02:38:06.386","logger":"LoginService","msg":"LOGIN summary: success=0 alreadyOk=2 relogin=0 fail=0"}
{"level":30,"time":"03:07:06.737","logger":"LoginService","msg":"Starting login flow for accounts..."}
{"level":30,"time":"03:07:06.737","logger":"LoginService","proxy":"http://94.176.3.43:7443","msg":"WORKER_INITIALIZED_WITH_PROXY"}
{"level":30,"time":"03:07:06.738","logger":"LoginService","row":1,"phone":"xabay92980@keecs.com","password":"***len=9","msg":"ACCOUNT_START"}
{"level":30,"time":"03:07:06.740","logger":"LoginService","row":1,"phone":"xabay92980@keecs.com","accessToken":"eyJraWQi...yOv34w","refreshToken":"eyJraWQi...8r3psg","msg":"TOKENS_FOUND"}
{"level":30,"time":"03:07:06.741","logger":"LoginService","proxy":"http://94.176.3.43:7443","msg":"WORKER_INITIALIZED_WITH_PROXY"}
{"level":30,"time":"03:07:06.741","logger":"LoginService","row":2,"phone":"yivamag857@him6.com","password":"***len=9","msg":"ACCOUNT_START"}
{"level":30,"time":"03:07:06.743","logger":"LoginService","row":2,"phone":"yivamag857@him6.com","accessToken":"eyJraWQi...vkWetw","refreshToken":"eyJraWQi...BZVzoQ","msg":"TOKENS_FOUND"}
{"level":30,"time":"03:07:09.371","logger":"LoginService","row":1,"phone":"xabay92980@keecs.com","reason":"REFRESH_FAIL","msg":"SESSION_ME_CHECK_FAILED"}
{"level":30,"time":"03:07:09.680","logger":"LoginService","row":2,"phone":"yivamag857@him6.com","reason":"REFRESH_FAIL","msg":"SESSION_ME_CHECK_FAILED"}
{"level":30,"time":"03:07:13.589","logger":"LoginService","row":2,"phone":"yivamag857@him6.com","me":{"id":8646911284551533000,"firstName":"Hoang","lastName":"To","userName":"hoangto.1772770640568936351","isOfficial":false,"isVerified":false,"totpEnabled":false,"avatar":"","cover":"","email":"yivamag857@him6.com","phone":"","nationalId":"","dateOfBirth":"2008-02-02","hometown":"","publicKey":"","keyVersion":0,"gender":"MALE","ericWalletId":"0","location":{"lat":"","lon":"","source":""},"tier":"ERIC","privacy":"PUBLIC","educationLevel":"NONE","schoolName":"","workplace":"","placeOfResidence":"","maritalStatus":"NONE","friendshipStatus":"NONE","intro":"","totalFriends":0,"ericBalance":"0"},"msg":"LOGIN_OK_ME_OK"}
{"level":30,"time":"03:07:13.589","logger":"LoginService","row":2,"phone":"yivamag857@him6.com","msg":"BOT_MISSIONS_START"}
{"level":30,"time":"03:07:14.607","logger":"LoginService","row":1,"phone":"xabay92980@keecs.com","me":{"id":4035225266124144600,"firstName":"le","lastName":"bach","userName":"lebach.1772691588671376887","isOfficial":false,"isVerified":false,"totpEnabled":false,"avatar":"","cover":"","email":"xabay92980@keecs.com","phone":"","nationalId":"","dateOfBirth":"2008-02-02","hometown":"","publicKey":"","keyVersion":0,"gender":"MALE","ericWalletId":"0","location":{"lat":"","lon":"","source":""},"tier":"ERIC","privacy":"PUBLIC","educationLevel":"NONE","schoolName":"","workplace":"","placeOfResidence":"","maritalStatus":"NONE","friendshipStatus":"NONE","intro":"","totalFriends":0,"ericBalance":"0"},"msg":"LOGIN_OK_ME_OK"}
{"level":30,"time":"03:07:14.607","logger":"LoginService","row":1,"phone":"xabay92980@keecs.com","msg":"BOT_MISSIONS_START"}
{"level":30,"time":"03:07:15.625","logger":"LoginService","row":2,"phone":"yivamag857@him6.com","msg":"OK: ProfileMe"}
{"level":30,"time":"03:07:16.950","logger":"LoginService","row":1,"phone":"xabay92980@keecs.com","msg":"OK: ProfileMe"}
{"level":30,"time":"03:07:19.215","logger":"LoginService","row":2,"phone":"yivamag857@him6.com","msg":"OK: Missions"}
{"level":30,"time":"03:07:20.771","logger":"LoginService","row":1,"phone":"xabay92980@keecs.com","msg":"OK: Missions"}
{"level":30,"time":"03:07:21.211","logger":"LoginService","row":2,"phone":"yivamag857@him6.com","msg":"OK: MyFriends"}
{"level":30,"time":"03:07:22.429","logger":"LoginService","row":2,"phone":"yivamag857@him6.com","msg":"OK: Notifications"}
{"level":50,"time":"03:07:27.440","logger":"LoginService","row":1,"phone":"xabay92980@keecs.com","error":"read ECONNRESET","msg":"MISSION_ERROR: MyFriends"}
{"level":50,"time":"03:07:27.476","logger":"LoginService","row":2,"phone":"yivamag857@him6.com","error":"read ECONNRESET","msg":"MISSION_ERROR: FeedHome_Page_1"}
{"level":30,"time":"03:07:30.001","logger":"LoginService","row":1,"phone":"xabay92980@keecs.com","oldProxy":"http://94.176.3.43:7443","newProxy":"http://194.213.18.200:443","msg":"PROXY_SWITCHED"}
{"level":30,"time":"03:07:34.457","logger":"LoginService","row":2,"phone":"yivamag857@him6.com","oldProxy":"http://94.176.3.43:7443","newProxy":"http://194.213.18.200:443","msg":"PROXY_SWITCHED"}
{"level":30,"time":"03:07:34.492","logger":"LoginService","row":1,"phone":"xabay92980@keecs.com","msg":"OK: MyFriends (retry)"}
{"level":30,"time":"03:07:37.084","logger":"LoginService","row":1,"phone":"xabay92980@keecs.com","msg":"OK: Notifications"}
{"level":30,"time":"03:07:41.852","logger":"LoginService","row":2,"phone":"yivamag857@him6.com","msg":"OK: FeedHome_Page_1 (retry)"}
{"level":30,"time":"03:07:43.605","logger":"LoginService","row":1,"phone":"xabay92980@keecs.com","msg":"OK: FeedHome_Page_1"}
{"level":30,"time":"03:07:46.863","logger":"LoginService","row":2,"phone":"yivamag857@him6.com","msg":"OK: FeedHome_Page_2"}
{"level":30,"time":"03:07:47.091","logger":"LoginService","row":1,"phone":"xabay92980@keecs.com","msg":"OK: FeedHome_Page_2"}
{"level":30,"time":"03:07:50.029","logger":"LoginService","row":2,"phone":"yivamag857@him6.com","msg":"OK: FeedHome_Page_3"}
{"level":30,"time":"03:07:51.559","logger":"LoginService","row":1,"phone":"xabay92980@keecs.com","msg":"OK: FeedHome_Page_3"}
{"level":30,"time":"03:07:53.048","logger":"LoginService","row":2,"phone":"yivamag857@him6.com","msg":"OK: SurfHome"}
{"level":30,"time":"03:07:53.048","logger":"LoginService","itemsLength":0,"pagesScrolled":3,"msg":"DEBUG_FEEDHOME"}
{"level":30,"time":"03:07:54.087","logger":"LoginService","row":1,"phone":"xabay92980@keecs.com","msg":"OK: SurfHome"}
{"level":30,"time":"03:07:54.087","logger":"LoginService","itemsLength":0,"pagesScrolled":3,"msg":"DEBUG_FEEDHOME"}
{"level":30,"time":"03:07:56.315","logger":"LoginService","row":1,"phone":"xabay92980@keecs.com","msg":"OK: CreatePost"}
{"level":30,"time":"03:07:56.748","logger":"LoginService","row":2,"phone":"yivamag857@him6.com","msg":"OK: CreatePost"}
{"level":30,"time":"03:07:58.655","logger":"LoginService","row":1,"phone":"xabay92980@keecs.com","msg":"OK: BackgroundColor"}
{"level":30,"time":"03:07:58.962","logger":"LoginService","row":2,"phone":"yivamag857@him6.com","msg":"OK: BackgroundColor"}
{"level":30,"time":"03:08:00.505","logger":"LoginService","row":2,"phone":"yivamag857@him6.com","msg":"OK: ReactionList"}
{"level":30,"time":"03:08:01.144","logger":"LoginService","row":1,"phone":"xabay92980@keecs.com","msg":"OK: ReactionList"}
{"level":30,"time":"03:08:02.804","logger":"LoginService","row":1,"phone":"xabay92980@keecs.com","msg":"OK: GetReceivedFriendRequests"}
{"level":30,"time":"03:08:03.011","logger":"LoginService","row":2,"phone":"yivamag857@him6.com","msg":"OK: GetReceivedFriendRequests"}
{"level":40,"time":"03:08:05.327","logger":"LoginService","row":2,"phone":"yivamag857@him6.com","error":{"message":"Đã có lỗi xảy ra, vui lòng thử lại.","data":""},"status":500,"msg":"MISSION_ERROR_IGNORED: GetFriendSuggests"}
{"level":30,"time":"03:08:05.327","logger":"LoginService","row":2,"phone":"yivamag857@him6.com","msg":"BOT_MISSIONS_COMPLETE"}
{"level":40,"time":"03:08:05.454","logger":"LoginService","row":1,"phone":"xabay92980@keecs.com","error":{"message":"Đã có lỗi xảy ra, vui lòng thử lại.","data":""},"status":500,"msg":"MISSION_ERROR_IGNORED: GetFriendSuggests"}
{"level":30,"time":"03:08:05.455","logger":"LoginService","row":1,"phone":"xabay92980@keecs.com","msg":"BOT_MISSIONS_COMPLETE"}
{"level":30,"time":"03:08:05.481","logger":"LoginService","msg":"LOGIN summary: success=2 alreadyOk=0 relogin=2 fail=0"}
{"level":30,"time":"03:09:05.511","logger":"LoginService","msg":"Starting login flow for accounts..."}
{"level":30,"time":"03:09:05.512","logger":"LoginService","proxy":"http://194.213.18.200:443","msg":"WORKER_INITIALIZED_WITH_PROXY"}
{"level":30,"time":"03:09:05.512","logger":"LoginService","row":1,"phone":"xabay92980@keecs.com","password":"***len=9","msg":"ACCOUNT_START"}
{"level":30,"time":"03:09:05.515","logger":"LoginService","row":1,"phone":"xabay92980@keecs.com","accessToken":"eyJraWQi...LjqxFA","refreshToken":"eyJraWQi...OqD6_g","msg":"TOKENS_FOUND"}
{"level":30,"time":"03:09:05.516","logger":"LoginService","proxy":"http://194.213.18.200:443","msg":"WORKER_INITIALIZED_WITH_PROXY"}
{"level":30,"time":"03:09:05.516","logger":"LoginService","row":2,"phone":"yivamag857@him6.com","password":"***len=9","msg":"ACCOUNT_START"}
{"level":30,"time":"03:09:05.518","logger":"LoginService","row":2,"phone":"yivamag857@him6.com","accessToken":"eyJraWQi...bNzMvg","refreshToken":"eyJraWQi...cG56Iw","msg":"TOKENS_FOUND"}
{"level":30,"time":"03:09:07.580","logger":"LoginService","row":1,"phone":"xabay92980@keecs.com","me":{"id":4035225266124144600,"firstName":"le","lastName":"bach","userName":"lebach.1772691588671376887","isOfficial":false,"isVerified":false,"totpEnabled":false,"avatar":"","cover":"","email":"xabay92980@keecs.com","phone":"","nationalId":"","dateOfBirth":"2008-02-02","hometown":"","publicKey":"","keyVersion":0,"gender":"MALE","ericWalletId":"0","location":{"lat":"","lon":"","source":""},"tier":"ERIC","privacy":"PUBLIC","educationLevel":"NONE","schoolName":"","workplace":"","placeOfResidence":"","maritalStatus":"NONE","friendshipStatus":"NONE","intro":"","totalFriends":0,"ericBalance":"0"},"msg":"SESSION_OK"}
{"level":30,"time":"03:09:07.581","logger":"LoginService","row":1,"phone":"xabay92980@keecs.com","msg":"BOT_MISSIONS_START"}
{"level":30,"time":"03:09:07.800","logger":"LoginService","row":2,"phone":"yivamag857@him6.com","me":{"id":8646911284551533000,"firstName":"Hoang","lastName":"To","userName":"hoangto.1772770640568936351","isOfficial":false,"isVerified":false,"totpEnabled":false,"avatar":"","cover":"","email":"yivamag857@him6.com","phone":"","nationalId":"","dateOfBirth":"2008-02-02","hometown":"","publicKey":"","keyVersion":0,"gender":"MALE","ericWalletId":"0","location":{"lat":"","lon":"","source":""},"tier":"ERIC","privacy":"PUBLIC","educationLevel":"NONE","schoolName":"","workplace":"","placeOfResidence":"","maritalStatus":"NONE","friendshipStatus":"NONE","intro":"","totalFriends":0,"ericBalance":"0"},"msg":"SESSION_OK"}
{"level":30,"time":"03:09:07.801","logger":"LoginService","row":2,"phone":"yivamag857@him6.com","msg":"BOT_MISSIONS_START"}
{"level":30,"time":"03:09:08.882","logger":"LoginService","row":1,"phone":"xabay92980@keecs.com","msg":"OK: ProfileMe"}
{"level":30,"time":"03:09:09.712","logger":"LoginService","row":2,"phone":"yivamag857@him6.com","msg":"OK: ProfileMe"}
{"level":30,"time":"03:09:10.675","logger":"LoginService","row":1,"phone":"xabay92980@keecs.com","msg":"OK: Missions"}
{"level":30,"time":"03:09:11.476","logger":"LoginService","row":2,"phone":"yivamag857@him6.com","msg":"OK: Missions"}
{"level":30,"time":"03:09:12.685","logger":"LoginService","row":1,"phone":"xabay92980@keecs.com","msg":"OK: MyFriends"}
{"level":30,"time":"03:09:12.784","logger":"LoginService","row":2,"phone":"yivamag857@him6.com","msg":"OK: MyFriends"}
{"level":30,"time":"03:09:14.307","logger":"LoginService","row":1,"phone":"xabay92980@keecs.com","msg":"OK: Notifications"}
{"level":30,"time":"03:09:14.603","logger":"LoginService","row":2,"phone":"yivamag857@him6.com","msg":"OK: Notifications"}
{"level":30,"time":"03:09:17.875","logger":"LoginService","row":1,"phone":"xabay92980@keecs.com","msg":"OK: FeedHome_Page_1"}
{"level":30,"time":"03:09:18.292","logger":"LoginService","row":2,"phone":"yivamag857@him6.com","msg":"OK: FeedHome_Page_1"}
{"level":30,"time":"03:09:20.437","logger":"LoginService","row":1,"phone":"xabay92980@keecs.com","msg":"OK: FeedHome_Page_2"}
{"level":30,"time":"03:09:21.831","logger":"LoginService","row":2,"phone":"yivamag857@him6.com","msg":"OK: FeedHome_Page_2"}
{"level":30,"time":"03:09:23.944","logger":"LoginService","row":1,"phone":"xabay92980@keecs.com","msg":"OK: FeedHome_Page_3"}
{"level":30,"time":"03:09:24.852","logger":"LoginService","row":2,"phone":"yivamag857@him6.com","msg":"OK: FeedHome_Page_3"}
{"level":30,"time":"03:09:25.331","logger":"LoginService","row":1,"phone":"xabay92980@keecs.com","msg":"OK: SurfHome"}
{"level":30,"time":"03:09:25.331","logger":"LoginService","itemsLength":0,"pagesScrolled":3,"msg":"DEBUG_FEEDHOME"}
{"level":30,"time":"03:09:26.271","logger":"LoginService","row":2,"phone":"yivamag857@him6.com","msg":"OK: SurfHome"}
{"level":30,"time":"03:09:26.271","logger":"LoginService","itemsLength":0,"pagesScrolled":3,"msg":"DEBUG_FEEDHOME"}
{"level":30,"time":"03:09:26.780","logger":"LoginService","row":1,"phone":"xabay92980@keecs.com","msg":"OK: CreatePost"}
{"level":30,"time":"03:09:27.745","logger":"LoginService","row":2,"phone":"yivamag857@him6.com","msg":"OK: CreatePost"}
{"level":30,"time":"03:09:28.186","logger":"LoginService","row":1,"phone":"xabay92980@keecs.com","msg":"OK: BackgroundColor"}
{"level":30,"time":"03:09:29.041","logger":"LoginService","row":2,"phone":"yivamag857@him6.com","msg":"OK: BackgroundColor"}
{"level":30,"time":"03:09:29.531","logger":"LoginService","row":1,"phone":"xabay92980@keecs.com","msg":"OK: ReactionList"}
{"level":30,"time":"03:09:30.388","logger":"LoginService","row":2,"phone":"yivamag857@him6.com","msg":"OK: ReactionList"}
{"level":30,"time":"03:09:30.864","logger":"LoginService","row":1,"phone":"xabay92980@keecs.com","msg":"OK: GetReceivedFriendRequests"}
{"level":30,"time":"03:09:31.763","logger":"LoginService","row":2,"phone":"yivamag857@him6.com","msg":"OK: GetReceivedFriendRequests"}
{"level":40,"time":"03:09:32.226","logger":"LoginService","row":1,"phone":"xabay92980@keecs.com","error":{"message":"Đã có lỗi xảy ra, vui lòng thử lại.","data":""},"status":500,"msg":"MISSION_ERROR_IGNORED: GetFriendSuggests"}
{"level":30,"time":"03:09:32.227","logger":"LoginService","row":1,"phone":"xabay92980@keecs.com","msg":"BOT_MISSIONS_COMPLETE"}
{"level":40,"time":"03:09:33.213","logger":"LoginService","row":2,"phone":"yivamag857@him6.com","error":{"message":"Đã có lỗi xảy ra, vui lòng thử lại.","data":""},"status":500,"msg":"MISSION_ERROR_IGNORED: GetFriendSuggests"}
{"level":30,"time":"03:09:33.213","logger":"LoginService","row":2,"phone":"yivamag857@him6.com","msg":"BOT_MISSIONS_COMPLETE"}
{"level":30,"time":"03:09:33.233","logger":"LoginService","msg":"LOGIN summary: success=2 alreadyOk=2 relogin=0 fail=0"}
{"level":30,"time":"03:10:05.514","logger":"LoginService","msg":"Starting login flow for accounts..."}
{"level":30,"time":"03:10:05.515","logger":"LoginService","msg":"LOGIN summary: success=0 alreadyOk=0 relogin=0 fail=0"}
