{"level":20,"time":"01:59:14.824","logger":"LoginService","config":{"KONG_URL":"https://social.eric.pro.vn","INTERVAL_MS":60000,"RUN_ONCE":false,"PROXY_REQUIRED":true,"AUTO_FETCH_OTP":true,"AUTO_RESEND":true,"OTP_TIMEOUT_MS":30000,"OTP_POLL_MS":300,"OTP_VERIFY_RETRY":5,"VERIFY_WINDOW_MS":10000,"RESEND_WINDOW_MS":10000,"MAX_RESEND":2,"OTP_DEBUG_PATH_REDIS":"/auth/debug/redis-otp","LOG_LEVEL":"debug","LOG_VERBOSE":false,"UPSTASH_REDIS_REST_URL":"","UPSTASH_REDIS_REST_TOKEN":""},"msg":"Service_CONFIG"}
{"level":20,"time":"01:59:14.825","logger":"LoginService","reason":"startup","msg":"JOB_START"}
{"level":20,"time":"01:59:14.850","logger":"LoginService","msg":"Loaded 2 accounts from database."}
{"level":30,"time":"01:59:14.850","logger":"LoginService","msg":"Starting login flow for accounts..."}
{"level":20,"time":"01:59:14.850","logger":"LoginService","accounts":2,"msg":"ACCOUNTS_LOADED"}
{"level":30,"time":"01:59:14.851","logger":"LoginService","row":1,"phone":"76560dee3b4d@drmail.in","password":"***len=9","msg":"ACCOUNT_START"}
{"level":30,"time":"01:59:14.854","logger":"LoginService","row":2,"phone":"5ba62e5ee2d9@drmail.in","password":"***len=9","msg":"ACCOUNT_START"}
{"level":30,"time":"01:59:16.999","logger":"LoginService","row":1,"phone":"76560dee3b4d@drmail.in","proxy":"http://121.126.185.63:25152","msg":"PROXY_ATTACHED"}
{"level":30,"time":"01:59:16.999","logger":"LoginService","row":2,"phone":"5ba62e5ee2d9@drmail.in","proxy":"http://121.126.185.63:25152","msg":"PROXY_ATTACHED"}
{"level":20,"time":"01:59:17.021","logger":"LoginService","phone":"76560dee3b4d@drmail.in","msg":"REFRESHING"}
{"level":20,"time":"01:59:17.037","logger":"LoginService","phone":"5ba62e5ee2d9@drmail.in","msg":"REFRESHING"}
{"level":30,"time":"01:59:25.616","logger":"LoginService","phone":"5ba62e5ee2d9@drmail.in","deviceId":"C4A8F1D7-9B2E-4D35-A7C1-0F6B3E2D9A5C","userAgent":"ERIC/1.0.0 (iOS; 18.6.2; iPhone 16 Plus)","access":{"present":true,"validJwt":true,"sub":"trongphuong.1773997437362226225","id":4611686018427598000,"clientType":"mobile","deviceId":"C4A8F1D7-9B2E-4D35-A7C1-0F6B3E2D9A5C","iat":1774231164,"exp":1774232064},"refresh":{"present":true,"validJwt":true,"sub":"trongphuong.1773997437362226225","id":4611686018427598000,"clientType":"mobile","deviceId":"C4A8F1D7-9B2E-4D35-A7C1-0F6B3E2D9A5C","iat":1774231164,"exp":1774835964},"msg":"LOGIN_PASS_TOKEN_SUMMARY"}
{"level":20,"time":"01:59:25.616","logger":"LoginService","msg":"LOGIN_PASS_SUCCESS"}
{"level":30,"time":"01:59:25.641","logger":"LoginService","phone":"5ba62e5ee2d9@drmail.in","deviceId":"C4A8F1D7-9B2E-4D35-A7C1-0F6B3E2D9A5C","userAgent":"ERIC/1.0.0 (iOS; 18.6.2; iPhone 16 Plus)","access":{"present":true,"validJwt":true,"sub":"trongphuong.1773997437362226225","id":4611686018427598000,"clientType":"mobile","deviceId":"C4A8F1D7-9B2E-4D35-A7C1-0F6B3E2D9A5C","iat":1774231164,"exp":1774232064},"msg":"GET_ME_TOKEN_SUMMARY"}
{"level":30,"time":"01:59:30.252","logger":"LoginService","row":2,"phone":"5ba62e5ee2d9@drmail.in","msg":"BOT_MISSIONS_START"}
{"level":30,"time":"01:59:31.376","logger":"LoginService","phone":"76560dee3b4d@drmail.in","deviceId":"F2A7D9C1-6E3B-4D84-8A1F-9B5C2E7D0A4F","userAgent":"ERIC/1.2.0 (Android; 13; Oppo Find X6)","access":{"present":true,"validJwt":true,"sub":"congthang.1773995997109213261","id":2882303761517327400,"clientType":"mobile","deviceId":"F2A7D9C1-6E3B-4D84-8A1F-9B5C2E7D0A4F","iat":1774231170,"exp":1774232070},"refresh":{"present":true,"validJwt":true,"sub":"congthang.1773995997109213261","id":2882303761517327400,"clientType":"mobile","deviceId":"F2A7D9C1-6E3B-4D84-8A1F-9B5C2E7D0A4F","iat":1774231170,"exp":1774835970},"msg":"LOGIN_PASS_TOKEN_SUMMARY"}
{"level":20,"time":"01:59:31.376","logger":"LoginService","msg":"LOGIN_PASS_SUCCESS"}
{"level":30,"time":"01:59:31.398","logger":"LoginService","phone":"76560dee3b4d@drmail.in","deviceId":"F2A7D9C1-6E3B-4D84-8A1F-9B5C2E7D0A4F","userAgent":"ERIC/1.2.0 (Android; 13; Oppo Find X6)","access":{"present":true,"validJwt":true,"sub":"congthang.1773995997109213261","id":2882303761517327400,"clientType":"mobile","deviceId":"F2A7D9C1-6E3B-4D84-8A1F-9B5C2E7D0A4F","iat":1774231170,"exp":1774232070},"msg":"GET_ME_TOKEN_SUMMARY"}
{"level":30,"time":"01:59:33.591","logger":"LoginService","row":2,"phone":"5ba62e5ee2d9@drmail.in","msg":"OK: ProfileMe"}
{"level":50,"time":"01:59:34.924","logger":"LoginService","row":2,"phone":"5ba62e5ee2d9@drmail.in","detail":"<!DOCTYPE HTML PUBLIC \"-//W3C//DTD HTML 4.01 Transitional//EN\" \"http://www.w3.org/TR/html4/loose.dtd\">\n<HTML><HEAD><META HTTP-EQUIV=\"Content-Type\" CONTENT=\"text/html; charset=iso-8859-1\">\n<TITLE>ERROR: The requested URL could not be retrieved</TITLE>\n<STYLE type=\"text/css\"><!--BODY{background-color:#ffffff;font-family:verdana,sans-serif}PRE{font-family:sans-serif}--></STYLE>\n</HEAD><BODY>\n<H1>ERROR</H1>\n<H2>The requested URL could not be retrieved</H2>\n<HR noshade size=\"1px\">\n<P>\nWhile trying to retrieve the URL:\n<A HREF=\"social.eric.pro.vn:443\">social.eric.pro.vn:443</A>\n<P>\nThe following error was encountered:\n<UL>\n<LI>\n<STRONG>\nSocket Failure\n</STRONG>\n</UL>\n\n<P>\nThe system returned:\n<PRE><I>    (98) Address already in use</I></PRE>\n\n<P>\nSquid is unable to create a TCP socket, presumably due to excessive load.\nPlease retry your request.\n<P>Your cache administrator is <A HREF=\"mailto:webmaster\">webmaster</A>. \n\n<BR clear=\"all\">\n<HR noshade size=\"1px\">\n<ADDRESS>\nGenerated Mon, 23 Mar 2026 01:55:39 GMT by hlaps-ss00082 (squid/2.6.STABLE24)\n</ADDRESS>\n</BODY></HTML>\n","backendRaw":"<!DOCTYPE HTML PUBLIC \"-//W3C//DTD HTML 4.01 Transitional//EN\" \"http://www.w3.org/TR/html4/loose.dtd\">\n<HTML><HEAD><META HTTP-EQUIV=\"Content-Type\" CONTENT=\"text/html; charset=iso-8859-1\">\n<TITLE>ERROR: The requested URL could not be retrieved</TITLE>\n<STYLE type=\"text/css\"><!--BODY{background-color:#ffffff;font-family:verdana,sans-serif}PRE{font-family:sans-serif}--></STYLE>\n</HEAD><BODY>\n<H1>ERROR</H1>\n<H2>The requested URL could not be retrieved</H2>\n<HR noshade size=\"1px\">\n<P>\nWhile trying to retrieve the URL:\n<A HREF=\"social.eric.pro.vn:443\">social.eric.pro.vn:443</A>\n<P>\nThe following error was encountered:\n<UL>\n<LI>\n<STRONG>\nSocket Failure\n</STRONG>\n</UL>\n\n<P>\nThe system returned:\n<PRE><I>    (98) Address already in use</I></PRE>\n\n<P>\nSquid is unable to create a TCP socket, presumably due to excessive load.\nPlease retry your request.\n<P>Your cache administrator is <A HREF=\"mailto:webmaster\">webmaster</A>. \n\n<BR clear=\"all\">\n<HR noshade size=\"1px\">\n<ADDRESS>\nGenerated Mon, 23 Mar 2026 01:55:39 GMT by hlaps-ss00082 (squid/2.6.STABLE24)\n</ADDRESS>\n</BODY></HTML>\n","failedUrl":"https://social.eric.pro.vn/api/missions/current-user","msg":"MISSION_FAILED (500): Missions"}
{"level":50,"time":"01:59:34.925","logger":"LoginService","row":2,"phone":"5ba62e5ee2d9@drmail.in","err":"Request failed with status code 500","msg":"MISSIONS_SYSTEM_ERROR"}
{"level":50,"time":"01:59:34.925","logger":"LoginService","row":2,"phone":"5ba62e5ee2d9@drmail.in","err":"Request failed with status code 500","msg":"RUN_MISSIONS_FATAL_ERROR"}
{"level":50,"time":"01:59:34.925","logger":"LoginService","row":2,"phone":"5ba62e5ee2d9@drmail.in","err":"Request failed with status code 500","msg":"ATTEMPT_RUN_PROCESS_ERROR"}
{"level":30,"time":"01:59:36.351","logger":"LoginService","row":1,"phone":"76560dee3b4d@drmail.in","msg":"BOT_MISSIONS_START"}
{"level":30,"time":"01:59:38.519","logger":"LoginService","row":1,"phone":"76560dee3b4d@drmail.in","msg":"OK: ProfileMe"}
{"level":30,"time":"01:59:42.670","logger":"LoginService","row":1,"phone":"76560dee3b4d@drmail.in","msg":"OK: Missions"}
{"level":30,"time":"01:59:47.908","logger":"LoginService","row":1,"phone":"76560dee3b4d@drmail.in","msg":"OK: MyFriends"}
{"level":30,"time":"01:59:53.366","logger":"LoginService","row":1,"phone":"76560dee3b4d@drmail.in","msg":"OK: Notifications"}
{"level":30,"time":"01:59:53.366","logger":"LoginService","row":1,"phone":"76560dee3b4d@drmail.in","reactionCodes":["LIKE"],"msg":"REACTION_CODES_READY"}
{"level":30,"time":"01:59:56.268","logger":"LoginService","row":1,"phone":"76560dee3b4d@drmail.in","msg":"OK: FeedHome_Page_1"}
{"level":30,"time":"02:00:06.761","logger":"LoginService","row":1,"phone":"76560dee3b4d@drmail.in","msg":"OK: FeedHome_Page_2"}
{"level":30,"time":"02:00:10.587","logger":"LoginService","row":1,"phone":"76560dee3b4d@drmail.in","msg":"OK: FeedHome_Page_3"}
{"level":30,"time":"02:00:12.832","logger":"LoginService","row":1,"phone":"76560dee3b4d@drmail.in","msg":"OK: SurfHome"}
{"level":30,"time":"02:00:12.833","logger":"LoginService","itemsLength":30,"pagesScrolled":3,"msg":"DEBUG_FEEDHOME"}
{"level":30,"time":"02:00:12.833","logger":"LoginService","row":1,"phone":"76560dee3b4d@drmail.in","parsedItemCount":5,"msg":"MISSION_ACTION_DEPENDENT_START"}
{"level":40,"time":"02:00:16.604","logger":"LoginService","row":1,"phone":"76560dee3b4d@drmail.in","detail":"[object]","backendMessage":"Thả cảm xúc không thành công","backendRaw":"{\"isSucceed\":false,\"message\":\"Thả cảm xúc không thành công\",\"data\":null}","failedUrl":"https://social.eric.pro.vn/api/posts/reaction/send","msg":"MISSION_IGNORED (400): PostReaction_293980617782210560"}
{"level":30,"time":"02:00:19.441","logger":"LoginService","row":1,"phone":"76560dee3b4d@drmail.in","msg":"OK: PostShare_293980617782210560"}
{"level":30,"time":"02:00:23.244","logger":"LoginService","row":1,"phone":"76560dee3b4d@drmail.in","msg":"OK: PostReaction_293951272955031552"}
{"level":30,"time":"02:00:28.358","logger":"LoginService","row":1,"phone":"76560dee3b4d@drmail.in","msg":"OK: PostShare_293951272955031552"}
{"level":40,"time":"02:00:34.310","logger":"LoginService","row":1,"phone":"76560dee3b4d@drmail.in","detail":"[object]","backendMessage":"Thả cảm xúc không thành công","backendRaw":"{\"isSucceed\":false,\"message\":\"Thả cảm xúc không thành công\",\"data\":null}","failedUrl":"https://social.eric.pro.vn/api/posts/reaction/send","msg":"MISSION_IGNORED (400): PostReaction_279876456451026944"}
{"level":30,"time":"02:00:37.025","logger":"LoginService","row":1,"phone":"76560dee3b4d@drmail.in","msg":"OK: PostShare_279876456451026944"}
{"level":40,"time":"02:00:44.685","logger":"LoginService","row":1,"phone":"76560dee3b4d@drmail.in","detail":"[object]","backendMessage":"Thả cảm xúc không thành công","backendRaw":"{\"isSucceed\":false,\"message\":\"Thả cảm xúc không thành công\",\"data\":null}","failedUrl":"https://social.eric.pro.vn/api/posts/reaction/send","msg":"MISSION_IGNORED (400): PostReaction_293990896305844224"}
{"level":30,"time":"02:00:51.506","logger":"LoginService","row":1,"phone":"76560dee3b4d@drmail.in","msg":"OK: PostShare_293990896305844224"}
{"level":40,"time":"02:00:54.249","logger":"LoginService","row":1,"phone":"76560dee3b4d@drmail.in","detail":"[object]","backendMessage":"Thả cảm xúc không thành công","backendRaw":"{\"isSucceed\":false,\"message\":\"Thả cảm xúc không thành công\",\"data\":null}","failedUrl":"https://social.eric.pro.vn/api/posts/reaction/send","msg":"MISSION_IGNORED (400): PostReaction_293949855603240960"}
{"level":30,"time":"02:00:57.542","logger":"LoginService","row":1,"phone":"76560dee3b4d@drmail.in","msg":"OK: PostShare_293949855603240960"}
{"level":30,"time":"02:00:57.561","logger":"LoginService","row":1,"phone":"76560dee3b4d@drmail.in","videoId":570,"source":"https://www.tiktok.com/@caocuongvu/video/7614714396903820552","attempt":1,"msg":"VIDEO_POST_START"}
{"level":30,"time":"02:01:07.471","logger":"LoginService","row":1,"phone":"76560dee3b4d@drmail.in","postId":"294289423904944128","msg":"VIDEO_POST_ID_GENERATED"}
{"level":30,"time":"02:01:07.472","logger":"LoginService","row":1,"phone":"76560dee3b4d@drmail.in","postId":"294289423904944128","fileName":"tt_raw_7614714396903820552_compressed.mp4","fileSizeBytes":4197316,"thumbnailFileName":"tt_raw_7614714396903820552_compressed.jpg","uploadMode":"presigned+complete","width":406,"height":720,"duration":50.166667,"msg":"VIDEO_UPLOAD_REQUEST_PREPARED"}
{"level":30,"time":"02:01:14.967","logger":"LoginService","row":1,"phone":"76560dee3b4d@drmail.in","filePath":"tt_raw_7614714396903820552_compressed.jpg","uploadAttempt":"post-multipart-file","msg":"VIDEO_THUMBNAIL_S3_UPLOAD_SUCCESS"}
{"level":30,"time":"02:01:27.125","logger":"LoginService","row":1,"phone":"76560dee3b4d@drmail.in","filePath":"tt_raw_7614714396903820552_compressed.mp4","uploadAttempt":"post-multipart-file","msg":"VIDEO_FILE_S3_UPLOAD_SUCCESS"}
{"level":30,"time":"02:01:27.127","logger":"LoginService","row":1,"phone":"76560dee3b4d@drmail.in","postId":"294289423904944128","msg":"VIDEO_POST_COMPLETE_REQUEST"}
{"level":30,"time":"02:01:30.572","logger":"LoginService","row":1,"phone":"76560dee3b4d@drmail.in","postId":"294289423904944128","status":201,"msg":"VIDEO_POST_COMPLETE_RESPONSE"}
{"level":30,"time":"02:01:30.613","logger":"LoginService","videoId":570,"msg":"SOURCE_VIDEO_DELETED_AFTER_MAX_POSTS"}
{"level":30,"time":"02:01:30.613","logger":"LoginService","row":1,"phone":"76560dee3b4d@drmail.in","msg":"OK: CreateVideoPost"}
{"level":30,"time":"02:01:30.628","logger":"LoginService","row":1,"phone":"76560dee3b4d@drmail.in","videoId":572,"source":"https://www.tiktok.com/@caocuongvu/video/7613978805119585553","attempt":1,"msg":"SURF_VIDEO_START"}
{"level":30,"time":"02:01:34.057","logger":"LoginService","row":1,"phone":"76560dee3b4d@drmail.in","surfId":"294289531459481600","msg":"SURF_ID_GENERATED"}
{"level":30,"time":"02:01:39.615","logger":"LoginService","row":1,"phone":"76560dee3b4d@drmail.in","filePath":"df0cfc7b-c186-4a67-a343-44f761d13cdb.jpg","objectRef":"eric/20260323/294289531459481600/origin/df0cfc7b-c186-4a67-a343-44f761d13cdb.jpg","uploadAttempt":"post-multipart-file","msg":"SURF_THUMBNAIL_S3_UPLOAD_SUCCESS"}
{"level":30,"time":"02:01:45.140","logger":"LoginService","row":1,"phone":"76560dee3b4d@drmail.in","filePath":"tt_raw_7613978805119585553_compressed.mp4","objectRef":"eric/20260323/294289531459481600/origin/df0cfc7b-c186-4a67-a343-44f761d13cdb.mp4","uploadAttempt":"post-multipart-file","msg":"SURF_VIDEO_S3_UPLOAD_SUCCESS"}
{"level":30,"time":"02:01:45.142","logger":"LoginService","row":1,"phone":"76560dee3b4d@drmail.in","surfId":"294289531459481600","uploadRefs":{"thumbnailObjectRef":"eric/20260323/294289531459481600/origin/df0cfc7b-c186-4a67-a343-44f761d13cdb.jpg","videoObjectRef":"eric/20260323/294289531459481600/origin/df0cfc7b-c186-4a67-a343-44f761d13cdb.mp4","thumbnailFileName":"df0cfc7b-c186-4a67-a343-44f761d13cdb.jpg","videoFileName":"df0cfc7b-c186-4a67-a343-44f761d13cdb.mp4"},"msg":"SURF_COMPLETE_REQUEST"}
{"level":30,"time":"02:01:51.432","logger":"LoginService","row":1,"phone":"76560dee3b4d@drmail.in","surfId":"294289531459481600","status":201,"msg":"SURF_COMPLETE_RESPONSE"}
{"level":30,"time":"02:01:51.459","logger":"LoginService","row":1,"phone":"76560dee3b4d@drmail.in","msg":"OK: CreateSurf"}
{"level":30,"time":"02:01:57.036","logger":"LoginService","row":1,"phone":"76560dee3b4d@drmail.in","msg":"OK: BackgroundColor"}
{"level":30,"time":"02:02:04.340","logger":"LoginService","row":1,"phone":"76560dee3b4d@drmail.in","msg":"OK: ReactionList"}
{"level":30,"time":"02:02:13.074","logger":"LoginService","row":1,"phone":"76560dee3b4d@drmail.in","msg":"OK: GetReceivedFriendRequests"}
{"level":30,"time":"02:02:13.092","logger":"LoginService","row":1,"phone":"76560dee3b4d@drmail.in","msg":"NO_INTERNAL_FRIEND_TARGETS"}
{"level":30,"time":"02:02:13.092","logger":"LoginService","row":1,"phone":"76560dee3b4d@drmail.in","msg":"BOT_MISSIONS_COMPLETE"}
{"level":20,"time":"02:02:13.106","logger":"LoginService","summary":{"success":1,"alreadyOk":0,"relogin":1,"fail":1,"accounts":2},"msg":"JOB_SUMMARY"}
{"level":20,"time":"02:02:13.106","logger":"LoginService","summary":{"success":1,"alreadyOk":0,"relogin":1,"fail":1,"accounts":2},"msg":"JOB_DONE"}
{"level":30,"time":"02:02:13.106","logger":"LoginService","msg":"LOGIN summary: success=1 alreadyOk=0 relogin=1 fail=1"}
