{"level":30,"time":"02:00:49.463","logger":"LoginService","msg":"Starting login flow for accounts..."}
{"level":30,"time":"02:00:49.464","logger":"LoginService","msg":"WORKER_INITIALIZED_DIRECT_NO_PROXY"}
{"level":30,"time":"02:00:49.464","logger":"LoginService","row":1,"phone":"xabay92980@keecs.com","password":"***len=9","msg":"ACCOUNT_START"}
{"level":30,"time":"02:00:49.466","logger":"LoginService","row":1,"phone":"xabay92980@keecs.com","accessToken":"eyJraWQi...LjqxFA","refreshToken":"eyJraWQi...OqD6_g","msg":"TOKENS_FOUND"}
{"level":30,"time":"02:00:49.468","logger":"LoginService","msg":"WORKER_INITIALIZED_DIRECT_NO_PROXY"}
{"level":30,"time":"02:00:49.468","logger":"LoginService","row":2,"phone":"yivamag857@him6.com","password":"***len=9","msg":"ACCOUNT_START"}
{"level":30,"time":"02:00:49.469","logger":"LoginService","row":2,"phone":"yivamag857@him6.com","accessToken":"eyJraWQi...bNzMvg","refreshToken":"eyJraWQi...cG56Iw","msg":"TOKENS_FOUND"}
{"level":30,"time":"02:00:50.038","logger":"LoginService","row":2,"phone":"yivamag857@him6.com","reason":"REFRESH_FAIL","msg":"SESSION_ME_CHECK_FAILED"}
{"level":30,"time":"02:00:50.043","logger":"LoginService","row":1,"phone":"xabay92980@keecs.com","reason":"REFRESH_FAIL","msg":"SESSION_ME_CHECK_FAILED"}
{"level":30,"time":"02:00:50.745","logger":"LoginService","row":2,"phone":"yivamag857@him6.com","me":{"id":8646911284551533000,"firstName":"Hoang","lastName":"To","userName":"hoangto.1772770640568936351","isOfficial":false,"isVerified":false,"totpEnabled":false,"avatar":"","cover":"","email":"yivamag857@him6.com","phone":"","nationalId":"","dateOfBirth":"2008-02-02","hometown":"","publicKey":"","keyVersion":0,"gender":"MALE","ericWalletId":"0","location":{"lat":"","lon":"","source":""},"tier":"ERIC","privacy":"PUBLIC","educationLevel":"NONE","schoolName":"","workplace":"","placeOfResidence":"","maritalStatus":"NONE","friendshipStatus":"NONE","intro":"","totalFriends":0,"ericBalance":"0"},"msg":"LOGIN_OK_ME_OK"}
{"level":30,"time":"02:00:50.745","logger":"LoginService","row":2,"phone":"yivamag857@him6.com","msg":"BOT_MISSIONS_START"}
{"level":30,"time":"02:00:50.756","logger":"LoginService","row":1,"phone":"xabay92980@keecs.com","me":{"id":4035225266124144600,"firstName":"le","lastName":"bach","userName":"lebach.1772691588671376887","isOfficial":false,"isVerified":false,"totpEnabled":false,"avatar":"","cover":"","email":"xabay92980@keecs.com","phone":"","nationalId":"","dateOfBirth":"2008-02-02","hometown":"","publicKey":"","keyVersion":0,"gender":"MALE","ericWalletId":"0","location":{"lat":"","lon":"","source":""},"tier":"ERIC","privacy":"PUBLIC","educationLevel":"NONE","schoolName":"","workplace":"","placeOfResidence":"","maritalStatus":"NONE","friendshipStatus":"NONE","intro":"","totalFriends":0,"ericBalance":"0"},"msg":"LOGIN_OK_ME_OK"}
{"level":30,"time":"02:00:50.757","logger":"LoginService","row":1,"phone":"xabay92980@keecs.com","msg":"BOT_MISSIONS_START"}
{"level":30,"time":"02:00:50.903","logger":"LoginService","row":2,"phone":"yivamag857@him6.com","msg":"OK: ProfileMe"}
{"level":30,"time":"02:00:50.923","logger":"LoginService","row":1,"phone":"xabay92980@keecs.com","msg":"OK: ProfileMe"}
{"level":30,"time":"02:00:51.219","logger":"LoginService","row":2,"phone":"yivamag857@him6.com","msg":"OK: Missions"}
{"level":30,"time":"02:00:51.228","logger":"LoginService","row":1,"phone":"xabay92980@keecs.com","msg":"OK: Missions"}
{"level":30,"time":"02:00:51.458","logger":"LoginService","row":2,"phone":"yivamag857@him6.com","msg":"OK: MyFriends"}
{"level":30,"time":"02:00:51.479","logger":"LoginService","row":1,"phone":"xabay92980@keecs.com","msg":"OK: MyFriends"}
{"level":30,"time":"02:00:51.618","logger":"LoginService","row":2,"phone":"yivamag857@him6.com","msg":"OK: Notifications"}
{"level":30,"time":"02:00:51.665","logger":"LoginService","row":1,"phone":"xabay92980@keecs.com","msg":"OK: Notifications"}
{"level":30,"time":"02:00:57.844","logger":"LoginService","row":2,"phone":"yivamag857@him6.com","msg":"OK: FeedHome_Page_1"}
{"level":30,"time":"02:00:57.856","logger":"LoginService","row":1,"phone":"xabay92980@keecs.com","msg":"OK: FeedHome_Page_1"}
{"level":30,"time":"02:00:59.498","logger":"LoginService","row":2,"phone":"yivamag857@him6.com","msg":"OK: FeedHome_Page_2"}
{"level":30,"time":"02:00:59.987","logger":"LoginService","row":1,"phone":"xabay92980@keecs.com","msg":"OK: FeedHome_Page_2"}
{"level":30,"time":"02:01:01.427","logger":"LoginService","row":2,"phone":"yivamag857@him6.com","msg":"OK: FeedHome_Page_3"}
{"level":30,"time":"02:01:02.427","logger":"LoginService","row":1,"phone":"xabay92980@keecs.com","msg":"OK: FeedHome_Page_3"}
{"level":30,"time":"02:01:03.265","logger":"LoginService","row":2,"phone":"yivamag857@him6.com","msg":"OK: SurfHome"}
{"level":30,"time":"02:01:03.265","logger":"LoginService","itemsLength":0,"pagesScrolled":3,"msg":"DEBUG_FEEDHOME"}
{"level":30,"time":"02:01:03.429","logger":"LoginService","row":1,"phone":"xabay92980@keecs.com","msg":"OK: SurfHome"}
{"level":30,"time":"02:01:03.429","logger":"LoginService","itemsLength":0,"pagesScrolled":3,"msg":"DEBUG_FEEDHOME"}
{"level":30,"time":"02:01:05.705","logger":"LoginService","row":1,"phone":"xabay92980@keecs.com","msg":"OK: CreatePost"}
{"level":30,"time":"02:01:05.716","logger":"LoginService","row":2,"phone":"yivamag857@him6.com","msg":"OK: CreatePost"}
{"level":30,"time":"02:01:05.855","logger":"LoginService","row":1,"phone":"xabay92980@keecs.com","msg":"OK: BackgroundColor"}
{"level":30,"time":"02:01:05.862","logger":"LoginService","row":2,"phone":"yivamag857@him6.com","msg":"OK: BackgroundColor"}
{"level":30,"time":"02:01:06.000","logger":"LoginService","row":1,"phone":"xabay92980@keecs.com","msg":"OK: ReactionList"}
{"level":30,"time":"02:01:06.011","logger":"LoginService","row":2,"phone":"yivamag857@him6.com","msg":"OK: ReactionList"}
{"level":30,"time":"02:01:07.728","logger":"LoginService","row":1,"phone":"xabay92980@keecs.com","msg":"OK: GetReceivedFriendRequests"}
{"level":30,"time":"02:01:07.782","logger":"LoginService","row":2,"phone":"yivamag857@him6.com","msg":"OK: GetReceivedFriendRequests"}
{"level":40,"time":"02:01:08.128","logger":"LoginService","row":1,"phone":"xabay92980@keecs.com","error":{"message":"Đã có lỗi xảy ra, vui lòng thử lại.","data":""},"status":500,"msg":"MISSION_ERROR_IGNORED: GetFriendSuggests"}
{"level":30,"time":"02:01:08.128","logger":"LoginService","row":1,"phone":"xabay92980@keecs.com","msg":"BOT_MISSIONS_COMPLETE"}
{"level":40,"time":"02:01:08.134","logger":"LoginService","row":2,"phone":"yivamag857@him6.com","error":{"message":"Đã có lỗi xảy ra, vui lòng thử lại.","data":""},"status":500,"msg":"MISSION_ERROR_IGNORED: GetFriendSuggests"}
{"level":30,"time":"02:01:08.135","logger":"LoginService","row":2,"phone":"yivamag857@him6.com","msg":"BOT_MISSIONS_COMPLETE"}
{"level":30,"time":"02:01:08.152","logger":"LoginService","msg":"LOGIN summary: success=2 alreadyOk=0 relogin=2 fail=0"}
{"level":30,"time":"02:02:59.701","logger":"LoginService","msg":"Starting login flow for accounts..."}
{"level":30,"time":"02:02:59.702","logger":"LoginService","proxy":"http://200.174.198.32:8888","msg":"WORKER_INITIALIZED_WITH_PROXY"}
{"level":30,"time":"02:02:59.702","logger":"LoginService","row":1,"phone":"xabay92980@keecs.com","password":"***len=9","msg":"ACCOUNT_START"}
{"level":30,"time":"02:02:59.704","logger":"LoginService","row":1,"phone":"xabay92980@keecs.com","accessToken":"eyJraWQi...I4m2PA","refreshToken":"eyJraWQi...ZqjCQA","msg":"TOKENS_FOUND"}
{"level":30,"time":"02:02:59.705","logger":"LoginService","proxy":"http://200.174.198.32:8888","msg":"WORKER_INITIALIZED_WITH_PROXY"}
{"level":30,"time":"02:02:59.705","logger":"LoginService","row":2,"phone":"yivamag857@him6.com","password":"***len=9","msg":"ACCOUNT_START"}
{"level":30,"time":"02:02:59.706","logger":"LoginService","row":2,"phone":"yivamag857@him6.com","accessToken":"eyJraWQi...feL-HQ","refreshToken":"eyJraWQi...UXeUlQ","msg":"TOKENS_FOUND"}
{"level":30,"time":"02:03:02.908","logger":"LoginService","row":1,"phone":"xabay92980@keecs.com","me":{"id":4035225266124144600,"firstName":"le","lastName":"bach","userName":"lebach.1772691588671376887","isOfficial":false,"isVerified":false,"totpEnabled":false,"avatar":"","cover":"","email":"xabay92980@keecs.com","phone":"","nationalId":"","dateOfBirth":"2008-02-02","hometown":"","publicKey":"","keyVersion":0,"gender":"MALE","ericWalletId":"0","location":{"lat":"","lon":"","source":""},"tier":"ERIC","privacy":"PUBLIC","educationLevel":"NONE","schoolName":"","workplace":"","placeOfResidence":"","maritalStatus":"NONE","friendshipStatus":"NONE","intro":"","totalFriends":0,"ericBalance":"0"},"msg":"SESSION_OK"}
{"level":30,"time":"02:03:02.909","logger":"LoginService","row":1,"phone":"xabay92980@keecs.com","msg":"BOT_MISSIONS_START"}
{"level":30,"time":"02:03:03.200","logger":"LoginService","row":2,"phone":"yivamag857@him6.com","me":{"id":8646911284551533000,"firstName":"Hoang","lastName":"To","userName":"hoangto.1772770640568936351","isOfficial":false,"isVerified":false,"totpEnabled":false,"avatar":"","cover":"","email":"yivamag857@him6.com","phone":"","nationalId":"","dateOfBirth":"2008-02-02","hometown":"","publicKey":"","keyVersion":0,"gender":"MALE","ericWalletId":"0","location":{"lat":"","lon":"","source":""},"tier":"ERIC","privacy":"PUBLIC","educationLevel":"NONE","schoolName":"","workplace":"","placeOfResidence":"","maritalStatus":"NONE","friendshipStatus":"NONE","intro":"","totalFriends":0,"ericBalance":"0"},"msg":"SESSION_OK"}
{"level":30,"time":"02:03:03.200","logger":"LoginService","row":2,"phone":"yivamag857@him6.com","msg":"BOT_MISSIONS_START"}
{"level":30,"time":"02:03:06.734","logger":"LoginService","row":2,"phone":"yivamag857@him6.com","msg":"OK: ProfileMe"}
{"level":30,"time":"02:03:12.997","logger":"LoginService","row":1,"phone":"xabay92980@keecs.com","msg":"OK: ProfileMe"}
{"level":30,"time":"02:03:14.252","logger":"LoginService","row":2,"phone":"yivamag857@him6.com","msg":"OK: Missions"}
{"level":30,"time":"02:03:17.747","logger":"LoginService","row":1,"phone":"xabay92980@keecs.com","msg":"OK: Missions"}
{"level":30,"time":"02:03:23.067","logger":"LoginService","row":2,"phone":"yivamag857@him6.com","msg":"OK: MyFriends"}
{"level":30,"time":"02:03:27.847","logger":"LoginService","row":1,"phone":"xabay92980@keecs.com","msg":"OK: MyFriends"}
{"level":30,"time":"02:03:29.606","logger":"LoginService","row":2,"phone":"yivamag857@him6.com","msg":"OK: Notifications"}
{"level":30,"time":"02:03:33.770","logger":"LoginService","row":1,"phone":"xabay92980@keecs.com","msg":"OK: Notifications"}
{"level":30,"time":"02:03:41.517","logger":"LoginService","row":2,"phone":"yivamag857@him6.com","msg":"OK: FeedHome_Page_1"}
{"level":30,"time":"02:03:45.099","logger":"LoginService","row":1,"phone":"xabay92980@keecs.com","msg":"OK: FeedHome_Page_1"}
{"level":30,"time":"02:03:49.790","logger":"LoginService","row":2,"phone":"yivamag857@him6.com","msg":"OK: FeedHome_Page_2"}
{"level":30,"time":"02:03:53.005","logger":"LoginService","row":1,"phone":"xabay92980@keecs.com","msg":"OK: FeedHome_Page_2"}
{"level":30,"time":"02:03:56.551","logger":"LoginService","row":2,"phone":"yivamag857@him6.com","msg":"OK: FeedHome_Page_3"}
{"level":30,"time":"02:04:00.095","logger":"LoginService","row":1,"phone":"xabay92980@keecs.com","msg":"OK: FeedHome_Page_3"}
{"level":30,"time":"02:04:03.654","logger":"LoginService","row":2,"phone":"yivamag857@him6.com","msg":"OK: SurfHome"}
{"level":30,"time":"02:04:03.654","logger":"LoginService","itemsLength":0,"pagesScrolled":3,"msg":"DEBUG_FEEDHOME"}
{"level":30,"time":"02:04:05.824","logger":"LoginService","row":1,"phone":"xabay92980@keecs.com","msg":"OK: SurfHome"}
{"level":30,"time":"02:04:05.824","logger":"LoginService","itemsLength":0,"pagesScrolled":3,"msg":"DEBUG_FEEDHOME"}
{"level":30,"time":"02:04:06.840","logger":"LoginService","row":2,"phone":"yivamag857@him6.com","msg":"OK: CreatePost"}
{"level":30,"time":"02:04:09.898","logger":"LoginService","row":1,"phone":"xabay92980@keecs.com","msg":"OK: CreatePost"}
{"level":30,"time":"02:04:12.897","logger":"LoginService","row":2,"phone":"yivamag857@him6.com","msg":"OK: BackgroundColor"}
{"level":30,"time":"02:04:17.037","logger":"LoginService","row":2,"phone":"yivamag857@him6.com","msg":"OK: ReactionList"}
{"level":30,"time":"02:04:17.967","logger":"LoginService","row":1,"phone":"xabay92980@keecs.com","msg":"OK: BackgroundColor"}
{"level":30,"time":"02:04:24.021","logger":"LoginService","row":1,"phone":"xabay92980@keecs.com","msg":"OK: ReactionList"}
{"level":30,"time":"02:04:27.691","logger":"LoginService","row":1,"phone":"xabay92980@keecs.com","msg":"OK: GetReceivedFriendRequests"}
{"level":30,"time":"02:04:28.897","logger":"LoginService","row":2,"phone":"yivamag857@him6.com","msg":"OK: GetReceivedFriendRequests"}
{"level":40,"time":"02:04:38.117","logger":"LoginService","row":2,"phone":"yivamag857@him6.com","error":{"message":"Đã có lỗi xảy ra, vui lòng thử lại.","data":""},"status":500,"msg":"MISSION_ERROR_IGNORED: GetFriendSuggests"}
{"level":30,"time":"02:04:38.117","logger":"LoginService","row":2,"phone":"yivamag857@him6.com","msg":"BOT_MISSIONS_COMPLETE"}
{"level":40,"time":"02:04:40.093","logger":"LoginService","row":1,"phone":"xabay92980@keecs.com","error":{"message":"Đã có lỗi xảy ra, vui lòng thử lại.","data":""},"status":500,"msg":"MISSION_ERROR_IGNORED: GetFriendSuggests"}
{"level":30,"time":"02:04:40.093","logger":"LoginService","row":1,"phone":"xabay92980@keecs.com","msg":"BOT_MISSIONS_COMPLETE"}
{"level":30,"time":"02:04:40.120","logger":"LoginService","msg":"LOGIN summary: success=2 alreadyOk=2 relogin=0 fail=0"}
