{"level":30,"time":"02:36:58.848","logger":"LoginService","msg":"Starting login flow for accounts..."}
{"level":30,"time":"02:36:58.849","logger":"LoginService","msg":"WORKER_INITIALIZED_DIRECT_NO_PROXY"}
{"level":30,"time":"02:36:58.849","logger":"LoginService","row":1,"phone":"xabay92980@keecs.com","password":"***len=9","msg":"ACCOUNT_START"}
{"level":30,"time":"02:36:58.852","logger":"LoginService","row":1,"phone":"xabay92980@keecs.com","accessToken":"eyJraWQi...IvJi6A","refreshToken":"eyJraWQi...rdargA","msg":"TOKENS_FOUND"}
{"level":30,"time":"02:36:58.852","logger":"LoginService","msg":"WORKER_INITIALIZED_DIRECT_NO_PROXY"}
{"level":30,"time":"02:36:58.853","logger":"LoginService","row":2,"phone":"yivamag857@him6.com","password":"***len=9","msg":"ACCOUNT_START"}
{"level":30,"time":"02:36:58.854","logger":"LoginService","row":2,"phone":"yivamag857@him6.com","accessToken":"eyJraWQi...QwkgXQ","refreshToken":"eyJraWQi...d0SWUQ","msg":"TOKENS_FOUND"}
{"level":30,"time":"02:36:59.321","logger":"LoginService","row":2,"phone":"yivamag857@him6.com","me":{"id":8646911284551533000,"firstName":"Hoang","lastName":"To","userName":"hoangto.1772770640568936351","isOfficial":false,"isVerified":false,"totpEnabled":false,"avatar":"","cover":"","email":"yivamag857@him6.com","phone":"","nationalId":"","dateOfBirth":"2008-02-02","hometown":"","publicKey":"","keyVersion":0,"gender":"MALE","ericWalletId":"0","location":{"lat":"","lon":"","source":""},"tier":"ERIC","privacy":"PUBLIC","educationLevel":"NONE","schoolName":"","workplace":"","placeOfResidence":"","maritalStatus":"NONE","friendshipStatus":"NONE","intro":"","totalFriends":2,"ericBalance":"0"},"msg":"SESSION_OK"}
{"level":30,"time":"02:36:59.322","logger":"LoginService","row":2,"phone":"yivamag857@him6.com","msg":"BOT_MISSIONS_START"}
{"level":30,"time":"02:36:59.366","logger":"LoginService","row":1,"phone":"xabay92980@keecs.com","me":{"id":4035225266124144600,"firstName":"le","lastName":"bach","userName":"lebach.1772691588671376887","isOfficial":false,"isVerified":false,"totpEnabled":false,"avatar":"","cover":"","email":"xabay92980@keecs.com","phone":"","nationalId":"","dateOfBirth":"2008-02-02","hometown":"","publicKey":"","keyVersion":0,"gender":"MALE","ericWalletId":"0","location":{"lat":"","lon":"","source":""},"tier":"ERIC","privacy":"PUBLIC","educationLevel":"NONE","schoolName":"","workplace":"","placeOfResidence":"","maritalStatus":"NONE","friendshipStatus":"NONE","intro":"","totalFriends":0,"ericBalance":"0"},"msg":"SESSION_OK"}
{"level":30,"time":"02:36:59.366","logger":"LoginService","row":1,"phone":"xabay92980@keecs.com","msg":"BOT_MISSIONS_START"}
{"level":30,"time":"02:36:59.541","logger":"LoginService","row":1,"phone":"xabay92980@keecs.com","msg":"OK: ProfileMe"}
{"level":30,"time":"02:36:59.559","logger":"LoginService","row":2,"phone":"yivamag857@him6.com","msg":"OK: ProfileMe"}
{"level":30,"time":"02:36:59.753","logger":"LoginService","row":1,"phone":"xabay92980@keecs.com","msg":"OK: Missions"}
{"level":30,"time":"02:36:59.755","logger":"LoginService","row":2,"phone":"yivamag857@him6.com","msg":"OK: Missions"}
{"level":30,"time":"02:36:59.907","logger":"LoginService","row":1,"phone":"xabay92980@keecs.com","msg":"OK: MyFriends"}
{"level":30,"time":"02:36:59.928","logger":"LoginService","row":2,"phone":"yivamag857@him6.com","msg":"OK: MyFriends"}
{"level":30,"time":"02:37:00.046","logger":"LoginService","row":1,"phone":"xabay92980@keecs.com","msg":"OK: Notifications"}
{"level":30,"time":"02:37:00.104","logger":"LoginService","row":2,"phone":"yivamag857@him6.com","msg":"OK: Notifications"}
{"level":30,"time":"02:37:00.287","logger":"LoginService","row":2,"phone":"yivamag857@him6.com","msg":"OK: FeedHome_Page_1"}
{"level":30,"time":"02:37:00.358","logger":"LoginService","row":1,"phone":"xabay92980@keecs.com","msg":"OK: FeedHome_Page_1"}
{"level":30,"time":"02:37:01.651","logger":"LoginService","row":2,"phone":"yivamag857@him6.com","msg":"OK: FeedHome_Page_2"}
{"level":30,"time":"02:37:02.129","logger":"LoginService","row":1,"phone":"xabay92980@keecs.com","msg":"OK: FeedHome_Page_2"}
{"level":30,"time":"02:37:02.689","logger":"LoginService","row":2,"phone":"yivamag857@him6.com","msg":"OK: FeedHome_Page_3"}
{"level":30,"time":"02:37:02.868","logger":"LoginService","row":2,"phone":"yivamag857@him6.com","msg":"OK: SurfHome"}
{"level":30,"time":"02:37:02.868","logger":"LoginService","itemsLength":3,"pagesScrolled":3,"msg":"DEBUG_FEEDHOME"}
{"level":30,"time":"02:37:02.869","logger":"LoginService","row":2,"phone":"yivamag857@him6.com","parsedItemCount":3,"msg":"MISSION_ACTION_DEPENDENT_START"}
{"level":50,"time":"02:37:03.019","logger":"LoginService","row":2,"phone":"yivamag857@him6.com","error":"Request failed with status code 403","status":403,"msg":"MISSION_ERROR: PostReaction_290989096128622592"}
{"level":50,"time":"02:37:03.019","logger":"LoginService","row":2,"phone":"yivamag857@him6.com","err":"Request failed with status code 403","msg":"MISSIONS_SYSTEM_ERROR"}
{"level":50,"time":"02:37:03.019","logger":"LoginService","row":2,"phone":"yivamag857@him6.com","err":"Request failed with status code 403","msg":"MISSIONS_ABORTED"}
{"level":50,"time":"02:37:03.019","logger":"LoginService","row":2,"phone":"yivamag857@him6.com","err":"Request failed with status code 403","msg":"ACCOUNT_PROCESS_ERROR"}
{"level":30,"time":"02:37:04.363","logger":"LoginService","row":1,"phone":"xabay92980@keecs.com","msg":"OK: FeedHome_Page_3"}
{"level":30,"time":"02:37:04.579","logger":"LoginService","row":1,"phone":"xabay92980@keecs.com","msg":"OK: SurfHome"}
{"level":30,"time":"02:37:04.579","logger":"LoginService","itemsLength":0,"pagesScrolled":3,"msg":"DEBUG_FEEDHOME"}
{"level":30,"time":"02:37:04.828","logger":"LoginService","row":1,"phone":"xabay92980@keecs.com","msg":"OK: CreatePost"}
{"level":30,"time":"02:37:04.962","logger":"LoginService","row":1,"phone":"xabay92980@keecs.com","msg":"OK: BackgroundColor"}
{"level":30,"time":"02:37:05.091","logger":"LoginService","row":1,"phone":"xabay92980@keecs.com","msg":"OK: ReactionList"}
{"level":30,"time":"02:37:05.263","logger":"LoginService","row":1,"phone":"xabay92980@keecs.com","msg":"OK: GetReceivedFriendRequests"}
{"level":30,"time":"02:37:05.263","logger":"LoginService","row":1,"phone":"xabay92980@keecs.com","msg":"TRYING_KEYWORD: Tuấn (Attempt 1)"}
{"level":30,"time":"02:37:05.547","logger":"LoginService","row":1,"phone":"xabay92980@keecs.com","rawDataPreview":"{\"message\":\"Tìm kiếm ngươì dùng thành công\",\"data\":[{\"userId\":\"8070450532248078886\",\"firstName\":\"Bảo\",\"lastName\":\"Tuấn\",\"avatar\":\"https://cdn.eric.pro.vn/profile-bucket/eric/8070450532248078886/avatar/9261a918-e5a1-4ac5-8945-a41bfbd56f0c.jpg?X-Amz-Algorithm=AWS4-HMAC-SHA256&X-Amz-Date=20260312T08455","msg":"OK: searchUsers"}
{"level":30,"time":"02:37:05.852","logger":"LoginService","row":1,"phone":"xabay92980@keecs.com","msg":"OK: SendFriendRequest_8070450532248078886"}
{"level":30,"time":"02:37:05.852","logger":"LoginService","row":1,"phone":"xabay92980@keecs.com","msg":"BOT_MISSIONS_COMPLETE"}
{"level":30,"time":"02:37:05.879","logger":"LoginService","msg":"LOGIN summary: success=1 alreadyOk=1 relogin=0 fail=1"}
{"level":30,"time":"02:39:57.927","logger":"LoginService","msg":"Starting login flow for accounts..."}
{"level":30,"time":"02:39:57.927","logger":"LoginService","msg":"WORKER_INITIALIZED_DIRECT_NO_PROXY"}
{"level":30,"time":"02:39:57.928","logger":"LoginService","row":1,"phone":"yivamag857@him6.com","password":"***len=9","msg":"ACCOUNT_START"}
{"level":30,"time":"02:39:57.930","logger":"LoginService","row":1,"phone":"yivamag857@him6.com","accessToken":"eyJraWQi...QwkgXQ","refreshToken":"eyJraWQi...d0SWUQ","msg":"TOKENS_FOUND"}
{"level":30,"time":"02:39:58.365","logger":"LoginService","row":1,"phone":"yivamag857@him6.com","me":{"id":8646911284551533000,"firstName":"Hoang","lastName":"To","userName":"hoangto.1772770640568936351","isOfficial":false,"isVerified":false,"totpEnabled":false,"avatar":"","cover":"","email":"yivamag857@him6.com","phone":"","nationalId":"","dateOfBirth":"2008-02-02","hometown":"","publicKey":"","keyVersion":0,"gender":"MALE","ericWalletId":"0","location":{"lat":"","lon":"","source":""},"tier":"ERIC","privacy":"PUBLIC","educationLevel":"NONE","schoolName":"","workplace":"","placeOfResidence":"","maritalStatus":"NONE","friendshipStatus":"NONE","intro":"","totalFriends":2,"ericBalance":"0"},"msg":"SESSION_OK"}
{"level":30,"time":"02:39:58.366","logger":"LoginService","row":1,"phone":"yivamag857@him6.com","msg":"BOT_MISSIONS_START"}
{"level":30,"time":"02:39:58.608","logger":"LoginService","row":1,"phone":"yivamag857@him6.com","msg":"OK: ProfileMe"}
{"level":30,"time":"02:39:58.900","logger":"LoginService","row":1,"phone":"yivamag857@him6.com","msg":"OK: Missions"}
{"level":30,"time":"02:39:59.105","logger":"LoginService","row":1,"phone":"yivamag857@him6.com","msg":"OK: MyFriends"}
{"level":30,"time":"02:39:59.257","logger":"LoginService","row":1,"phone":"yivamag857@him6.com","msg":"OK: Notifications"}
{"level":30,"time":"02:39:59.484","logger":"LoginService","row":1,"phone":"yivamag857@him6.com","msg":"OK: FeedHome_Page_1"}
{"level":30,"time":"02:40:01.701","logger":"LoginService","row":1,"phone":"yivamag857@him6.com","msg":"OK: FeedHome_Page_2"}
{"level":30,"time":"02:40:03.616","logger":"LoginService","row":1,"phone":"yivamag857@him6.com","msg":"OK: FeedHome_Page_3"}
{"level":30,"time":"02:40:03.816","logger":"LoginService","row":1,"phone":"yivamag857@him6.com","msg":"OK: SurfHome"}
{"level":30,"time":"02:40:03.816","logger":"LoginService","itemsLength":3,"pagesScrolled":3,"msg":"DEBUG_FEEDHOME"}
{"level":30,"time":"02:40:03.816","logger":"LoginService","row":1,"phone":"yivamag857@him6.com","parsedItemCount":3,"msg":"MISSION_ACTION_DEPENDENT_START"}
{"level":50,"time":"02:40:05.080","logger":"LoginService","row":1,"phone":"yivamag857@him6.com","error":{"isSucceed":false,"message":"Yêu cầu không hợp lệ","data":null},"status":400,"msg":"MISSION_ERROR: PostReaction_291409804851818496"}
{"level":50,"time":"02:40:05.080","logger":"LoginService","row":1,"phone":"yivamag857@him6.com","err":"Request failed with status code 400","msg":"MISSIONS_SYSTEM_ERROR"}
{"level":50,"time":"02:40:05.080","logger":"LoginService","row":1,"phone":"yivamag857@him6.com","err":"Request failed with status code 400","msg":"MISSIONS_ABORTED"}
{"level":50,"time":"02:40:05.080","logger":"LoginService","row":1,"phone":"yivamag857@him6.com","err":{"type":"Object","message":"Yêu cầu không hợp lệ","stack":"","isSucceed":false,"data":null},"msg":"ACCOUNT_PROCESS_ERROR"}
{"level":30,"time":"02:40:05.080","logger":"LoginService","msg":"LOGIN summary: success=0 alreadyOk=0 relogin=0 fail=1"}
{"level":30,"time":"02:58:08.672","logger":"LoginService","msg":"Starting login flow for accounts..."}
{"level":30,"time":"02:58:08.672","logger":"LoginService","msg":"WORKER_INITIALIZED_DIRECT_NO_PROXY"}
{"level":30,"time":"02:58:08.673","logger":"LoginService","row":1,"phone":"yivamag857@him6.com","password":"***len=9","msg":"ACCOUNT_START"}
{"level":30,"time":"02:58:08.675","logger":"LoginService","row":1,"phone":"yivamag857@him6.com","accessToken":"eyJraWQi...QwkgXQ","refreshToken":"eyJraWQi...d0SWUQ","msg":"TOKENS_FOUND"}
{"level":30,"time":"02:58:09.101","logger":"LoginService","row":1,"phone":"yivamag857@him6.com","reason":"REFRESH_FAIL","msg":"SESSION_ME_CHECK_FAILED"}
{"level":30,"time":"02:58:09.683","logger":"LoginService","row":1,"phone":"yivamag857@him6.com","me":{"id":8646911284551533000,"firstName":"Hoang","lastName":"To","userName":"hoangto.1772770640568936351","isOfficial":false,"isVerified":false,"totpEnabled":false,"avatar":"","cover":"","email":"yivamag857@him6.com","phone":"","nationalId":"","dateOfBirth":"2008-02-02","hometown":"","publicKey":"","keyVersion":0,"gender":"MALE","ericWalletId":"0","location":{"lat":"","lon":"","source":""},"tier":"ERIC","privacy":"PUBLIC","educationLevel":"NONE","schoolName":"","workplace":"","placeOfResidence":"","maritalStatus":"NONE","friendshipStatus":"NONE","intro":"","totalFriends":2,"ericBalance":"0"},"msg":"LOGIN_OK_ME_OK"}
{"level":30,"time":"02:58:09.683","logger":"LoginService","row":1,"phone":"yivamag857@him6.com","msg":"BOT_MISSIONS_START"}
{"level":30,"time":"02:58:09.856","logger":"LoginService","row":1,"phone":"yivamag857@him6.com","msg":"OK: ProfileMe"}
{"level":30,"time":"02:58:10.082","logger":"LoginService","row":1,"phone":"yivamag857@him6.com","msg":"OK: Missions"}
{"level":30,"time":"02:58:10.283","logger":"LoginService","row":1,"phone":"yivamag857@him6.com","msg":"OK: MyFriends"}
{"level":30,"time":"02:58:10.483","logger":"LoginService","row":1,"phone":"yivamag857@him6.com","msg":"OK: Notifications"}
{"level":30,"time":"02:58:10.708","logger":"LoginService","row":1,"phone":"yivamag857@him6.com","msg":"OK: FeedHome_Page_1"}
{"level":30,"time":"02:58:12.787","logger":"LoginService","row":1,"phone":"yivamag857@him6.com","msg":"OK: FeedHome_Page_2"}
{"level":30,"time":"02:58:14.436","logger":"LoginService","row":1,"phone":"yivamag857@him6.com","msg":"OK: FeedHome_Page_3"}
{"level":30,"time":"02:58:14.632","logger":"LoginService","row":1,"phone":"yivamag857@him6.com","msg":"OK: SurfHome"}
{"level":30,"time":"02:58:14.632","logger":"LoginService","itemsLength":3,"pagesScrolled":3,"msg":"DEBUG_FEEDHOME"}
{"level":30,"time":"02:58:14.632","logger":"LoginService","row":1,"phone":"yivamag857@him6.com","parsedItemCount":3,"msg":"MISSION_ACTION_DEPENDENT_START"}
{"level":40,"time":"02:58:14.812","logger":"LoginService","row":1,"phone":"yivamag857@him6.com","error":{"isSucceed":false,"message":"Yêu cầu không hợp lệ","data":null},"msg":"MISSION_IGNORED (Status 400): PostReaction_279876456451026944"}
{"level":50,"time":"02:58:18.209","logger":"LoginService","row":1,"phone":"yivamag857@him6.com","error":{"isSucceed":false,"message":"Đã có lỗi xảy ra, vui lòng thử lại.","data":null},"status":500,"msg":"MISSION_ERROR: PostComment_279876456451026944"}
{"level":50,"time":"02:58:18.209","logger":"LoginService","row":1,"phone":"yivamag857@him6.com","err":"Request failed with status code 500","msg":"MISSIONS_SYSTEM_ERROR"}
{"level":50,"time":"02:58:18.210","logger":"LoginService","row":1,"phone":"yivamag857@him6.com","err":"Request failed with status code 500","msg":"MISSIONS_ABORTED"}
{"level":50,"time":"02:58:18.210","logger":"LoginService","row":1,"phone":"yivamag857@him6.com","err":{"type":"Object","message":"Đã có lỗi xảy ra, vui lòng thử lại.","stack":"","isSucceed":false,"data":null},"msg":"ACCOUNT_PROCESS_ERROR"}
{"level":30,"time":"02:58:18.210","logger":"LoginService","msg":"LOGIN summary: success=0 alreadyOk=0 relogin=0 fail=1"}
{"level":30,"time":"03:23:08.138","logger":"LoginService","msg":"Starting login flow for accounts..."}
{"level":30,"time":"03:23:08.138","logger":"LoginService","msg":"WORKER_INITIALIZED_DIRECT_NO_PROXY"}
{"level":30,"time":"03:23:08.140","logger":"LoginService","row":1,"phone":"xabay92980@keecs.com","password":"***len=9","msg":"ACCOUNT_START"}
{"level":30,"time":"03:23:08.142","logger":"LoginService","row":1,"phone":"xabay92980@keecs.com","accessToken":"eyJraWQi...IvJi6A","refreshToken":"eyJraWQi...rdargA","msg":"TOKENS_FOUND"}
{"level":30,"time":"03:23:08.143","logger":"LoginService","msg":"WORKER_INITIALIZED_DIRECT_NO_PROXY"}
{"level":30,"time":"03:23:08.144","logger":"LoginService","row":2,"phone":"yivamag857@him6.com","password":"***len=9","msg":"ACCOUNT_START"}
{"level":30,"time":"03:23:08.145","logger":"LoginService","row":2,"phone":"yivamag857@him6.com","accessToken":"eyJraWQi...lkeu4A","refreshToken":"eyJraWQi...O462tg","msg":"TOKENS_FOUND"}
{"level":30,"time":"03:23:08.596","logger":"LoginService","row":2,"phone":"yivamag857@him6.com","reason":"REFRESH_FAIL","msg":"SESSION_ME_CHECK_FAILED"}
{"level":30,"time":"03:23:08.627","logger":"LoginService","row":1,"phone":"xabay92980@keecs.com","reason":"REFRESH_FAIL","msg":"SESSION_ME_CHECK_FAILED"}
{"level":30,"time":"03:23:09.122","logger":"LoginService","row":2,"phone":"yivamag857@him6.com","me":{"id":8646911284551533000,"firstName":"Hoang","lastName":"To","userName":"hoangto.1772770640568936351","isOfficial":false,"isVerified":false,"totpEnabled":false,"avatar":"","cover":"","email":"yivamag857@him6.com","phone":"","nationalId":"","dateOfBirth":"2008-02-02","hometown":"","publicKey":"","keyVersion":0,"gender":"MALE","ericWalletId":"0","location":{"lat":"","lon":"","source":""},"tier":"ERIC","privacy":"PUBLIC","educationLevel":"NONE","schoolName":"","workplace":"","placeOfResidence":"","maritalStatus":"NONE","friendshipStatus":"NONE","intro":"","totalFriends":2,"ericBalance":"0"},"msg":"LOGIN_OK_ME_OK"}
{"level":30,"time":"03:23:09.122","logger":"LoginService","row":2,"phone":"yivamag857@him6.com","msg":"BOT_MISSIONS_START"}
{"level":30,"time":"03:23:09.257","logger":"LoginService","row":1,"phone":"xabay92980@keecs.com","me":{"id":4035225266124144600,"firstName":"le","lastName":"bach","userName":"lebach.1772691588671376887","isOfficial":false,"isVerified":false,"totpEnabled":false,"avatar":"","cover":"","email":"xabay92980@keecs.com","phone":"","nationalId":"","dateOfBirth":"2008-02-02","hometown":"","publicKey":"","keyVersion":0,"gender":"MALE","ericWalletId":"0","location":{"lat":"","lon":"","source":""},"tier":"ERIC","privacy":"PUBLIC","educationLevel":"NONE","schoolName":"","workplace":"","placeOfResidence":"","maritalStatus":"NONE","friendshipStatus":"NONE","intro":"","totalFriends":0,"ericBalance":"0"},"msg":"LOGIN_OK_ME_OK"}
{"level":30,"time":"03:23:09.257","logger":"LoginService","row":1,"phone":"xabay92980@keecs.com","msg":"BOT_MISSIONS_START"}
{"level":30,"time":"03:23:09.318","logger":"LoginService","row":2,"phone":"yivamag857@him6.com","msg":"OK: ProfileMe"}
{"level":30,"time":"03:23:09.505","logger":"LoginService","row":1,"phone":"xabay92980@keecs.com","msg":"OK: ProfileMe"}
{"level":30,"time":"03:23:09.618","logger":"LoginService","row":2,"phone":"yivamag857@him6.com","msg":"OK: Missions"}
{"level":30,"time":"03:23:09.678","logger":"LoginService","row":1,"phone":"xabay92980@keecs.com","msg":"OK: Missions"}
{"level":30,"time":"03:23:09.805","logger":"LoginService","row":2,"phone":"yivamag857@him6.com","msg":"OK: MyFriends"}
{"level":30,"time":"03:23:09.969","logger":"LoginService","row":2,"phone":"yivamag857@him6.com","msg":"OK: Notifications"}
{"level":30,"time":"03:23:10.000","logger":"LoginService","row":1,"phone":"xabay92980@keecs.com","msg":"OK: MyFriends"}
{"level":30,"time":"03:23:10.189","logger":"LoginService","row":1,"phone":"xabay92980@keecs.com","msg":"OK: Notifications"}
{"level":30,"time":"03:23:10.249","logger":"LoginService","row":2,"phone":"yivamag857@him6.com","msg":"OK: FeedHome_Page_1"}
{"level":30,"time":"03:23:11.233","logger":"LoginService","row":1,"phone":"xabay92980@keecs.com","msg":"OK: FeedHome_Page_1"}
{"level":30,"time":"03:23:12.227","logger":"LoginService","row":2,"phone":"yivamag857@him6.com","msg":"OK: FeedHome_Page_2"}
{"level":30,"time":"03:23:12.306","logger":"LoginService","row":1,"phone":"xabay92980@keecs.com","msg":"OK: FeedHome_Page_2"}
{"level":30,"time":"03:23:13.684","logger":"LoginService","row":2,"phone":"yivamag857@him6.com","msg":"OK: FeedHome_Page_3"}
{"level":30,"time":"03:23:13.843","logger":"LoginService","row":2,"phone":"yivamag857@him6.com","msg":"OK: SurfHome"}
{"level":30,"time":"03:23:13.843","logger":"LoginService","itemsLength":3,"pagesScrolled":3,"msg":"DEBUG_FEEDHOME"}
{"level":30,"time":"03:23:13.843","logger":"LoginService","row":2,"phone":"yivamag857@him6.com","parsedItemCount":3,"msg":"MISSION_ACTION_DEPENDENT_START"}
{"level":30,"time":"03:23:13.984","logger":"LoginService","row":1,"phone":"xabay92980@keecs.com","msg":"OK: FeedHome_Page_3"}
{"level":30,"time":"03:23:14.047","logger":"LoginService","row":2,"phone":"yivamag857@him6.com","msg":"OK: PostReaction_291409804851818496"}
{"level":30,"time":"03:23:14.135","logger":"LoginService","row":1,"phone":"xabay92980@keecs.com","msg":"OK: SurfHome"}
{"level":30,"time":"03:23:14.135","logger":"LoginService","itemsLength":0,"pagesScrolled":3,"msg":"DEBUG_FEEDHOME"}
{"level":30,"time":"03:23:14.312","logger":"LoginService","row":1,"phone":"xabay92980@keecs.com","msg":"OK: CreatePost"}
{"level":50,"time":"03:23:14.374","logger":"LoginService","row":2,"phone":"yivamag857@him6.com","error":{"isSucceed":false,"message":"Đã có lỗi xảy ra, vui lòng thử lại.","data":null},"status":500,"msg":"MISSION_ERROR: PostComment_291409804851818496"}
{"level":50,"time":"03:23:14.374","logger":"LoginService","row":2,"phone":"yivamag857@him6.com","err":"Request failed with status code 500","msg":"MISSIONS_SYSTEM_ERROR"}
{"level":50,"time":"03:23:14.374","logger":"LoginService","row":2,"phone":"yivamag857@him6.com","err":"Request failed with status code 500","msg":"MISSIONS_ABORTED"}
{"level":50,"time":"03:23:14.375","logger":"LoginService","row":2,"phone":"yivamag857@him6.com","err":{"type":"Object","message":"Đã có lỗi xảy ra, vui lòng thử lại.","stack":"","isSucceed":false,"data":null},"msg":"ACCOUNT_PROCESS_ERROR"}
{"level":30,"time":"03:23:14.461","logger":"LoginService","row":1,"phone":"xabay92980@keecs.com","msg":"OK: BackgroundColor"}
{"level":30,"time":"03:23:14.591","logger":"LoginService","row":1,"phone":"xabay92980@keecs.com","msg":"OK: ReactionList"}
{"level":30,"time":"03:23:14.786","logger":"LoginService","row":1,"phone":"xabay92980@keecs.com","msg":"OK: GetReceivedFriendRequests"}
{"level":30,"time":"03:23:14.786","logger":"LoginService","row":1,"phone":"xabay92980@keecs.com","msg":"TRYING_KEYWORD: Huyền (Attempt 1)"}
{"level":30,"time":"03:23:17.003","logger":"LoginService","row":1,"phone":"xabay92980@keecs.com","msg":"TRYING_KEYWORD: Vy (Attempt 2)"}
{"level":30,"time":"03:23:18.711","logger":"LoginService","row":1,"phone":"xabay92980@keecs.com","msg":"TRYING_KEYWORD: Minh (Attempt 3)"}
{"level":30,"time":"03:23:19.550","logger":"LoginService","row":1,"phone":"xabay92980@keecs.com","rawDataPreview":"{\"message\":\"Tìm kiếm ngươì dùng thành công\",\"data\":[{\"userId\":\"3746994889972402691\",\"firstName\":\"test Hiếu 1\",\"lastName\":\"Minh\",\"avatar\":\"\",\"tier\":\"ERIC\",\"isOfficial\":false,\"friendshipStatus\":\"NONE\"},{\"userId\":\"3746994889972402718\",\"firstName\":\"Hiếu\",\"lastName\":\"Minh\",\"avatar\":\"https://cdn.eric.pro.","msg":"OK: searchUsers"}
{"level":30,"time":"03:23:20.102","logger":"LoginService","row":1,"phone":"xabay92980@keecs.com","msg":"OK: SendFriendRequest_3746994889972402691"}
{"level":30,"time":"03:23:20.389","logger":"LoginService","row":1,"phone":"xabay92980@keecs.com","msg":"OK: SendFriendRequest_3746994889972402718"}
{"level":30,"time":"03:23:20.389","logger":"LoginService","row":1,"phone":"xabay92980@keecs.com","msg":"BOT_MISSIONS_COMPLETE"}
{"level":30,"time":"03:23:20.416","logger":"LoginService","msg":"LOGIN summary: success=1 alreadyOk=0 relogin=1 fail=1"}
{"level":30,"time":"03:47:17.326","logger":"LoginService","msg":"Starting login flow for accounts..."}
{"level":30,"time":"03:47:17.327","logger":"LoginService","msg":"WORKER_INITIALIZED_DIRECT_NO_PROXY"}
{"level":30,"time":"03:47:17.327","logger":"LoginService","row":1,"phone":"xabay92980@keecs.com","password":"***len=9","msg":"ACCOUNT_START"}
{"level":30,"time":"03:47:17.330","logger":"LoginService","row":1,"phone":"xabay92980@keecs.com","accessToken":"eyJraWQi...bYwFEg","refreshToken":"eyJraWQi...mgihrw","msg":"TOKENS_FOUND"}
{"level":30,"time":"03:47:17.333","logger":"LoginService","msg":"WORKER_INITIALIZED_DIRECT_NO_PROXY"}
{"level":30,"time":"03:47:17.333","logger":"LoginService","row":2,"phone":"yivamag857@him6.com","password":"***len=9","msg":"ACCOUNT_START"}
{"level":30,"time":"03:47:17.334","logger":"LoginService","row":2,"phone":"yivamag857@him6.com","accessToken":"eyJraWQi...fJvA4Q","refreshToken":"eyJraWQi...DnALOg","msg":"TOKENS_FOUND"}
{"level":30,"time":"03:47:17.939","logger":"LoginService","row":1,"phone":"xabay92980@keecs.com","reason":"REFRESH_FAIL","msg":"SESSION_ME_CHECK_FAILED"}
{"level":30,"time":"03:47:17.943","logger":"LoginService","row":2,"phone":"yivamag857@him6.com","reason":"REFRESH_FAIL","msg":"SESSION_ME_CHECK_FAILED"}
{"level":30,"time":"03:47:18.502","logger":"LoginService","row":1,"phone":"xabay92980@keecs.com","me":{"id":4035225266124144600,"firstName":"le","lastName":"bach","userName":"lebach.1772691588671376887","isOfficial":false,"isVerified":false,"totpEnabled":false,"avatar":"","cover":"","email":"xabay92980@keecs.com","phone":"","nationalId":"","dateOfBirth":"2008-02-02","hometown":"","publicKey":"","keyVersion":0,"gender":"MALE","ericWalletId":"0","location":{"lat":"","lon":"","source":""},"tier":"ERIC","privacy":"PUBLIC","educationLevel":"NONE","schoolName":"","workplace":"","placeOfResidence":"","maritalStatus":"NONE","friendshipStatus":"NONE","intro":"","totalFriends":0,"ericBalance":"0"},"msg":"LOGIN_OK_ME_OK"}
{"level":30,"time":"03:47:18.502","logger":"LoginService","row":1,"phone":"xabay92980@keecs.com","msg":"BOT_MISSIONS_START"}
{"level":30,"time":"03:47:18.540","logger":"LoginService","row":2,"phone":"yivamag857@him6.com","me":{"id":8646911284551533000,"firstName":"Hoang","lastName":"To","userName":"hoangto.1772770640568936351","isOfficial":false,"isVerified":false,"totpEnabled":false,"avatar":"","cover":"","email":"yivamag857@him6.com","phone":"","nationalId":"","dateOfBirth":"2008-02-02","hometown":"","publicKey":"","keyVersion":0,"gender":"MALE","ericWalletId":"0","location":{"lat":"","lon":"","source":""},"tier":"ERIC","privacy":"PUBLIC","educationLevel":"NONE","schoolName":"","workplace":"","placeOfResidence":"","maritalStatus":"NONE","friendshipStatus":"NONE","intro":"","totalFriends":2,"ericBalance":"0"},"msg":"LOGIN_OK_ME_OK"}
{"level":30,"time":"03:47:18.540","logger":"LoginService","row":2,"phone":"yivamag857@him6.com","msg":"BOT_MISSIONS_START"}
{"level":30,"time":"03:47:18.662","logger":"LoginService","row":1,"phone":"xabay92980@keecs.com","msg":"OK: ProfileMe"}
{"level":30,"time":"03:47:18.700","logger":"LoginService","row":2,"phone":"yivamag857@him6.com","msg":"OK: ProfileMe"}
{"level":30,"time":"03:47:18.898","logger":"LoginService","row":1,"phone":"xabay92980@keecs.com","msg":"OK: Missions"}
{"level":30,"time":"03:47:18.937","logger":"LoginService","row":2,"phone":"yivamag857@him6.com","msg":"OK: Missions"}
{"level":30,"time":"03:47:19.102","logger":"LoginService","row":1,"phone":"xabay92980@keecs.com","msg":"OK: MyFriends"}
{"level":30,"time":"03:47:19.135","logger":"LoginService","row":2,"phone":"yivamag857@him6.com","msg":"OK: MyFriends"}
{"level":30,"time":"03:47:19.279","logger":"LoginService","row":1,"phone":"xabay92980@keecs.com","msg":"OK: Notifications"}
{"level":30,"time":"03:47:19.318","logger":"LoginService","row":2,"phone":"yivamag857@him6.com","msg":"OK: Notifications"}
{"level":30,"time":"03:47:19.572","logger":"LoginService","row":2,"phone":"yivamag857@him6.com","msg":"OK: FeedHome_Page_1"}
{"level":30,"time":"03:47:20.227","logger":"LoginService","row":1,"phone":"xabay92980@keecs.com","msg":"OK: FeedHome_Page_1"}
{"level":30,"time":"03:47:21.981","logger":"LoginService","row":2,"phone":"yivamag857@him6.com","msg":"OK: FeedHome_Page_2"}
{"level":30,"time":"03:47:22.640","logger":"LoginService","row":1,"phone":"xabay92980@keecs.com","msg":"OK: FeedHome_Page_2"}
{"level":30,"time":"03:47:23.451","logger":"LoginService","row":2,"phone":"yivamag857@him6.com","msg":"OK: FeedHome_Page_3"}
{"level":30,"time":"03:47:23.655","logger":"LoginService","row":2,"phone":"yivamag857@him6.com","msg":"OK: SurfHome"}
{"level":30,"time":"03:47:23.655","logger":"LoginService","itemsLength":3,"pagesScrolled":3,"msg":"DEBUG_FEEDHOME"}
{"level":30,"time":"03:47:23.655","logger":"LoginService","row":2,"phone":"yivamag857@him6.com","parsedItemCount":3,"msg":"MISSION_ACTION_DEPENDENT_START"}
{"level":40,"time":"03:47:23.883","logger":"LoginService","row":2,"phone":"yivamag857@him6.com","error":{"isSucceed":false,"message":"Thả cảm xúc không thành công","data":null},"msg":"MISSION_IGNORED (Status 400): PostReaction_291409804851818496"}
{"level":30,"time":"03:47:24.018","logger":"LoginService","row":1,"phone":"xabay92980@keecs.com","msg":"OK: FeedHome_Page_3"}
{"level":30,"time":"03:47:24.198","logger":"LoginService","row":1,"phone":"xabay92980@keecs.com","msg":"OK: SurfHome"}
{"level":30,"time":"03:47:24.198","logger":"LoginService","itemsLength":0,"pagesScrolled":3,"msg":"DEBUG_FEEDHOME"}
{"level":30,"time":"03:47:24.627","logger":"LoginService","row":2,"phone":"yivamag857@him6.com","msg":"OK: PostComment_291409804851818496"}
{"level":30,"time":"03:47:24.734","logger":"LoginService","row":1,"phone":"xabay92980@keecs.com","msg":"OK: CreatePost"}
{"level":30,"time":"03:47:24.878","logger":"LoginService","row":1,"phone":"xabay92980@keecs.com","msg":"OK: BackgroundColor"}
{"level":30,"time":"03:47:25.030","logger":"LoginService","row":1,"phone":"xabay92980@keecs.com","msg":"OK: ReactionList"}
{"level":30,"time":"03:47:25.061","logger":"LoginService","row":2,"phone":"yivamag857@him6.com","msg":"OK: PostShare_291409804851818496"}
{"level":30,"time":"03:47:25.219","logger":"LoginService","row":1,"phone":"xabay92980@keecs.com","msg":"OK: GetReceivedFriendRequests"}
{"level":30,"time":"03:47:25.219","logger":"LoginService","row":1,"phone":"xabay92980@keecs.com","msg":"TRYING_KEYWORD: Hải (Attempt 1)"}
{"level":30,"time":"03:47:25.263","logger":"LoginService","row":2,"phone":"yivamag857@him6.com","msg":"OK: PostReaction_290989096128622592"}
{"level":30,"time":"03:47:25.568","logger":"LoginService","row":2,"phone":"yivamag857@him6.com","msg":"OK: PostComment_290989096128622592"}
{"level":30,"time":"03:47:25.734","logger":"LoginService","row":2,"phone":"yivamag857@him6.com","msg":"OK: PostShare_290989096128622592"}
{"level":30,"time":"03:47:25.885","logger":"LoginService","row":2,"phone":"yivamag857@him6.com","msg":"OK: PostReaction_279877732698042368"}
{"level":30,"time":"03:47:26.073","logger":"LoginService","row":2,"phone":"yivamag857@him6.com","msg":"OK: PostComment_279877732698042368"}
{"level":30,"time":"03:47:26.345","logger":"LoginService","row":2,"phone":"yivamag857@him6.com","msg":"OK: PostShare_279877732698042368"}
{"level":30,"time":"03:47:26.533","logger":"LoginService","row":2,"phone":"yivamag857@him6.com","msg":"OK: CreatePost"}
{"level":30,"time":"03:47:26.677","logger":"LoginService","row":2,"phone":"yivamag857@him6.com","msg":"OK: BackgroundColor"}
{"level":30,"time":"03:47:26.821","logger":"LoginService","row":2,"phone":"yivamag857@him6.com","msg":"OK: ReactionList"}
{"level":30,"time":"03:47:26.927","logger":"LoginService","row":1,"phone":"xabay92980@keecs.com","msg":"TRYING_KEYWORD: An (Attempt 2)"}
{"level":30,"time":"03:47:27.229","logger":"LoginService","row":1,"phone":"xabay92980@keecs.com","rawDataPreview":"{\"message\":\"Tìm kiếm ngươì dùng thành công\",\"data\":[{\"userId\":\"1729382256910420484\",\"firstName\":\"Manager\",\"lastName\":\"1\",\"avatar\":\"\",\"tier\":\"ERIC\",\"isOfficial\":false,\"friendshipStatus\":\"REQUEST_SENT\"},{\"userId\":\"1729382256910420494\",\"firstName\":\"Dang\",\"lastName\":\"Truong Giang\",\"avatar\":\"https://cdn.","msg":"OK: searchUsers"}
{"level":30,"time":"03:47:27.281","logger":"LoginService","row":2,"phone":"yivamag857@him6.com","msg":"OK: GetReceivedFriendRequests"}
{"level":30,"time":"03:47:27.281","logger":"LoginService","row":2,"phone":"yivamag857@him6.com","msg":"TRYING_KEYWORD: Minh (Attempt 1)"}
{"level":30,"time":"03:47:27.620","logger":"LoginService","row":2,"phone":"yivamag857@him6.com","rawDataPreview":"{\"message\":\"Tìm kiếm ngươì dùng thành công\",\"data\":[{\"userId\":\"3746994889972402691\",\"firstName\":\"test Hiếu 1\",\"lastName\":\"Minh\",\"avatar\":\"\",\"tier\":\"ERIC\",\"isOfficial\":false,\"friendshipStatus\":\"NONE\"},{\"userId\":\"3746994889972402718\",\"firstName\":\"Hiếu\",\"lastName\":\"Minh\",\"avatar\":\"https://cdn.eric.pro.","msg":"OK: searchUsers"}
{"level":30,"time":"03:47:28.033","logger":"LoginService","row":2,"phone":"yivamag857@him6.com","msg":"OK: SendFriendRequest_3746994889972402691"}
{"level":30,"time":"03:47:28.042","logger":"LoginService","row":1,"phone":"xabay92980@keecs.com","msg":"OK: SendFriendRequest_8646911284551502358"}
{"level":30,"time":"03:47:28.042","logger":"LoginService","row":1,"phone":"xabay92980@keecs.com","msg":"BOT_MISSIONS_COMPLETE"}
{"level":30,"time":"03:47:28.210","logger":"LoginService","row":2,"phone":"yivamag857@him6.com","msg":"OK: SendFriendRequest_3746994889972402718"}
{"level":30,"time":"03:47:28.210","logger":"LoginService","row":2,"phone":"yivamag857@him6.com","msg":"BOT_MISSIONS_COMPLETE"}
{"level":30,"time":"03:47:28.235","logger":"LoginService","msg":"LOGIN summary: success=2 alreadyOk=0 relogin=2 fail=0"}
{"level":30,"time":"04:09:36.616","logger":"LoginService","msg":"Starting login flow for accounts..."}
{"level":30,"time":"04:09:36.616","logger":"LoginService","msg":"WORKER_INITIALIZED_DIRECT_NO_PROXY"}
{"level":30,"time":"04:09:36.617","logger":"LoginService","row":1,"phone":"yivamag857@him6.com","password":"***len=9","msg":"ACCOUNT_START"}
{"level":30,"time":"04:09:36.619","logger":"LoginService","row":1,"phone":"yivamag857@him6.com","accessToken":"eyJraWQi...PpfFjg","refreshToken":"eyJraWQi...gt7GzQ","msg":"TOKENS_FOUND"}
{"level":30,"time":"04:09:37.010","logger":"LoginService","row":1,"phone":"yivamag857@him6.com","reason":"REFRESH_FAIL","msg":"SESSION_ME_CHECK_FAILED"}
{"level":30,"time":"04:09:37.645","logger":"LoginService","row":1,"phone":"yivamag857@him6.com","me":{"id":8646911284551533000,"firstName":"Hoang","lastName":"To","userName":"hoangto.1772770640568936351","isOfficial":false,"isVerified":false,"totpEnabled":false,"avatar":"","cover":"","email":"yivamag857@him6.com","phone":"","nationalId":"","dateOfBirth":"2008-02-02","hometown":"","publicKey":"","keyVersion":0,"gender":"MALE","ericWalletId":"0","location":{"lat":"","lon":"","source":""},"tier":"ERIC","privacy":"PUBLIC","educationLevel":"NONE","schoolName":"","workplace":"","placeOfResidence":"","maritalStatus":"NONE","friendshipStatus":"NONE","intro":"","totalFriends":2,"ericBalance":"0"},"msg":"LOGIN_OK_ME_OK"}
{"level":30,"time":"04:09:37.646","logger":"LoginService","row":1,"phone":"yivamag857@him6.com","msg":"BOT_MISSIONS_START"}
{"level":30,"time":"04:09:37.822","logger":"LoginService","row":1,"phone":"yivamag857@him6.com","msg":"OK: ProfileMe"}
{"level":30,"time":"04:09:38.992","logger":"LoginService","row":1,"phone":"yivamag857@him6.com","msg":"OK: Missions"}
{"level":30,"time":"04:09:39.555","logger":"LoginService","row":1,"phone":"yivamag857@him6.com","msg":"OK: MyFriends"}
{"level":30,"time":"04:09:40.471","logger":"LoginService","row":1,"phone":"yivamag857@him6.com","msg":"OK: Notifications"}
{"level":30,"time":"04:09:42.022","logger":"LoginService","row":1,"phone":"yivamag857@him6.com","msg":"OK: FeedHome_Page_1"}
{"level":30,"time":"04:09:43.483","logger":"LoginService","row":1,"phone":"yivamag857@him6.com","msg":"OK: FeedHome_Page_2"}
{"level":30,"time":"04:09:46.065","logger":"LoginService","row":1,"phone":"yivamag857@him6.com","msg":"OK: FeedHome_Page_3"}
{"level":30,"time":"04:09:46.299","logger":"LoginService","row":1,"phone":"yivamag857@him6.com","msg":"OK: SurfHome"}
{"level":30,"time":"04:09:46.299","logger":"LoginService","itemsLength":6,"pagesScrolled":3,"msg":"DEBUG_FEEDHOME"}
{"level":30,"time":"04:09:46.299","logger":"LoginService","row":1,"phone":"yivamag857@him6.com","parsedItemCount":5,"msg":"MISSION_ACTION_DEPENDENT_START"}
{"level":40,"time":"04:09:46.440","logger":"LoginService","row":1,"phone":"yivamag857@him6.com","error":{"message":"no Route matched with those values","request_id":"3d9d9e6d144d053188a4363f09ad4724"},"msg":"MISSION_IGNORED (Status 404): PostReaction_291779457902063616"}
{"level":30,"time":"04:09:47.506","logger":"LoginService","row":1,"phone":"yivamag857@him6.com","msg":"OK: PostComment_291779457902063616"}
{"level":30,"time":"04:09:48.304","logger":"LoginService","row":1,"phone":"yivamag857@him6.com","msg":"OK: PostShare_291779457902063616"}
{"level":40,"time":"04:09:48.437","logger":"LoginService","row":1,"phone":"yivamag857@him6.com","error":{"message":"no Route matched with those values","request_id":"e463000071efe67dcdcd092acea43836"},"msg":"MISSION_IGNORED (Status 404): PostReaction_291409804851818496"}
{"level":30,"time":"04:09:48.607","logger":"LoginService","row":1,"phone":"yivamag857@him6.com","msg":"OK: PostComment_291409804851818496"}
{"level":30,"time":"04:09:48.796","logger":"LoginService","row":1,"phone":"yivamag857@him6.com","msg":"OK: PostShare_291409804851818496"}
{"level":40,"time":"04:09:48.923","logger":"LoginService","row":1,"phone":"yivamag857@him6.com","error":{"message":"no Route matched with those values","request_id":"42f65b3183f0cd144e3ada353c42775d"},"msg":"MISSION_IGNORED (Status 404): PostReaction_279879030084349952"}
{"level":30,"time":"04:09:49.093","logger":"LoginService","row":1,"phone":"yivamag857@him6.com","msg":"OK: PostComment_279879030084349952"}
{"level":30,"time":"04:09:49.291","logger":"LoginService","row":1,"phone":"yivamag857@him6.com","msg":"OK: PostShare_279879030084349952"}
{"level":40,"time":"04:09:49.421","logger":"LoginService","row":1,"phone":"yivamag857@him6.com","error":{"message":"no Route matched with those values","request_id":"d82c0f0ffe90d54db7599871a14fd815"},"msg":"MISSION_IGNORED (Status 404): PostReaction_290989096128622592"}
{"level":30,"time":"04:09:49.577","logger":"LoginService","row":1,"phone":"yivamag857@him6.com","msg":"OK: PostComment_290989096128622592"}
{"level":30,"time":"04:09:49.767","logger":"LoginService","row":1,"phone":"yivamag857@him6.com","msg":"OK: PostShare_290989096128622592"}
{"level":40,"time":"04:09:49.906","logger":"LoginService","row":1,"phone":"yivamag857@him6.com","error":{"message":"no Route matched with those values","request_id":"3302253c2ce6cb633f8217264369033d"},"msg":"MISSION_IGNORED (Status 404): PostReaction_279880303382769664"}
{"level":30,"time":"04:09:50.084","logger":"LoginService","row":1,"phone":"yivamag857@him6.com","msg":"OK: PostComment_279880303382769664"}
{"level":30,"time":"04:09:50.258","logger":"LoginService","row":1,"phone":"yivamag857@him6.com","msg":"OK: PostShare_279880303382769664"}
{"level":30,"time":"04:09:50.735","logger":"LoginService","row":1,"phone":"yivamag857@him6.com","msg":"OK: CreatePost"}
{"level":30,"time":"04:09:50.893","logger":"LoginService","row":1,"phone":"yivamag857@him6.com","msg":"OK: BackgroundColor"}
{"level":30,"time":"04:09:51.192","logger":"LoginService","row":1,"phone":"yivamag857@him6.com","msg":"OK: ReactionList"}
{"level":30,"time":"04:09:51.372","logger":"LoginService","row":1,"phone":"yivamag857@him6.com","msg":"OK: GetReceivedFriendRequests"}
{"level":30,"time":"04:09:51.372","logger":"LoginService","row":1,"phone":"yivamag857@him6.com","msg":"TRYING_KEYWORD: Vy (Attempt 1)"}
{"level":30,"time":"04:09:53.537","logger":"LoginService","row":1,"phone":"yivamag857@him6.com","msg":"TRYING_KEYWORD: Minh (Attempt 2)"}
{"level":30,"time":"04:09:53.822","logger":"LoginService","row":1,"phone":"yivamag857@him6.com","rawDataPreview":"{\"message\":\"Tìm kiếm ngươì dùng thành công\",\"data\":[{\"userId\":\"3746994889972402691\",\"firstName\":\"test Hiếu 1\",\"lastName\":\"Minh\",\"avatar\":\"\",\"tier\":\"ERIC\",\"isOfficial\":false,\"friendshipStatus\":\"REQUEST_SENT\"},{\"userId\":\"3746994889972402718\",\"firstName\":\"Hiếu\",\"lastName\":\"Minh\",\"avatar\":\"https://cdn.e","msg":"OK: searchUsers"}
{"level":30,"time":"04:09:53.823","logger":"LoginService","row":1,"phone":"yivamag857@him6.com","msg":"BOT_MISSIONS_COMPLETE"}
{"level":30,"time":"04:09:53.848","logger":"LoginService","msg":"LOGIN summary: success=1 alreadyOk=0 relogin=1 fail=0"}
{"level":30,"time":"04:48:17.127","logger":"LoginService","msg":"Starting login flow for accounts..."}
{"level":30,"time":"04:48:17.127","logger":"LoginService","msg":"WORKER_INITIALIZED_DIRECT_NO_PROXY"}
{"level":30,"time":"04:48:17.128","logger":"LoginService","row":1,"phone":"xabay92980@keecs.com","password":"***len=9","msg":"ACCOUNT_START"}
{"level":30,"time":"04:48:17.130","logger":"LoginService","row":1,"phone":"xabay92980@keecs.com","accessToken":"eyJraWQi...jg06YA","refreshToken":"eyJraWQi...7Zbe4Q","msg":"TOKENS_FOUND"}
{"level":30,"time":"04:48:17.132","logger":"LoginService","msg":"WORKER_INITIALIZED_DIRECT_NO_PROXY"}
{"level":30,"time":"04:48:17.132","logger":"LoginService","row":2,"phone":"yivamag857@him6.com","password":"***len=9","msg":"ACCOUNT_START"}
{"level":30,"time":"04:48:17.133","logger":"LoginService","row":2,"phone":"yivamag857@him6.com","accessToken":"eyJraWQi...4OBOdA","refreshToken":"eyJraWQi...JvsVqg","msg":"TOKENS_FOUND"}
{"level":30,"time":"04:48:17.604","logger":"LoginService","row":1,"phone":"xabay92980@keecs.com","reason":"REFRESH_FAIL","msg":"SESSION_ME_CHECK_FAILED"}
{"level":30,"time":"04:48:17.609","logger":"LoginService","row":2,"phone":"yivamag857@him6.com","reason":"REFRESH_FAIL","msg":"SESSION_ME_CHECK_FAILED"}
{"level":30,"time":"04:48:18.167","logger":"LoginService","row":1,"phone":"xabay92980@keecs.com","me":{"id":4035225266124144600,"firstName":"le","lastName":"bach","userName":"lebach.1772691588671376887","isOfficial":false,"isVerified":false,"totpEnabled":false,"avatar":"","cover":"","email":"xabay92980@keecs.com","phone":"","nationalId":"","dateOfBirth":"2008-02-02","hometown":"","publicKey":"","keyVersion":0,"gender":"MALE","ericWalletId":"0","location":{"lat":"","lon":"","source":""},"tier":"ERIC","privacy":"PUBLIC","educationLevel":"NONE","schoolName":"","workplace":"","placeOfResidence":"","maritalStatus":"NONE","friendshipStatus":"NONE","intro":"","totalFriends":0,"ericBalance":"0"},"msg":"LOGIN_OK_ME_OK"}
{"level":30,"time":"04:48:18.167","logger":"LoginService","row":1,"phone":"xabay92980@keecs.com","msg":"BOT_MISSIONS_START"}
{"level":30,"time":"04:48:18.172","logger":"LoginService","row":2,"phone":"yivamag857@him6.com","me":{"id":8646911284551533000,"firstName":"Hoang","lastName":"To","userName":"hoangto.1772770640568936351","isOfficial":false,"isVerified":false,"totpEnabled":false,"avatar":"","cover":"","email":"yivamag857@him6.com","phone":"","nationalId":"","dateOfBirth":"2008-02-02","hometown":"","publicKey":"","keyVersion":0,"gender":"MALE","ericWalletId":"0","location":{"lat":"","lon":"","source":""},"tier":"ERIC","privacy":"PUBLIC","educationLevel":"NONE","schoolName":"","workplace":"","placeOfResidence":"","maritalStatus":"NONE","friendshipStatus":"NONE","intro":"","totalFriends":2,"ericBalance":"0"},"msg":"LOGIN_OK_ME_OK"}
{"level":30,"time":"04:48:18.172","logger":"LoginService","row":2,"phone":"yivamag857@him6.com","msg":"BOT_MISSIONS_START"}
{"level":30,"time":"04:48:18.342","logger":"LoginService","row":2,"phone":"yivamag857@him6.com","msg":"OK: ProfileMe"}
{"level":30,"time":"04:48:18.345","logger":"LoginService","row":1,"phone":"xabay92980@keecs.com","msg":"OK: ProfileMe"}
{"level":30,"time":"04:48:18.625","logger":"LoginService","row":2,"phone":"yivamag857@him6.com","msg":"OK: Missions"}
{"level":30,"time":"04:48:18.635","logger":"LoginService","row":1,"phone":"xabay92980@keecs.com","msg":"OK: Missions"}
{"level":30,"time":"04:48:18.879","logger":"LoginService","row":2,"phone":"yivamag857@him6.com","msg":"OK: MyFriends"}
{"level":30,"time":"04:48:18.900","logger":"LoginService","row":1,"phone":"xabay92980@keecs.com","msg":"OK: MyFriends"}
{"level":30,"time":"04:48:19.052","logger":"LoginService","row":2,"phone":"yivamag857@him6.com","msg":"OK: Notifications"}
{"level":30,"time":"04:48:19.091","logger":"LoginService","row":1,"phone":"xabay92980@keecs.com","msg":"OK: Notifications"}
{"level":30,"time":"04:48:19.232","logger":"LoginService","row":2,"phone":"yivamag857@him6.com","msg":"OK: FeedHome_Page_1"}
{"level":30,"time":"04:48:20.378","logger":"LoginService","row":1,"phone":"xabay92980@keecs.com","msg":"OK: FeedHome_Page_1"}
{"level":30,"time":"04:48:20.565","logger":"LoginService","row":2,"phone":"yivamag857@him6.com","msg":"OK: FeedHome_Page_2"}
{"level":30,"time":"04:48:22.801","logger":"LoginService","row":1,"phone":"xabay92980@keecs.com","msg":"OK: FeedHome_Page_2"}
{"level":30,"time":"04:48:23.056","logger":"LoginService","row":2,"phone":"yivamag857@him6.com","msg":"OK: FeedHome_Page_3"}
{"level":30,"time":"04:48:23.225","logger":"LoginService","row":2,"phone":"yivamag857@him6.com","msg":"OK: SurfHome"}
{"level":30,"time":"04:48:23.225","logger":"LoginService","itemsLength":7,"pagesScrolled":3,"msg":"DEBUG_FEEDHOME"}
{"level":30,"time":"04:48:23.225","logger":"LoginService","row":2,"phone":"yivamag857@him6.com","parsedItemCount":5,"msg":"MISSION_ACTION_DEPENDENT_START"}
{"level":30,"time":"04:48:23.464","logger":"LoginService","row":2,"phone":"yivamag857@him6.com","msg":"OK: PostReaction_279881366152294400"}
{"level":30,"time":"04:48:24.802","logger":"LoginService","row":1,"phone":"xabay92980@keecs.com","msg":"OK: FeedHome_Page_3"}
{"level":30,"time":"04:48:24.946","logger":"LoginService","row":1,"phone":"xabay92980@keecs.com","msg":"OK: SurfHome"}
{"level":30,"time":"04:48:24.946","logger":"LoginService","itemsLength":0,"pagesScrolled":3,"msg":"DEBUG_FEEDHOME"}
{"level":30,"time":"04:48:25.162","logger":"LoginService","row":1,"phone":"xabay92980@keecs.com","msg":"OK: CreatePost"}
{"level":30,"time":"04:48:25.287","logger":"LoginService","row":1,"phone":"xabay92980@keecs.com","msg":"OK: BackgroundColor"}
{"level":30,"time":"04:48:25.418","logger":"LoginService","row":1,"phone":"xabay92980@keecs.com","msg":"OK: ReactionList"}
{"level":30,"time":"04:48:25.512","logger":"LoginService","row":2,"phone":"yivamag857@him6.com","msg":"OK: PostComment_279881366152294400"}
{"level":30,"time":"04:48:25.706","logger":"LoginService","row":1,"phone":"xabay92980@keecs.com","msg":"OK: GetReceivedFriendRequests"}
{"level":30,"time":"04:48:25.706","logger":"LoginService","row":1,"phone":"xabay92980@keecs.com","msg":"TRYING_KEYWORD: Ngọc (Attempt 1)"}
{"level":30,"time":"04:48:25.747","logger":"LoginService","row":2,"phone":"yivamag857@him6.com","msg":"OK: PostShare_279881366152294400"}
{"level":30,"time":"04:48:25.912","logger":"LoginService","row":2,"phone":"yivamag857@him6.com","msg":"OK: PostReaction_291785094891450368"}
{"level":30,"time":"04:48:26.085","logger":"LoginService","row":2,"phone":"yivamag857@him6.com","msg":"OK: PostComment_291785094891450368"}
{"level":30,"time":"04:48:26.253","logger":"LoginService","row":2,"phone":"yivamag857@him6.com","msg":"OK: PostShare_291785094891450368"}
{"level":40,"time":"04:48:26.380","logger":"LoginService","row":2,"phone":"yivamag857@him6.com","error":{"isSucceed":false,"message":"Thả cảm xúc không thành công","data":null},"msg":"MISSION_IGNORED (Status 400): PostReaction_291409804851818496"}
{"level":30,"time":"04:48:26.575","logger":"LoginService","row":2,"phone":"yivamag857@him6.com","msg":"OK: PostComment_291409804851818496"}
{"level":30,"time":"04:48:26.739","logger":"LoginService","row":2,"phone":"yivamag857@him6.com","msg":"OK: PostShare_291409804851818496"}
{"level":30,"time":"04:48:26.879","logger":"LoginService","row":2,"phone":"yivamag857@him6.com","msg":"OK: PostReaction_291779457902063616"}
{"level":30,"time":"04:48:27.064","logger":"LoginService","row":2,"phone":"yivamag857@him6.com","msg":"OK: PostComment_291779457902063616"}
{"level":30,"time":"04:48:27.228","logger":"LoginService","row":2,"phone":"yivamag857@him6.com","msg":"OK: PostShare_291779457902063616"}
{"level":40,"time":"04:48:27.360","logger":"LoginService","row":2,"phone":"yivamag857@him6.com","error":{"isSucceed":false,"message":"Thả cảm xúc không thành công","data":null},"msg":"MISSION_IGNORED (Status 400): PostReaction_290989096128622592"}
{"level":30,"time":"04:48:27.512","logger":"LoginService","row":2,"phone":"yivamag857@him6.com","msg":"OK: PostComment_290989096128622592"}
{"level":30,"time":"04:48:27.678","logger":"LoginService","row":2,"phone":"yivamag857@him6.com","msg":"OK: PostShare_290989096128622592"}
{"level":30,"time":"04:48:27.810","logger":"LoginService","row":1,"phone":"xabay92980@keecs.com","msg":"TRYING_KEYWORD: Vy (Attempt 2)"}
{"level":30,"time":"04:48:27.861","logger":"LoginService","row":2,"phone":"yivamag857@him6.com","msg":"OK: CreatePost"}
{"level":30,"time":"04:48:27.995","logger":"LoginService","row":2,"phone":"yivamag857@him6.com","msg":"OK: BackgroundColor"}
{"level":30,"time":"04:48:28.129","logger":"LoginService","row":2,"phone":"yivamag857@him6.com","msg":"OK: ReactionList"}
{"level":30,"time":"04:48:28.308","logger":"LoginService","row":2,"phone":"yivamag857@him6.com","msg":"OK: GetReceivedFriendRequests"}
{"level":30,"time":"04:48:28.308","logger":"LoginService","row":2,"phone":"yivamag857@him6.com","msg":"TRYING_KEYWORD: Bách (Attempt 1)"}
{"level":30,"time":"04:48:29.055","logger":"LoginService","row":2,"phone":"yivamag857@him6.com","rawDataPreview":"{\"message\":\"Tìm kiếm ngươì dùng thành công\",\"data\":[{\"userId\":\"6629298651489520135\",\"firstName\":\"Lê\",\"lastName\":\"Công Bách\",\"avatar\":\"https://cdn.eric.pro.vn/profile-bucket/eric/6629298651489520135/avatar/7f26964d-eeec-461c-b8ad-c56cb8cd760e.jpg?X-Amz-Algorithm=AWS4-HMAC-SHA256&X-Amz-Date=20260315T1","msg":"OK: searchUsers"}
{"level":30,"time":"04:48:29.495","logger":"LoginService","row":1,"phone":"xabay92980@keecs.com","msg":"TRYING_KEYWORD: Phương (Attempt 3)"}
{"level":30,"time":"04:48:29.724","logger":"LoginService","row":1,"phone":"xabay92980@keecs.com","rawDataPreview":"{\"message\":\"Tìm kiếm ngươì dùng thành công\",\"data\":[{\"userId\":\"6341068275337808409\",\"firstName\":\"Nguyễn \",\"lastName\":\"Trọng Phương\",\"avatar\":\"\",\"tier\":\"ERIC\",\"isOfficial\":false,\"friendshipStatus\":\"NONE\"}]}","msg":"OK: searchUsers"}
{"level":30,"time":"04:48:30.268","logger":"LoginService","row":1,"phone":"xabay92980@keecs.com","msg":"OK: SendFriendRequest_6341068275337808409"}
{"level":30,"time":"04:48:30.268","logger":"LoginService","row":1,"phone":"xabay92980@keecs.com","msg":"BOT_MISSIONS_COMPLETE"}
{"level":30,"time":"04:48:30.274","logger":"LoginService","row":2,"phone":"yivamag857@him6.com","msg":"OK: SendFriendRequest_6629298651489520135"}
{"level":30,"time":"04:48:30.274","logger":"LoginService","row":2,"phone":"yivamag857@him6.com","msg":"BOT_MISSIONS_COMPLETE"}
{"level":30,"time":"04:48:30.301","logger":"LoginService","msg":"LOGIN summary: success=2 alreadyOk=0 relogin=2 fail=0"}
{"level":30,"time":"04:51:20.817","logger":"LoginService","msg":"Starting login flow for accounts..."}
{"level":30,"time":"04:51:20.818","logger":"LoginService","proxy":"http://200.174.198.32:8888","msg":"WORKER_INITIALIZED_WITH_PROXY"}
{"level":30,"time":"04:51:20.818","logger":"LoginService","row":1,"phone":"xabay92980@keecs.com","password":"***len=9","msg":"ACCOUNT_START"}
{"level":30,"time":"04:51:20.821","logger":"LoginService","row":1,"phone":"xabay92980@keecs.com","accessToken":"eyJraWQi...yv5CRg","refreshToken":"eyJraWQi...RLMZYg","msg":"TOKENS_FOUND"}
{"level":30,"time":"04:51:20.821","logger":"LoginService","proxy":"http://200.174.198.32:8888","msg":"WORKER_INITIALIZED_WITH_PROXY"}
{"level":30,"time":"04:51:20.821","logger":"LoginService","row":2,"phone":"yivamag857@him6.com","password":"***len=9","msg":"ACCOUNT_START"}
{"level":30,"time":"04:51:20.823","logger":"LoginService","row":2,"phone":"yivamag857@him6.com","accessToken":"eyJraWQi...NP39Uw","refreshToken":"eyJraWQi..._9FHrQ","msg":"TOKENS_FOUND"}
{"level":30,"time":"04:51:25.404","logger":"LoginService","phone":"xabay92980@keecs.com","error":"Request failed with status code 502","status":502,"data":"<!DOCTYPE html>\n<!--[if lt IE 7]> <html class=\"no-js ie6 oldie\" lang=\"en-US\"> <![endif]-->\n<!--[if IE 7]>    <html class=\"no-js ie7 oldie\" lang=\"en-US\"> <![endif]-->\n<!--[if IE 8]>    <html class=\"no-js ie8 oldie\" lang=\"en-US\"> <![endif]-->\n<!--[if gt IE 8]><!--> <html class=\"no-js\" lang=\"en-US\"> <!--<![endif]-->\n<head>\n\n<title>eric.pro.vn | 502: Bad gateway</title>\n<meta charset=\"UTF-8\" />\n<meta http-equiv=\"Content-Type\" content=\"text/html; charset=UTF-8\" />\n<meta http-equiv=\"X-UA-Compatible\" content=\"IE=Edge\" />\n<meta name=\"robots\" content=\"noindex, nofollow\" />\n<meta name=\"viewport\" content=\"width=device-width,initial-scale=1\" />\n<link rel=\"stylesheet\" id=\"cf_styles-css\" href=\"/cdn-cgi/styles/main.css\" />\n</head>\n<body>\n<div id=\"cf-wrapper\">\n    <div id=\"cf-error-details\" class=\"p-0\">\n        <header class=\"mx-auto pt-10 lg:pt-6 lg:px-8 w-240 lg:w-full mb-8\">\n            <h1 class=\"inline-block sm:block sm:mb-2 font-light text-60 lg:text-4xl text-black-dark leading-tight mr-2\">\n                <span class=\"inline-block\">Bad gateway</span>\n                <span class=\"code-label\">Error code 502</span>\n            </h1>\n            <div>\n                Visit <a href=\"https://www.cloudflare.com/5xx-error-landing?utm_source=errorcode_502&utm_campaign=social.eric.pro.vn\" target=\"_blank\" rel=\"noopener noreferrer\">cloudflare.com</a> for more information.\n            </div>\n            <div class=\"mt-3\">2026-03-16 04:51:21 UTC</div>\n        </header>\n        <div class=\"my-8 bg-gradient-gray\">\n            <div class=\"w-240 lg:w-full mx-auto\">\n                <div class=\"clearfix md:px-8\">\n                    <div id=\"cf-browser-status\" class=\" relative w-1/3 md:w-full py-15 md:p-0 md:py-8 md:text-left md:border-solid md:border-0 md:border-b md:border-gray-400 overflow-hidden float-left md:float-none text-center\">\n  <div class=\"relative mb-10 md:m-0\">\n    \n    <span class=\"cf-icon-browser block md:hidden h-20 bg-center bg-no-repeat\"></span>\n    <span class=\"cf-icon-ok w-12 h-12 absolute left-1/2 md:left-auto md:right-0 md:top-0 -ml-6 -bottom-4\"></span>\n    \n  </div>\n  <span class=\"md:block w-full truncate\">You</span>\n  <h3 class=\"md:inline-block mt-3 md:mt-0 text-2xl text-gray-600 font-light leading-1.3\">\n  \n    Browser\n  \n  </h3>\n  \n  <span class=\"leading-1.3 text-2xl text-green-success\">Working</span>\n  \n</div>\n                    <div id=\"cf-cloudflare-status\" class=\" relative w-1/3 md:w-full py-15 md:p-0 md:py-8 md:text-left md:border-solid md:border-0 md:border-b md:border-gray-400 overflow-hidden float-left md:float-none text-center\">\n  <div class=\"relative mb-10 md:m-0\">\n    <a href=\"https://www.cloudflare.com/5xx-error-landing?utm_source=errorcode_502&#38;utm_campaign=social.eric.pro.vn\" target=\"_blank\" rel=\"noopener noreferrer\">\n    <span class=\"cf-icon-cloud block md:hidden h-20 bg-center bg-no-repeat\"></span>\n    <span class=\"cf-icon-ok w-12 h-12 absolute left-1/2 md:left-auto md:right-0 md:top-0 -ml-6 -bottom-4\"></span>\n    </a>\n  </div>\n  <span class=\"md:block w-full truncate\">São Paulo</span>\n  <h3 class=\"md:inline-block mt-3 md:mt-0 text-2xl text-gray-600 font-light leading-1.3\">\n  <a href=\"https://www.cloudflare.com/5xx-error-landing?utm_source=errorcode_502&utm_campaign=social.eric.pro.vn\" target=\"_blank\" rel=\"noopener noreferrer\">\n    Cloudflare\n  </a>\n  </h3>\n  \n  <span class=\"leading-1.3 text-2xl text-green-success\">Working</span>\n  \n</div>\n                    <div id=\"cf-host-status\" class=\"cf-error-source relative w-1/3 md:w-full py-15 md:p-0 md:py-8 md:text-left md:border-solid md:border-0 md:border-b md:border-gray-400 overflow-hidden float-left md:float-none text-center\">\n  <div class=\"relative mb-10 md:m-0\">\n    \n    <span class=\"cf-icon-server block md:hidden h-20 bg-center bg-no-repeat\"></span>\n    <span class=\"cf-icon-error w-12 h-12 absolute left-1/2 md:left-auto md:right-0 md:top-0 -ml-6 -bottom-4\"></span>\n    \n  </div>\n  <span class=\"md:block w-full truncate\">social.eric.pro.vn</span>\n  <h3 class=\"md:inline-block mt-3 md:mt-0 text-2xl text-gray-600 font-light leading-1.3\">\n  \n    Host\n  \n  </h3>\n  \n  <span class=\"leading-1.3 text-2xl text-red-error\">Error</span>\n  \n</div>\n                </div>\n            </div>\n        </div>\n\n        <div class=\"w-240 lg:w-full mx-auto mb-8 lg:px-8\">\n            <div class=\"clearfix\">\n                <div class=\"w-1/2 md:w-full float-left pr-6 md:pb-10 md:pr-0 leading-relaxed\">\n                    <h2 class=\"text-3xl font-normal leading-1.3 mb-4\">What happened?</h2>\n                    <p>The web server reported a bad gateway error.</p>\n                </div>\n                <div class=\"w-1/2 md:w-full float-left leading-relaxed\">\n                    <h2 class=\"text-3xl font-normal leading-1.3 mb-4\">What can I do?</h2>\n                    <p class=\"mb-6\">Please try again in a few minutes.</p>\n                </div>\n            </div>\n        </div>\n\n        <div class=\"cf-error-footer cf-wrapper w-240 lg:w-full py-10 sm:py-4 sm:px-8 mx-auto text-center sm:text-left border-solid border-0 border-t border-gray-300\">\n    <p class=\"text-13\">\n      <span class=\"cf-footer-item sm:block sm:mb-1\">Cloudflare Ray ID: <strong class=\"font-semibold\">9dd124653d6edec8</strong></span>\n      <span class=\"cf-footer-separator sm:hidden\">&bull;</span>\n      <span id=\"cf-footer-item-ip\" class=\"cf-footer-item hidden sm:block sm:mb-1\">\n        Your IP:\n        <button type=\"button\" id=\"cf-footer-ip-reveal\" class=\"cf-footer-ip-reveal-btn\">Click to reveal</button>\n        <span class=\"hidden\" id=\"cf-footer-ip\">200.174.198.175</span>\n        <span class=\"cf-footer-separator sm:hidden\">&bull;</span>\n      </span>\n      <span class=\"cf-footer-item sm:block sm:mb-1\"><span>Performance &amp; security by</span> <a rel=\"noopener noreferrer\" href=\"https://www.cloudflare.com/5xx-error-landing?utm_source=errorcode_502&#38;utm_campaign=social.eric.pro.vn\" id=\"brand_link\" target=\"_blank\">Cloudflare</a></span>\n      \n    </p>\n    <script>(function(){function d(){var b=a.getElementById(\"cf-footer-item-ip\"),c=a.getElementById(\"cf-footer-ip-reveal\");b&&\"classList\"in b&&(b.classList.remove(\"hidden\"),c.addEventListener(\"click\",function(){c.classList.add(\"hidden\");a.getElementById(\"cf-footer-ip\").classList.remove(\"hidden\")}))}var a=document;document.addEventListener&&a.addEventListener(\"DOMContentLoaded\",d)})();</script>\n  </div><!-- /.error-footer -->\n\n    </div>\n</div>\n</body>\n</html>","msg":"GET_ME_ERROR_DETAIL"}
{"level":30,"time":"04:51:25.405","logger":"LoginService","row":1,"phone":"xabay92980@keecs.com","reason":"ME_FAIL","msg":"SESSION_ME_CHECK_FAILED"}
{"level":30,"time":"04:51:27.451","logger":"LoginService","phone":"yivamag857@him6.com","error":"Request failed with status code 502","status":502,"data":"<!DOCTYPE html>\n<!--[if lt IE 7]> <html class=\"no-js ie6 oldie\" lang=\"en-US\"> <![endif]-->\n<!--[if IE 7]>    <html class=\"no-js ie7 oldie\" lang=\"en-US\"> <![endif]-->\n<!--[if IE 8]>    <html class=\"no-js ie8 oldie\" lang=\"en-US\"> <![endif]-->\n<!--[if gt IE 8]><!--> <html class=\"no-js\" lang=\"en-US\"> <!--<![endif]-->\n<head>\n\n<title>eric.pro.vn | 502: Bad gateway</title>\n<meta charset=\"UTF-8\" />\n<meta http-equiv=\"Content-Type\" content=\"text/html; charset=UTF-8\" />\n<meta http-equiv=\"X-UA-Compatible\" content=\"IE=Edge\" />\n<meta name=\"robots\" content=\"noindex, nofollow\" />\n<meta name=\"viewport\" content=\"width=device-width,initial-scale=1\" />\n<link rel=\"stylesheet\" id=\"cf_styles-css\" href=\"/cdn-cgi/styles/main.css\" />\n</head>\n<body>\n<div id=\"cf-wrapper\">\n    <div id=\"cf-error-details\" class=\"p-0\">\n        <header class=\"mx-auto pt-10 lg:pt-6 lg:px-8 w-240 lg:w-full mb-8\">\n            <h1 class=\"inline-block sm:block sm:mb-2 font-light text-60 lg:text-4xl text-black-dark leading-tight mr-2\">\n                <span class=\"inline-block\">Bad gateway</span>\n                <span class=\"code-label\">Error code 502</span>\n            </h1>\n            <div>\n                Visit <a href=\"https://www.cloudflare.com/5xx-error-landing?utm_source=errorcode_502&utm_campaign=social.eric.pro.vn\" target=\"_blank\" rel=\"noopener noreferrer\">cloudflare.com</a> for more information.\n            </div>\n            <div class=\"mt-3\">2026-03-16 04:51:23 UTC</div>\n        </header>\n        <div class=\"my-8 bg-gradient-gray\">\n            <div class=\"w-240 lg:w-full mx-auto\">\n                <div class=\"clearfix md:px-8\">\n                    <div id=\"cf-browser-status\" class=\" relative w-1/3 md:w-full py-15 md:p-0 md:py-8 md:text-left md:border-solid md:border-0 md:border-b md:border-gray-400 overflow-hidden float-left md:float-none text-center\">\n  <div class=\"relative mb-10 md:m-0\">\n    \n    <span class=\"cf-icon-browser block md:hidden h-20 bg-center bg-no-repeat\"></span>\n    <span class=\"cf-icon-ok w-12 h-12 absolute left-1/2 md:left-auto md:right-0 md:top-0 -ml-6 -bottom-4\"></span>\n    \n  </div>\n  <span class=\"md:block w-full truncate\">You</span>\n  <h3 class=\"md:inline-block mt-3 md:mt-0 text-2xl text-gray-600 font-light leading-1.3\">\n  \n    Browser\n  \n  </h3>\n  \n  <span class=\"leading-1.3 text-2xl text-green-success\">Working</span>\n  \n</div>\n                    <div id=\"cf-cloudflare-status\" class=\" relative w-1/3 md:w-full py-15 md:p-0 md:py-8 md:text-left md:border-solid md:border-0 md:border-b md:border-gray-400 overflow-hidden float-left md:float-none text-center\">\n  <div class=\"relative mb-10 md:m-0\">\n    <a href=\"https://www.cloudflare.com/5xx-error-landing?utm_source=errorcode_502&#38;utm_campaign=social.eric.pro.vn\" target=\"_blank\" rel=\"noopener noreferrer\">\n    <span class=\"cf-icon-cloud block md:hidden h-20 bg-center bg-no-repeat\"></span>\n    <span class=\"cf-icon-ok w-12 h-12 absolute left-1/2 md:left-auto md:right-0 md:top-0 -ml-6 -bottom-4\"></span>\n    </a>\n  </div>\n  <span class=\"md:block w-full truncate\">São Paulo</span>\n  <h3 class=\"md:inline-block mt-3 md:mt-0 text-2xl text-gray-600 font-light leading-1.3\">\n  <a href=\"https://www.cloudflare.com/5xx-error-landing?utm_source=errorcode_502&utm_campaign=social.eric.pro.vn\" target=\"_blank\" rel=\"noopener noreferrer\">\n    Cloudflare\n  </a>\n  </h3>\n  \n  <span class=\"leading-1.3 text-2xl text-green-success\">Working</span>\n  \n</div>\n                    <div id=\"cf-host-status\" class=\"cf-error-source relative w-1/3 md:w-full py-15 md:p-0 md:py-8 md:text-left md:border-solid md:border-0 md:border-b md:border-gray-400 overflow-hidden float-left md:float-none text-center\">\n  <div class=\"relative mb-10 md:m-0\">\n    \n    <span class=\"cf-icon-server block md:hidden h-20 bg-center bg-no-repeat\"></span>\n    <span class=\"cf-icon-error w-12 h-12 absolute left-1/2 md:left-auto md:right-0 md:top-0 -ml-6 -bottom-4\"></span>\n    \n  </div>\n  <span class=\"md:block w-full truncate\">social.eric.pro.vn</span>\n  <h3 class=\"md:inline-block mt-3 md:mt-0 text-2xl text-gray-600 font-light leading-1.3\">\n  \n    Host\n  \n  </h3>\n  \n  <span class=\"leading-1.3 text-2xl text-red-error\">Error</span>\n  \n</div>\n                </div>\n            </div>\n        </div>\n\n        <div class=\"w-240 lg:w-full mx-auto mb-8 lg:px-8\">\n            <div class=\"clearfix\">\n                <div class=\"w-1/2 md:w-full float-left pr-6 md:pb-10 md:pr-0 leading-relaxed\">\n                    <h2 class=\"text-3xl font-normal leading-1.3 mb-4\">What happened?</h2>\n                    <p>The web server reported a bad gateway error.</p>\n                </div>\n                <div class=\"w-1/2 md:w-full float-left leading-relaxed\">\n                    <h2 class=\"text-3xl font-normal leading-1.3 mb-4\">What can I do?</h2>\n                    <p class=\"mb-6\">Please try again in a few minutes.</p>\n                </div>\n            </div>\n        </div>\n\n        <div class=\"cf-error-footer cf-wrapper w-240 lg:w-full py-10 sm:py-4 sm:px-8 mx-auto text-center sm:text-left border-solid border-0 border-t border-gray-300\">\n    <p class=\"text-13\">\n      <span class=\"cf-footer-item sm:block sm:mb-1\">Cloudflare Ray ID: <strong class=\"font-semibold\">9dd12475583379d1</strong></span>\n      <span class=\"cf-footer-separator sm:hidden\">&bull;</span>\n      <span id=\"cf-footer-item-ip\" class=\"cf-footer-item hidden sm:block sm:mb-1\">\n        Your IP:\n        <button type=\"button\" id=\"cf-footer-ip-reveal\" class=\"cf-footer-ip-reveal-btn\">Click to reveal</button>\n        <span class=\"hidden\" id=\"cf-footer-ip\">200.174.198.225</span>\n        <span class=\"cf-footer-separator sm:hidden\">&bull;</span>\n      </span>\n      <span class=\"cf-footer-item sm:block sm:mb-1\"><span>Performance &amp; security by</span> <a rel=\"noopener noreferrer\" href=\"https://www.cloudflare.com/5xx-error-landing?utm_source=errorcode_502&#38;utm_campaign=social.eric.pro.vn\" id=\"brand_link\" target=\"_blank\">Cloudflare</a></span>\n      \n    </p>\n    <script>(function(){function d(){var b=a.getElementById(\"cf-footer-item-ip\"),c=a.getElementById(\"cf-footer-ip-reveal\");b&&\"classList\"in b&&(b.classList.remove(\"hidden\"),c.addEventListener(\"click\",function(){c.classList.add(\"hidden\");a.getElementById(\"cf-footer-ip\").classList.remove(\"hidden\")}))}var a=document;document.addEventListener&&a.addEventListener(\"DOMContentLoaded\",d)})();</script>\n  </div><!-- /.error-footer -->\n\n    </div>\n</div>\n</body>\n</html>","msg":"GET_ME_ERROR_DETAIL"}
{"level":30,"time":"04:51:27.451","logger":"LoginService","row":2,"phone":"yivamag857@him6.com","reason":"ME_FAIL","msg":"SESSION_ME_CHECK_FAILED"}
{"level":40,"time":"04:51:30.317","logger":"LoginService","row":1,"phone":"xabay92980@keecs.com","error":"<!DOCTYPE html>\n<!--[if lt IE 7]> <html class=\"no-js ie6 oldie\" lang=\"en-US\"> <![endif]-->\n<!--[if IE 7]>    <html class=\"no-js ie7 oldie\" lang=\"en-US\"> <![endif]-->\n<!--[if IE 8]>    <html class=\"no-js ie8 oldie\" lang=\"en-US\"> <![endif]-->\n<!--[if gt IE 8]><!--> <html class=\"no-js\" lang=\"en-US\"> <!--<![endif]-->\n<head>\n\n<title>eric.pro.vn | 502: Bad gateway</title>\n<meta charset=\"UTF-8\" />\n<meta http-equiv=\"Content-Type\" content=\"text/html; charset=UTF-8\" />\n<meta http-equiv=\"X-UA-Compatible\" content=\"IE=Edge\" />\n<meta name=\"robots\" content=\"noindex, nofollow\" />\n<meta name=\"viewport\" content=\"width=device-width,initial-scale=1\" />\n<link rel=\"stylesheet\" id=\"cf_styles-css\" href=\"/cdn-cgi/styles/main.css\" />\n</head>\n<body>\n<div id=\"cf-wrapper\">\n    <div id=\"cf-error-details\" class=\"p-0\">\n        <header class=\"mx-auto pt-10 lg:pt-6 lg:px-8 w-240 lg:w-full mb-8\">\n            <h1 class=\"inline-block sm:block sm:mb-2 font-light text-60 lg:text-4xl text-black-dark leading-tight mr-2\">\n                <span class=\"inline-block\">Bad gateway</span>\n                <span class=\"code-label\">Error code 502</span>\n            </h1>\n            <div>\n                Visit <a href=\"https://www.cloudflare.com/5xx-error-landing?utm_source=errorcode_502&utm_campaign=social.eric.pro.vn\" target=\"_blank\" rel=\"noopener noreferrer\">cloudflare.com</a> for more information.\n            </div>\n            <div class=\"mt-3\">2026-03-16 04:51:26 UTC</div>\n        </header>\n        <div class=\"my-8 bg-gradient-gray\">\n            <div class=\"w-240 lg:w-full mx-auto\">\n                <div class=\"clearfix md:px-8\">\n                    <div id=\"cf-browser-status\" class=\" relative w-1/3 md:w-full py-15 md:p-0 md:py-8 md:text-left md:border-solid md:border-0 md:border-b md:border-gray-400 overflow-hidden float-left md:float-none text-center\">\n  <div class=\"relative mb-10 md:m-0\">\n    \n    <span class=\"cf-icon-browser block md:hidden h-20 bg-center bg-no-repeat\"></span>\n    <span class=\"cf-icon-ok w-12 h-12 absolute left-1/2 md:left-auto md:right-0 md:top-0 -ml-6 -bottom-4\"></span>\n    \n  </div>\n  <span class=\"md:block w-full truncate\">You</span>\n  <h3 class=\"md:inline-block mt-3 md:mt-0 text-2xl text-gray-600 font-light leading-1.3\">\n  \n    Browser\n  \n  </h3>\n  \n  <span class=\"leading-1.3 text-2xl text-green-success\">Working</span>\n  \n</div>\n                    <div id=\"cf-cloudflare-status\" class=\" relative w-1/3 md:w-full py-15 md:p-0 md:py-8 md:text-left md:border-solid md:border-0 md:border-b md:border-gray-400 overflow-hidden float-left md:float-none text-center\">\n  <div class=\"relative mb-10 md:m-0\">\n    <a href=\"https://www.cloudflare.com/5xx-error-landing?utm_source=errorcode_502&#38;utm_campaign=social.eric.pro.vn\" target=\"_blank\" rel=\"noopener noreferrer\">\n    <span class=\"cf-icon-cloud block md:hidden h-20 bg-center bg-no-repeat\"></span>\n    <span class=\"cf-icon-ok w-12 h-12 absolute left-1/2 md:left-auto md:right-0 md:top-0 -ml-6 -bottom-4\"></span>\n    </a>\n  </div>\n  <span class=\"md:block w-full truncate\">São Paulo</span>\n  <h3 class=\"md:inline-block mt-3 md:mt-0 text-2xl text-gray-600 font-light leading-1.3\">\n  <a href=\"https://www.cloudflare.com/5xx-error-landing?utm_source=errorcode_502&utm_campaign=social.eric.pro.vn\" target=\"_blank\" rel=\"noopener noreferrer\">\n    Cloudflare\n  </a>\n  </h3>\n  \n  <span class=\"leading-1.3 text-2xl text-green-success\">Working</span>\n  \n</div>\n                    <div id=\"cf-host-status\" class=\"cf-error-source relative w-1/3 md:w-full py-15 md:p-0 md:py-8 md:text-left md:border-solid md:border-0 md:border-b md:border-gray-400 overflow-hidden float-left md:float-none text-center\">\n  <div class=\"relative mb-10 md:m-0\">\n    \n    <span class=\"cf-icon-server block md:hidden h-20 bg-center bg-no-repeat\"></span>\n    <span class=\"cf-icon-error w-12 h-12 absolute left-1/2 md:left-auto md:right-0 md:top-0 -ml-6 -bottom-4\"></span>\n    \n  </div>\n  <span class=\"md:block w-full truncate\">social.eric.pro.vn</span>\n  <h3 class=\"md:inline-block mt-3 md:mt-0 text-2xl text-gray-600 font-light leading-1.3\">\n  \n    Host\n  \n  </h3>\n  \n  <span class=\"leading-1.3 text-2xl text-red-error\">Error</span>\n  \n</div>\n                </div>\n            </div>\n        </div>\n\n        <div class=\"w-240 lg:w-full mx-auto mb-8 lg:px-8\">\n            <div class=\"clearfix\">\n                <div class=\"w-1/2 md:w-full float-left pr-6 md:pb-10 md:pr-0 leading-relaxed\">\n                    <h2 class=\"text-3xl font-normal leading-1.3 mb-4\">What happened?</h2>\n                    <p>The web server reported a bad gateway error.</p>\n                </div>\n                <div class=\"w-1/2 md:w-full float-left leading-relaxed\">\n                    <h2 class=\"text-3xl font-normal leading-1.3 mb-4\">What can I do?</h2>\n                    <p class=\"mb-6\">Please try again in a few minutes.</p>\n                </div>\n            </div>\n        </div>\n\n        <div class=\"cf-error-footer cf-wrapper w-240 lg:w-full py-10 sm:py-4 sm:px-8 mx-auto text-center sm:text-left border-solid border-0 border-t border-gray-300\">\n    <p class=\"text-13\">\n      <span class=\"cf-footer-item sm:block sm:mb-1\">Cloudflare Ray ID: <strong class=\"font-semibold\">9dd124865b89da71</strong></span>\n      <span class=\"cf-footer-separator sm:hidden\">&bull;</span>\n      <span id=\"cf-footer-item-ip\" class=\"cf-footer-item hidden sm:block sm:mb-1\">\n        Your IP:\n        <button type=\"button\" id=\"cf-footer-ip-reveal\" class=\"cf-footer-ip-reveal-btn\">Click to reveal</button>\n        <span class=\"hidden\" id=\"cf-footer-ip\">200.174.198.43</span>\n        <span class=\"cf-footer-separator sm:hidden\">&bull;</span>\n      </span>\n      <span class=\"cf-footer-item sm:block sm:mb-1\"><span>Performance &amp; security by</span> <a rel=\"noopener noreferrer\" href=\"https://www.cloudflare.com/5xx-error-landing?utm_source=errorcode_502&#38;utm_campaign=social.eric.pro.vn\" id=\"brand_link\" target=\"_blank\">Cloudflare</a></span>\n      \n    </p>\n    <script>(function(){function d(){var b=a.getElementById(\"cf-footer-item-ip\"),c=a.getElementById(\"cf-footer-ip-reveal\");b&&\"classList\"in b&&(b.classList.remove(\"hidden\"),c.addEventListener(\"click\",function(){c.classList.add(\"hidden\");a.getElementById(\"cf-footer-ip\").classList.remove(\"hidden\")}))}var a=document;document.addEventListener&&a.addEventListener(\"DOMContentLoaded\",d)})();</script>\n  </div><!-- /.error-footer -->\n\n    </div>\n</div>\n</body>\n</html>","attempt":1,"msg":"LOGIN_NETWORK_ERROR_RETRY"}
{"level":40,"time":"04:51:32.934","logger":"LoginService","row":2,"phone":"yivamag857@him6.com","error":"<!DOCTYPE html>\n<!--[if lt IE 7]> <html class=\"no-js ie6 oldie\" lang=\"en-US\"> <![endif]-->\n<!--[if IE 7]>    <html class=\"no-js ie7 oldie\" lang=\"en-US\"> <![endif]-->\n<!--[if IE 8]>    <html class=\"no-js ie8 oldie\" lang=\"en-US\"> <![endif]-->\n<!--[if gt IE 8]><!--> <html class=\"no-js\" lang=\"en-US\"> <!--<![endif]-->\n<head>\n\n<title>eric.pro.vn | 502: Bad gateway</title>\n<meta charset=\"UTF-8\" />\n<meta http-equiv=\"Content-Type\" content=\"text/html; charset=UTF-8\" />\n<meta http-equiv=\"X-UA-Compatible\" content=\"IE=Edge\" />\n<meta name=\"robots\" content=\"noindex, nofollow\" />\n<meta name=\"viewport\" content=\"width=device-width,initial-scale=1\" />\n<link rel=\"stylesheet\" id=\"cf_styles-css\" href=\"/cdn-cgi/styles/main.css\" />\n</head>\n<body>\n<div id=\"cf-wrapper\">\n    <div id=\"cf-error-details\" class=\"p-0\">\n        <header class=\"mx-auto pt-10 lg:pt-6 lg:px-8 w-240 lg:w-full mb-8\">\n            <h1 class=\"inline-block sm:block sm:mb-2 font-light text-60 lg:text-4xl text-black-dark leading-tight mr-2\">\n                <span class=\"inline-block\">Bad gateway</span>\n                <span class=\"code-label\">Error code 502</span>\n            </h1>\n            <div>\n                Visit <a href=\"https://www.cloudflare.com/5xx-error-landing?utm_source=errorcode_502&utm_campaign=social.eric.pro.vn\" target=\"_blank\" rel=\"noopener noreferrer\">cloudflare.com</a> for more information.\n            </div>\n            <div class=\"mt-3\">2026-03-16 04:51:27 UTC</div>\n        </header>\n        <div class=\"my-8 bg-gradient-gray\">\n            <div class=\"w-240 lg:w-full mx-auto\">\n                <div class=\"clearfix md:px-8\">\n                    <div id=\"cf-browser-status\" class=\" relative w-1/3 md:w-full py-15 md:p-0 md:py-8 md:text-left md:border-solid md:border-0 md:border-b md:border-gray-400 overflow-hidden float-left md:float-none text-center\">\n  <div class=\"relative mb-10 md:m-0\">\n    \n    <span class=\"cf-icon-browser block md:hidden h-20 bg-center bg-no-repeat\"></span>\n    <span class=\"cf-icon-ok w-12 h-12 absolute left-1/2 md:left-auto md:right-0 md:top-0 -ml-6 -bottom-4\"></span>\n    \n  </div>\n  <span class=\"md:block w-full truncate\">You</span>\n  <h3 class=\"md:inline-block mt-3 md:mt-0 text-2xl text-gray-600 font-light leading-1.3\">\n  \n    Browser\n  \n  </h3>\n  \n  <span class=\"leading-1.3 text-2xl text-green-success\">Working</span>\n  \n</div>\n                    <div id=\"cf-cloudflare-status\" class=\" relative w-1/3 md:w-full py-15 md:p-0 md:py-8 md:text-left md:border-solid md:border-0 md:border-b md:border-gray-400 overflow-hidden float-left md:float-none text-center\">\n  <div class=\"relative mb-10 md:m-0\">\n    <a href=\"https://www.cloudflare.com/5xx-error-landing?utm_source=errorcode_502&#38;utm_campaign=social.eric.pro.vn\" target=\"_blank\" rel=\"noopener noreferrer\">\n    <span class=\"cf-icon-cloud block md:hidden h-20 bg-center bg-no-repeat\"></span>\n    <span class=\"cf-icon-ok w-12 h-12 absolute left-1/2 md:left-auto md:right-0 md:top-0 -ml-6 -bottom-4\"></span>\n    </a>\n  </div>\n  <span class=\"md:block w-full truncate\">São Paulo</span>\n  <h3 class=\"md:inline-block mt-3 md:mt-0 text-2xl text-gray-600 font-light leading-1.3\">\n  <a href=\"https://www.cloudflare.com/5xx-error-landing?utm_source=errorcode_502&utm_campaign=social.eric.pro.vn\" target=\"_blank\" rel=\"noopener noreferrer\">\n    Cloudflare\n  </a>\n  </h3>\n  \n  <span class=\"leading-1.3 text-2xl text-green-success\">Working</span>\n  \n</div>\n                    <div id=\"cf-host-status\" class=\"cf-error-source relative w-1/3 md:w-full py-15 md:p-0 md:py-8 md:text-left md:border-solid md:border-0 md:border-b md:border-gray-400 overflow-hidden float-left md:float-none text-center\">\n  <div class=\"relative mb-10 md:m-0\">\n    \n    <span class=\"cf-icon-server block md:hidden h-20 bg-center bg-no-repeat\"></span>\n    <span class=\"cf-icon-error w-12 h-12 absolute left-1/2 md:left-auto md:right-0 md:top-0 -ml-6 -bottom-4\"></span>\n    \n  </div>\n  <span class=\"md:block w-full truncate\">social.eric.pro.vn</span>\n  <h3 class=\"md:inline-block mt-3 md:mt-0 text-2xl text-gray-600 font-light leading-1.3\">\n  \n    Host\n  \n  </h3>\n  \n  <span class=\"leading-1.3 text-2xl text-red-error\">Error</span>\n  \n</div>\n                </div>\n            </div>\n        </div>\n\n        <div class=\"w-240 lg:w-full mx-auto mb-8 lg:px-8\">\n            <div class=\"clearfix\">\n                <div class=\"w-1/2 md:w-full float-left pr-6 md:pb-10 md:pr-0 leading-relaxed\">\n                    <h2 class=\"text-3xl font-normal leading-1.3 mb-4\">What happened?</h2>\n                    <p>The web server reported a bad gateway error.</p>\n                </div>\n                <div class=\"w-1/2 md:w-full float-left leading-relaxed\">\n                    <h2 class=\"text-3xl font-normal leading-1.3 mb-4\">What can I do?</h2>\n                    <p class=\"mb-6\">Please try again in a few minutes.</p>\n                </div>\n            </div>\n        </div>\n\n        <div class=\"cf-error-footer cf-wrapper w-240 lg:w-full py-10 sm:py-4 sm:px-8 mx-auto text-center sm:text-left border-solid border-0 border-t border-gray-300\">\n    <p class=\"text-13\">\n      <span class=\"cf-footer-item sm:block sm:mb-1\">Cloudflare Ray ID: <strong class=\"font-semibold\">9dd124894d05f197</strong></span>\n      <span class=\"cf-footer-separator sm:hidden\">&bull;</span>\n      <span id=\"cf-footer-item-ip\" class=\"cf-footer-item hidden sm:block sm:mb-1\">\n        Your IP:\n        <button type=\"button\" id=\"cf-footer-ip-reveal\" class=\"cf-footer-ip-reveal-btn\">Click to reveal</button>\n        <span class=\"hidden\" id=\"cf-footer-ip\">200.174.198.222</span>\n        <span class=\"cf-footer-separator sm:hidden\">&bull;</span>\n      </span>\n      <span class=\"cf-footer-item sm:block sm:mb-1\"><span>Performance &amp; security by</span> <a rel=\"noopener noreferrer\" href=\"https://www.cloudflare.com/5xx-error-landing?utm_source=errorcode_502&#38;utm_campaign=social.eric.pro.vn\" id=\"brand_link\" target=\"_blank\">Cloudflare</a></span>\n      \n    </p>\n    <script>(function(){function d(){var b=a.getElementById(\"cf-footer-item-ip\"),c=a.getElementById(\"cf-footer-ip-reveal\");b&&\"classList\"in b&&(b.classList.remove(\"hidden\"),c.addEventListener(\"click\",function(){c.classList.add(\"hidden\");a.getElementById(\"cf-footer-ip\").classList.remove(\"hidden\")}))}var a=document;document.addEventListener&&a.addEventListener(\"DOMContentLoaded\",d)})();</script>\n  </div><!-- /.error-footer -->\n\n    </div>\n</div>\n</body>\n</html>","attempt":1,"msg":"LOGIN_NETWORK_ERROR_RETRY"}
{"level":30,"time":"04:56:36.097","logger":"LoginService","msg":"Starting login flow for accounts..."}
{"level":30,"time":"04:56:36.098","logger":"LoginService","proxy":"http://38.34.179.25:8443","msg":"WORKER_INITIALIZED_WITH_PROXY"}
{"level":30,"time":"04:56:36.098","logger":"LoginService","row":1,"phone":"xabay92980@keecs.com","password":"***len=9","msg":"ACCOUNT_START"}
{"level":30,"time":"04:56:36.102","logger":"LoginService","proxy":"http://38.34.179.25:8443","msg":"WORKER_INITIALIZED_WITH_PROXY"}
{"level":30,"time":"04:56:36.102","logger":"LoginService","row":2,"phone":"yivamag857@him6.com","password":"***len=9","msg":"ACCOUNT_START"}
{"level":30,"time":"04:56:55.247","logger":"LoginService","row":1,"phone":"xabay92980@keecs.com","me":{"id":4035225266124144600,"firstName":"le","lastName":"bach","userName":"lebach.1772691588671376887","isOfficial":false,"isVerified":false,"totpEnabled":false,"avatar":"","cover":"","email":"xabay92980@keecs.com","phone":"","nationalId":"","dateOfBirth":"2008-02-02","hometown":"","publicKey":"","keyVersion":0,"gender":"MALE","ericWalletId":"0","location":{"lat":"","lon":"","source":""},"tier":"ERIC","privacy":"PUBLIC","educationLevel":"NONE","schoolName":"","workplace":"","placeOfResidence":"","maritalStatus":"NONE","friendshipStatus":"NONE","intro":"","totalFriends":0,"ericBalance":"0"},"msg":"LOGIN_OK_ME_OK"}
{"level":30,"time":"04:56:55.247","logger":"LoginService","row":1,"phone":"xabay92980@keecs.com","msg":"BOT_MISSIONS_START"}
{"level":30,"time":"04:56:56.925","logger":"LoginService","row":2,"phone":"yivamag857@him6.com","me":{"id":8646911284551533000,"firstName":"Hoang","lastName":"To","userName":"hoangto.1772770640568936351","isOfficial":false,"isVerified":false,"totpEnabled":false,"avatar":"","cover":"","email":"yivamag857@him6.com","phone":"","nationalId":"","dateOfBirth":"2008-02-02","hometown":"","publicKey":"","keyVersion":0,"gender":"MALE","ericWalletId":"0","location":{"lat":"","lon":"","source":""},"tier":"ERIC","privacy":"PUBLIC","educationLevel":"NONE","schoolName":"","workplace":"","placeOfResidence":"","maritalStatus":"NONE","friendshipStatus":"NONE","intro":"","totalFriends":2,"ericBalance":"0"},"msg":"LOGIN_OK_ME_OK"}
{"level":30,"time":"04:56:56.925","logger":"LoginService","row":2,"phone":"yivamag857@him6.com","msg":"BOT_MISSIONS_START"}
{"level":30,"time":"04:57:06.305","logger":"LoginService","row":1,"phone":"xabay92980@keecs.com","msg":"OK: ProfileMe"}
{"level":30,"time":"04:57:07.404","logger":"LoginService","row":2,"phone":"yivamag857@him6.com","msg":"OK: ProfileMe"}
{"level":30,"time":"04:57:18.471","logger":"LoginService","row":1,"phone":"xabay92980@keecs.com","msg":"OK: Missions"}
{"level":30,"time":"04:57:18.636","logger":"LoginService","row":2,"phone":"yivamag857@him6.com","msg":"OK: Missions"}
{"level":30,"time":"04:57:31.673","logger":"LoginService","row":1,"phone":"xabay92980@keecs.com","msg":"OK: MyFriends"}
{"level":30,"time":"04:57:31.799","logger":"LoginService","row":2,"phone":"yivamag857@him6.com","msg":"OK: MyFriends"}
{"level":30,"time":"04:57:45.770","logger":"LoginService","row":1,"phone":"xabay92980@keecs.com","msg":"OK: Notifications"}
{"level":30,"time":"04:57:46.183","logger":"LoginService","row":2,"phone":"yivamag857@him6.com","msg":"OK: Notifications"}
{"level":30,"time":"04:57:59.804","logger":"LoginService","row":2,"phone":"yivamag857@him6.com","msg":"OK: FeedHome_Page_1"}
{"level":30,"time":"04:58:14.900","logger":"LoginService","row":1,"phone":"xabay92980@keecs.com","msg":"OK: FeedHome_Page_1"}
{"level":50,"time":"04:58:16.246","logger":"LoginService","row":2,"phone":"yivamag857@him6.com","error":"Invalid JWT signature or expired","status":401,"msg":"MISSION_ERROR: FeedHome_Page_2"}
{"level":50,"time":"04:58:16.247","logger":"LoginService","row":2,"phone":"yivamag857@him6.com","err":"Request failed with status code 401","msg":"MISSIONS_SYSTEM_ERROR"}
{"level":50,"time":"04:58:16.247","logger":"LoginService","row":2,"phone":"yivamag857@him6.com","err":"Request failed with status code 401","msg":"MISSIONS_ABORTED"}
{"level":50,"time":"04:58:16.247","logger":"LoginService","row":2,"phone":"yivamag857@him6.com","err":"Invalid JWT signature or expired","msg":"ACCOUNT_PROCESS_ERROR"}
{"level":30,"time":"04:58:35.346","logger":"LoginService","row":1,"phone":"xabay92980@keecs.com","msg":"OK: FeedHome_Page_2"}
{"level":50,"time":"04:59:04.225","logger":"LoginService","row":1,"phone":"xabay92980@keecs.com","error":"Client network socket disconnected before secure TLS connection was established","msg":"MISSION_ERROR: FeedHome_Page_3"}
{"level":30,"time":"05:01:59.032","logger":"LoginService","row":1,"phone":"xabay92980@keecs.com","oldProxy":"http://38.34.179.25:8443","newProxy":"http://38.34.179.124:8450","msg":"PROXY_SWITCHED"}
{"level":30,"time":"05:02:07.693","logger":"LoginService","row":1,"phone":"xabay92980@keecs.com","msg":"OK: FeedHome_Page_3 (retry)"}
{"level":30,"time":"05:02:17.654","logger":"LoginService","row":1,"phone":"xabay92980@keecs.com","msg":"OK: SurfHome"}
{"level":30,"time":"05:02:17.654","logger":"LoginService","itemsLength":0,"pagesScrolled":3,"msg":"DEBUG_FEEDHOME"}
{"level":50,"time":"05:02:40.833","logger":"LoginService","row":1,"phone":"xabay92980@keecs.com","error":"Cannot read properties of undefined (reading 'substring')","msg":"MISSION_ERROR: CreatePost"}
{"level":50,"time":"05:02:40.834","logger":"LoginService","row":1,"phone":"xabay92980@keecs.com","err":"Cannot read properties of undefined (reading 'substring')","msg":"MISSIONS_SYSTEM_ERROR"}
{"level":50,"time":"05:02:40.834","logger":"LoginService","row":1,"phone":"xabay92980@keecs.com","err":"Cannot read properties of undefined (reading 'substring')","msg":"MISSIONS_ABORTED"}
{"level":50,"time":"05:02:40.834","logger":"LoginService","row":1,"phone":"xabay92980@keecs.com","err":"Cannot read properties of undefined (reading 'substring')","msg":"ACCOUNT_PROCESS_ERROR"}
{"level":30,"time":"05:02:40.834","logger":"LoginService","msg":"LOGIN summary: success=0 alreadyOk=0 relogin=0 fail=2"}
{"level":30,"time":"05:08:12.191","logger":"LoginService","msg":"Starting login flow for accounts..."}
{"level":30,"time":"05:08:12.191","logger":"LoginService","proxy":"http://45.136.130.215:8443","msg":"WORKER_INITIALIZED_WITH_PROXY"}
{"level":30,"time":"05:08:12.192","logger":"LoginService","row":1,"phone":"xabay92980@keecs.com","password":"***len=9","msg":"ACCOUNT_START"}
{"level":30,"time":"05:08:12.194","logger":"LoginService","row":1,"phone":"xabay92980@keecs.com","accessToken":"eyJraWQi...U9bHEA","refreshToken":"eyJraWQi...cfU3lw","msg":"TOKENS_FOUND"}
{"level":30,"time":"05:08:12.195","logger":"LoginService","proxy":"http://45.136.130.215:8443","msg":"WORKER_INITIALIZED_WITH_PROXY"}
{"level":30,"time":"05:08:12.195","logger":"LoginService","row":2,"phone":"yivamag857@him6.com","password":"***len=9","msg":"ACCOUNT_START"}
{"level":30,"time":"05:08:12.196","logger":"LoginService","row":2,"phone":"yivamag857@him6.com","accessToken":"eyJraWQi...C6PzWw","refreshToken":"eyJraWQi...kxxuvw","msg":"TOKENS_FOUND"}
{"level":30,"time":"05:08:21.046","logger":"LoginService","phone":"yivamag857@him6.com","error":"Request failed with status code 401","status":401,"data":"Invalid JWT signature or expired","msg":"GET_ME_ERROR_DETAIL"}
{"level":30,"time":"05:08:21.046","logger":"LoginService","row":2,"phone":"yivamag857@him6.com","reason":"ME_FAIL","msg":"SESSION_ME_CHECK_FAILED"}
{"level":30,"time":"05:08:27.188","logger":"LoginService","row":1,"phone":"xabay92980@keecs.com","me":{"id":4035225266124144600,"firstName":"le","lastName":"bach","userName":"lebach.1772691588671376887","isOfficial":false,"isVerified":false,"totpEnabled":false,"avatar":"","cover":"","email":"xabay92980@keecs.com","phone":"","nationalId":"","dateOfBirth":"2008-02-02","hometown":"","publicKey":"","keyVersion":0,"gender":"MALE","ericWalletId":"0","location":{"lat":"","lon":"","source":""},"tier":"ERIC","privacy":"PUBLIC","educationLevel":"NONE","schoolName":"","workplace":"","placeOfResidence":"","maritalStatus":"NONE","friendshipStatus":"NONE","intro":"","totalFriends":0,"ericBalance":"0"},"msg":"SESSION_OK"}
{"level":30,"time":"05:08:27.189","logger":"LoginService","row":1,"phone":"xabay92980@keecs.com","msg":"BOT_MISSIONS_START"}
{"level":50,"time":"05:08:48.219","logger":"LoginService","row":1,"phone":"xabay92980@keecs.com","error":"connect ETIMEDOUT 45.136.130.215:8443","msg":"MISSION_ERROR: ProfileMe"}
{"level":30,"time":"05:08:59.964","logger":"LoginService","row":2,"phone":"yivamag857@him6.com","me":{"id":8646911284551533000,"firstName":"Hoang","lastName":"To","userName":"hoangto.1772770640568936351","isOfficial":false,"isVerified":false,"totpEnabled":false,"avatar":"","cover":"","email":"yivamag857@him6.com","phone":"","nationalId":"","dateOfBirth":"2008-02-02","hometown":"","publicKey":"","keyVersion":0,"gender":"MALE","ericWalletId":"0","location":{"lat":"","lon":"","source":""},"tier":"ERIC","privacy":"PUBLIC","educationLevel":"NONE","schoolName":"","workplace":"","placeOfResidence":"","maritalStatus":"NONE","friendshipStatus":"NONE","intro":"","totalFriends":2,"ericBalance":"0"},"msg":"LOGIN_OK_ME_OK"}
{"level":30,"time":"05:08:59.964","logger":"LoginService","row":2,"phone":"yivamag857@him6.com","msg":"BOT_MISSIONS_START"}
{"level":30,"time":"05:09:20.206","logger":"LoginService","row":2,"phone":"yivamag857@him6.com","msg":"OK: ProfileMe"}
{"level":50,"time":"05:09:50.112","logger":"LoginService","row":2,"phone":"yivamag857@him6.com","error":"read ECONNRESET","msg":"MISSION_ERROR: Missions"}
{"level":50,"time":"14:10:15.849","logger":"LoginService","reason":"startup","err":"connect ECONNREFUSED 127.0.0.1:3306","msg":"JOB_CRASH"}
{"level":30,"time":"14:10:15.849","logger":"LoginService","msg":"LOGIN summary: success=0 alreadyOk=0 relogin=0 fail=0"}
{"level":30,"time":"14:17:52.727","logger":"LoginService","msg":"Starting login flow for accounts..."}
{"level":30,"time":"14:17:52.728","logger":"LoginService","proxy":"http://38.34.179.25:8443","msg":"WORKER_INITIALIZED_WITH_PROXY"}
{"level":30,"time":"14:17:52.728","logger":"LoginService","row":1,"phone":"xabay92980@keecs.com","password":"***len=9","msg":"ACCOUNT_START"}
{"level":30,"time":"14:17:52.731","logger":"LoginService","row":1,"phone":"xabay92980@keecs.com","accessToken":"eyJraWQi...U9bHEA","refreshToken":"eyJraWQi...cfU3lw","msg":"TOKENS_FOUND"}
{"level":30,"time":"14:17:52.733","logger":"LoginService","proxy":"http://38.34.179.25:8443","msg":"WORKER_INITIALIZED_WITH_PROXY"}
{"level":30,"time":"14:17:52.733","logger":"LoginService","row":2,"phone":"yivamag857@him6.com","password":"***len=9","msg":"ACCOUNT_START"}
{"level":30,"time":"14:17:52.735","logger":"LoginService","row":2,"phone":"yivamag857@him6.com","accessToken":"eyJraWQi...c_cjTw","refreshToken":"eyJraWQi...2JOV3g","msg":"TOKENS_FOUND"}
{"level":30,"time":"14:18:45.384","logger":"LoginService","row":2,"phone":"yivamag857@him6.com","reason":"REFRESH_FAIL","msg":"SESSION_ME_CHECK_FAILED"}
{"level":30,"time":"14:18:45.390","logger":"LoginService","row":1,"phone":"xabay92980@keecs.com","reason":"REFRESH_FAIL","msg":"SESSION_ME_CHECK_FAILED"}
{"level":50,"time":"14:19:52.191","logger":"LoginService","row":2,"phone":"yivamag857@him6.com","err":"Request failed with status code 400","msg":"ACCOUNT_PROCESS_ERROR"}
{"level":50,"time":"14:19:52.258","logger":"LoginService","row":1,"phone":"xabay92980@keecs.com","err":"Request failed with status code 400","msg":"ACCOUNT_PROCESS_ERROR"}
{"level":30,"time":"14:19:52.258","logger":"LoginService","msg":"LOGIN summary: success=0 alreadyOk=0 relogin=0 fail=2"}
{"level":30,"time":"14:20:52.289","logger":"LoginService","msg":"Starting login flow for accounts..."}
{"level":30,"time":"14:20:52.289","logger":"LoginService","proxy":"http://38.34.179.25:8443","msg":"WORKER_INITIALIZED_WITH_PROXY"}
{"level":30,"time":"14:20:52.289","logger":"LoginService","row":1,"phone":"xabay92980@keecs.com","password":"***len=9","msg":"ACCOUNT_START"}
{"level":30,"time":"14:20:52.293","logger":"LoginService","proxy":"http://38.34.179.25:8443","msg":"WORKER_INITIALIZED_WITH_PROXY"}
{"level":30,"time":"14:20:52.293","logger":"LoginService","row":2,"phone":"yivamag857@him6.com","password":"***len=9","msg":"ACCOUNT_START"}
{"level":30,"time":"14:35:08.805","logger":"LoginService","msg":"Starting login flow for accounts..."}
{"level":30,"time":"14:35:08.806","logger":"LoginService","proxy":"http://38.34.179.103:8443","msg":"WORKER_INITIALIZED_WITH_PROXY"}
{"level":30,"time":"14:35:08.806","logger":"LoginService","row":1,"phone":"xabay92980@keecs.com","password":"***len=9","msg":"ACCOUNT_START"}
{"level":30,"time":"14:35:08.810","logger":"LoginService","proxy":"http://38.34.179.103:8443","msg":"WORKER_INITIALIZED_WITH_PROXY"}
{"level":30,"time":"14:35:08.810","logger":"LoginService","row":2,"phone":"yivamag857@him6.com","password":"***len=9","msg":"ACCOUNT_START"}
{"level":50,"time":"14:37:22.695","logger":"LoginService","row":1,"phone":"xabay92980@keecs.com","err":"Request failed with status code 400","msg":"ACCOUNT_PROCESS_ERROR"}
{"level":30,"time":"14:37:54.585","logger":"LoginService","phone":"yivamag857@him6.com","error":"Request failed with status code 400","status":400,"data":"","msg":"GET_ME_ERROR_DETAIL"}
{"level":30,"time":"14:37:54.585","logger":"LoginService","row":2,"phone":"yivamag857@him6.com","reason":"ME_FAIL","msg":"LOGIN_OK_ME_SKIP"}
{"level":30,"time":"14:37:54.585","logger":"LoginService","row":2,"phone":"yivamag857@him6.com","msg":"BOT_MISSIONS_START"}
{"level":30,"time":"14:38:29.597","logger":"LoginService","row":2,"phone":"yivamag857@him6.com","msg":"OK: ProfileMe"}
{"level":40,"time":"14:39:40.032","logger":"LoginService","row":2,"phone":"yivamag857@him6.com","error":"Request failed with status code 400","msg":"MISSION_IGNORED (Status 400): Missions"}
{"level":50,"time":"14:40:01.055","logger":"LoginService","row":2,"phone":"yivamag857@him6.com","error":"connect ETIMEDOUT 38.34.179.103:8443","msg":"MISSION_ERROR: MyFriends"}
{"level":30,"time":"14:41:16.772","logger":"LoginService","row":2,"phone":"yivamag857@him6.com","oldProxy":"http://38.34.179.103:8443","newProxy":"http://38.34.178.153:8443","msg":"PROXY_SWITCHED"}
{"level":50,"time":"14:43:34.041","logger":"LoginService","row":2,"phone":"yivamag857@him6.com","error":"Request failed with status code 400","msg":"RETRY_FAILED: MyFriends"}
{"level":50,"time":"14:43:34.041","logger":"LoginService","row":2,"phone":"yivamag857@him6.com","err":"Request failed with status code 400","msg":"MISSIONS_SYSTEM_ERROR"}
{"level":50,"time":"14:43:34.041","logger":"LoginService","row":2,"phone":"yivamag857@him6.com","err":"Request failed with status code 400","msg":"MISSIONS_ABORTED"}
{"level":50,"time":"14:43:34.041","logger":"LoginService","row":2,"phone":"yivamag857@him6.com","err":"Request failed with status code 400","msg":"ACCOUNT_PROCESS_ERROR"}
{"level":30,"time":"14:43:34.042","logger":"LoginService","msg":"LOGIN summary: success=0 alreadyOk=0 relogin=0 fail=2"}
