{"level":30,"time":"06:05:31.143","logger":"TargetedFriendJob","msg":"Loaded 2 accounts for targeted friend request."}
{"level":30,"time":"06:05:31.143","logger":"TargetedFriendJob","msg":"Processing batch 1..."}
{"level":20,"time":"06:05:31.163","logger":"TargetedFriendJob","phone":"kyohi2286@proton.me","msg":"REFRESHING"}
{"level":20,"time":"06:05:31.164","logger":"TargetedFriendJob","phone":"kyohi3108@proton.me","msg":"REFRESHING"}
{"level":30,"time":"06:05:32.230","logger":"TargetedFriendJob","phone":"kyohi2286@proton.me","deviceId":"F2A7D9C1-6E3B-4D84-8A1F-9B5C2E7D0A4F","userAgent":"ERIC/1.0.0 (iOS; 18.6.2; iPhone 16 Plus)","access":{"present":true,"validJwt":true,"sub":"kyohi.1774939310625251437","id":8646911284551382000,"clientType":"mobile","deviceId":"F2A7D9C1-6E3B-4D84-8A1F-9B5C2E7D0A4F","iat":1775282729,"exp":1775283629},"refresh":{"present":true,"validJwt":true,"sub":"kyohi.1774939310625251437","id":8646911284551382000,"clientType":"mobile","deviceId":"F2A7D9C1-6E3B-4D84-8A1F-9B5C2E7D0A4F","iat":1775282729,"exp":1775887529},"msg":"LOGIN_PASS_TOKEN_SUMMARY"}
{"level":20,"time":"06:05:32.230","logger":"TargetedFriendJob","msg":"LOGIN_PASS_SUCCESS"}
{"level":30,"time":"06:05:32.249","logger":"TargetedFriendJob","phone":"kyohi3108@proton.me","deviceId":"1A3E5F9C-2B8D-470A-A1F3-8C2E4D9B6A1F","userAgent":"ERIC/1.2.0 (Android; 13; Oppo Find X6)","access":{"present":true,"validJwt":true,"sub":"kyomask.1774940413791076698","id":4611686018427388000,"clientType":"mobile","deviceId":"1A3E5F9C-2B8D-470A-A1F3-8C2E4D9B6A1F","iat":1775282729,"exp":1775283629},"refresh":{"present":true,"validJwt":true,"sub":"kyomask.1774940413791076698","id":4611686018427388000,"clientType":"mobile","deviceId":"1A3E5F9C-2B8D-470A-A1F3-8C2E4D9B6A1F","iat":1775282729,"exp":1775887529},"msg":"LOGIN_PASS_TOKEN_SUMMARY"}
{"level":20,"time":"06:05:32.250","logger":"TargetedFriendJob","msg":"LOGIN_PASS_SUCCESS"}
{"level":30,"time":"06:05:32.299","logger":"TargetedFriendJob","row":2,"phone":"kyohi3108@proton.me","targetEmail":"tieucong.thang@gmail.com","msg":"FINDING_TARGET_USER"}
{"level":30,"time":"06:05:32.302","logger":"TargetedFriendJob","row":1,"phone":"kyohi2286@proton.me","targetEmail":"tieucong.thang@gmail.com","msg":"FINDING_TARGET_USER"}
{"level":30,"time":"06:05:32.784","logger":"TargetedFriendJob","row":1,"phone":"kyohi2286@proton.me","targetEmail":"tieucong.thang@gmail.com","targetId":864691128455135200,"msg":"SENDING_FRIEND_REQUEST"}
{"level":30,"time":"06:05:32.787","logger":"TargetedFriendJob","row":2,"phone":"kyohi3108@proton.me","targetEmail":"tieucong.thang@gmail.com","targetId":864691128455135200,"msg":"SENDING_FRIEND_REQUEST"}
{"level":50,"time":"06:05:32.984","logger":"TargetedFriendJob","row":2,"phone":"kyohi3108@proton.me","targetEmail":"tieucong.thang@gmail.com","status":404,"err":"Request failed with status code 404","msg":"SEND_FRIEND_REQUEST_FAILED"}
{"level":30,"time":"06:05:32.984","logger":"TargetedFriendJob","msg":"SUCCESS: Account kyohi3108@proton.me processed."}
{"level":50,"time":"06:05:32.985","logger":"TargetedFriendJob","row":1,"phone":"kyohi2286@proton.me","targetEmail":"tieucong.thang@gmail.com","status":404,"err":"Request failed with status code 404","msg":"SEND_FRIEND_REQUEST_FAILED"}
{"level":30,"time":"06:05:32.985","logger":"TargetedFriendJob","msg":"SUCCESS: Account kyohi2286@proton.me processed."}
{"level":30,"time":"06:05:32.985","logger":"TargetedFriendJob","msg":"TARGETED_JOB_COMPLETE"}
{"level":30,"time":"06:08:46.192","logger":"TargetedFriendJob","msg":"Loaded 2 accounts for targeted friend request."}
{"level":30,"time":"06:08:46.192","logger":"TargetedFriendJob","msg":"Processing batch 1..."}
{"level":30,"time":"06:08:46.195","logger":"TargetedFriendJob","phone":"kyohi2286@proton.me","deviceId":"F2A7D9C1-6E3B-4D84-8A1F-9B5C2E7D0A4F","userAgent":"ERIC/1.0.0 (iOS; 18.6.2; iPhone 16 Plus)","access":{"present":true,"validJwt":true,"sub":"kyohi.1774939310625251437","id":8646911284551382000,"clientType":"mobile","deviceId":"F2A7D9C1-6E3B-4D84-8A1F-9B5C2E7D0A4F","iat":1775282729,"exp":1775283629},"msg":"GET_ME_TOKEN_SUMMARY"}
{"level":30,"time":"06:08:46.197","logger":"TargetedFriendJob","phone":"kyohi3108@proton.me","deviceId":"1A3E5F9C-2B8D-470A-A1F3-8C2E4D9B6A1F","userAgent":"ERIC/1.2.0 (Android; 13; Oppo Find X6)","access":{"present":true,"validJwt":true,"sub":"kyomask.1774940413791076698","id":4611686018427388000,"clientType":"mobile","deviceId":"1A3E5F9C-2B8D-470A-A1F3-8C2E4D9B6A1F","iat":1775282729,"exp":1775283629},"msg":"GET_ME_TOKEN_SUMMARY"}
{"level":30,"time":"06:08:46.607","logger":"TargetedFriendJob","row":2,"phone":"kyohi3108@proton.me","targetEmail":"tieucong.thang@gmail.com","msg":"FINDING_TARGET_USER"}
{"level":30,"time":"06:08:46.648","logger":"TargetedFriendJob","row":1,"phone":"kyohi2286@proton.me","targetEmail":"tieucong.thang@gmail.com","msg":"FINDING_TARGET_USER"}
{"level":30,"time":"06:08:46.769","logger":"TargetedFriendJob","row":2,"phone":"kyohi3108@proton.me","targetEmail":"tieucong.thang@gmail.com","targetId":"864691128455135241","msg":"SENDING_FRIEND_REQUEST"}
{"level":30,"time":"06:08:46.780","logger":"TargetedFriendJob","row":1,"phone":"kyohi2286@proton.me","targetEmail":"tieucong.thang@gmail.com","targetId":"864691128455135241","msg":"SENDING_FRIEND_REQUEST"}
{"level":30,"time":"06:08:47.240","logger":"TargetedFriendJob","row":2,"phone":"kyohi3108@proton.me","targetEmail":"tieucong.thang@gmail.com","msg":"FRIEND_REQUEST_SENT_SUCCESS"}
{"level":30,"time":"06:08:47.241","logger":"TargetedFriendJob","msg":"SUCCESS: Account kyohi3108@proton.me processed."}
{"level":30,"time":"06:08:47.310","logger":"TargetedFriendJob","row":1,"phone":"kyohi2286@proton.me","targetEmail":"tieucong.thang@gmail.com","msg":"FRIEND_REQUEST_SENT_SUCCESS"}
{"level":30,"time":"06:08:47.310","logger":"TargetedFriendJob","msg":"SUCCESS: Account kyohi2286@proton.me processed."}
{"level":30,"time":"06:08:47.310","logger":"TargetedFriendJob","msg":"TARGETED_JOB_COMPLETE"}
{"level":30,"time":"07:20:32.811","logger":"TargetedFriendJob","msg":"Loaded 5 accounts for targeted friend request."}
{"level":30,"time":"07:20:32.812","logger":"TargetedFriendJob","msg":"Processing batch 1..."}
{"level":20,"time":"07:20:32.830","logger":"TargetedFriendJob","phone":"kyohi2286@proton.me","msg":"REFRESHING"}
{"level":20,"time":"07:20:32.834","logger":"TargetedFriendJob","phone":"kyohi3108@proton.me","msg":"REFRESHING"}
{"level":30,"time":"07:20:33.807","logger":"TargetedFriendJob","phone":"maicon9630@proton.me","deviceId":"5D8F2A1C-7E4B-4C96-8A3D-1F0E9B6C3A72","userAgent":"ERIC/1.0.0 (iOS; 18.6.1; iPhone 16 Pro Max)","access":{"present":true,"validJwt":true,"sub":"maiconle.1775285575316233887","id":7782220156096278000,"clientType":"mobile","deviceId":"5D8F2A1C-7E4B-4C96-8A3D-1F0E9B6C3A72","iat":1775287231,"exp":1775288131},"refresh":{"present":true,"validJwt":true,"sub":"maiconle.1775285575316233887","id":7782220156096278000,"clientType":"mobile","deviceId":"5D8F2A1C-7E4B-4C96-8A3D-1F0E9B6C3A72","iat":1775287231,"exp":1775892031},"msg":"LOGIN_PASS_TOKEN_SUMMARY"}
{"level":20,"time":"07:20:33.807","logger":"TargetedFriendJob","msg":"LOGIN_PASS_SUCCESS"}
{"level":30,"time":"07:20:33.831","logger":"TargetedFriendJob","phone":"johan4567@proton.me","deviceId":"C1A7D9E3-4F2B-4D18-9B6E-8A3C5F1D7E24","userAgent":"ERIC/1.0.0 (iOS; 18.5.0; iPhone 15 Pro)","access":{"present":true,"validJwt":true,"sub":"johanto.1775286933068832574","id":3170534137668889000,"clientType":"mobile","deviceId":"C1A7D9E3-4F2B-4D18-9B6E-8A3C5F1D7E24","iat":1775287231,"exp":1775288131},"refresh":{"present":true,"validJwt":true,"sub":"johanto.1775286933068832574","id":3170534137668889000,"clientType":"mobile","deviceId":"C1A7D9E3-4F2B-4D18-9B6E-8A3C5F1D7E24","iat":1775287231,"exp":1775892031},"msg":"LOGIN_PASS_TOKEN_SUMMARY"}
{"level":20,"time":"07:20:33.831","logger":"TargetedFriendJob","msg":"LOGIN_PASS_SUCCESS"}
{"level":30,"time":"07:20:33.868","logger":"TargetedFriendJob","phone":"peter8386@proton.me","deviceId":"A9C4E1F7-2B6D-4A83-9D1F-7E3B5C8A2D90","userAgent":"ERIC/1.0.1 (iOS; 18.6.2; iPhone 16 Plus)","access":{"present":true,"validJwt":true,"sub":"peterhan.1775284989149785415","id":288230376151771800,"clientType":"mobile","deviceId":"A9C4E1F7-2B6D-4A83-9D1F-7E3B5C8A2D90","iat":1775287231,"exp":1775288131},"refresh":{"present":true,"validJwt":true,"sub":"peterhan.1775284989149785415","id":288230376151771800,"clientType":"mobile","deviceId":"A9C4E1F7-2B6D-4A83-9D1F-7E3B5C8A2D90","iat":1775287231,"exp":1775892031},"msg":"LOGIN_PASS_TOKEN_SUMMARY"}
{"level":20,"time":"07:20:33.868","logger":"TargetedFriendJob","msg":"LOGIN_PASS_SUCCESS"}
{"level":30,"time":"07:20:33.896","logger":"TargetedFriendJob","row":4,"phone":"maicon9630@proton.me","targetEmail":"tieucong.thang@gmail.com","msg":"FINDING_TARGET_USER"}
{"level":30,"time":"07:20:33.900","logger":"TargetedFriendJob","row":3,"phone":"peter8386@proton.me","targetEmail":"tieucong.thang@gmail.com","msg":"FINDING_TARGET_USER"}
{"level":30,"time":"07:20:33.902","logger":"TargetedFriendJob","row":5,"phone":"johan4567@proton.me","targetEmail":"tieucong.thang@gmail.com","msg":"FINDING_TARGET_USER"}
{"level":30,"time":"07:20:34.006","logger":"TargetedFriendJob","phone":"kyohi2286@proton.me","deviceId":"F2A7D9C1-6E3B-4D84-8A1F-9B5C2E7D0A4F","userAgent":"ERIC/1.0.0 (iOS; 18.6.2; iPhone 16 Plus)","access":{"present":true,"validJwt":true,"sub":"kyohi.1774939310625251437","id":8646911284551382000,"clientType":"mobile","deviceId":"F2A7D9C1-6E3B-4D84-8A1F-9B5C2E7D0A4F","iat":1775287231,"exp":1775288131},"refresh":{"present":true,"validJwt":true,"sub":"kyohi.1774939310625251437","id":8646911284551382000,"clientType":"mobile","deviceId":"F2A7D9C1-6E3B-4D84-8A1F-9B5C2E7D0A4F","iat":1775287231,"exp":1775892031},"msg":"LOGIN_PASS_TOKEN_SUMMARY"}
{"level":20,"time":"07:20:34.006","logger":"TargetedFriendJob","msg":"LOGIN_PASS_SUCCESS"}
{"level":30,"time":"07:20:34.033","logger":"TargetedFriendJob","row":1,"phone":"kyohi2286@proton.me","targetEmail":"tieucong.thang@gmail.com","msg":"FINDING_TARGET_USER"}
{"level":30,"time":"07:20:34.064","logger":"TargetedFriendJob","phone":"kyohi3108@proton.me","deviceId":"1A3E5F9C-2B8D-470A-A1F3-8C2E4D9B6A1F","userAgent":"ERIC/1.2.0 (Android; 13; Oppo Find X6)","access":{"present":true,"validJwt":true,"sub":"kyomask.1774940413791076698","id":4611686018427388000,"clientType":"mobile","deviceId":"1A3E5F9C-2B8D-470A-A1F3-8C2E4D9B6A1F","iat":1775287231,"exp":1775288131},"refresh":{"present":true,"validJwt":true,"sub":"kyomask.1774940413791076698","id":4611686018427388000,"clientType":"mobile","deviceId":"1A3E5F9C-2B8D-470A-A1F3-8C2E4D9B6A1F","iat":1775287231,"exp":1775892031},"msg":"LOGIN_PASS_TOKEN_SUMMARY"}
{"level":20,"time":"07:20:34.064","logger":"TargetedFriendJob","msg":"LOGIN_PASS_SUCCESS"}
{"level":30,"time":"07:20:34.076","logger":"TargetedFriendJob","row":3,"phone":"peter8386@proton.me","targetEmail":"tieucong.thang@gmail.com","targetId":"864691128455135241","msg":"SENDING_FRIEND_REQUEST"}
{"level":30,"time":"07:20:34.079","logger":"TargetedFriendJob","row":4,"phone":"maicon9630@proton.me","targetEmail":"tieucong.thang@gmail.com","targetId":"864691128455135241","msg":"SENDING_FRIEND_REQUEST"}
{"level":30,"time":"07:20:34.081","logger":"TargetedFriendJob","row":5,"phone":"johan4567@proton.me","targetEmail":"tieucong.thang@gmail.com","targetId":"864691128455135241","msg":"SENDING_FRIEND_REQUEST"}
{"level":30,"time":"07:20:34.094","logger":"TargetedFriendJob","row":2,"phone":"kyohi3108@proton.me","targetEmail":"tieucong.thang@gmail.com","msg":"FINDING_TARGET_USER"}
{"level":30,"time":"07:20:34.171","logger":"TargetedFriendJob","row":1,"phone":"kyohi2286@proton.me","targetEmail":"tieucong.thang@gmail.com","targetId":"864691128455135241","msg":"SENDING_FRIEND_REQUEST"}
{"level":30,"time":"07:20:34.253","logger":"TargetedFriendJob","row":2,"phone":"kyohi3108@proton.me","targetEmail":"tieucong.thang@gmail.com","targetId":"864691128455135241","msg":"SENDING_FRIEND_REQUEST"}
{"level":30,"time":"07:20:34.343","logger":"TargetedFriendJob","row":1,"phone":"kyohi2286@proton.me","targetEmail":"tieucong.thang@gmail.com","msg":"FRIEND_REQUEST_ALREADY_EXISTS"}
{"level":30,"time":"07:20:34.344","logger":"TargetedFriendJob","msg":"SUCCESS: Account kyohi2286@proton.me processed."}
{"level":30,"time":"07:20:34.345","logger":"TargetedFriendJob","row":4,"phone":"maicon9630@proton.me","targetEmail":"tieucong.thang@gmail.com","msg":"FRIEND_REQUEST_SENT_SUCCESS"}
{"level":30,"time":"07:20:34.345","logger":"TargetedFriendJob","msg":"SUCCESS: Account maicon9630@proton.me processed."}
{"level":30,"time":"07:20:34.433","logger":"TargetedFriendJob","row":2,"phone":"kyohi3108@proton.me","targetEmail":"tieucong.thang@gmail.com","msg":"FRIEND_REQUEST_ALREADY_EXISTS"}
{"level":30,"time":"07:20:34.433","logger":"TargetedFriendJob","msg":"SUCCESS: Account kyohi3108@proton.me processed."}
{"level":30,"time":"07:20:34.434","logger":"TargetedFriendJob","row":5,"phone":"johan4567@proton.me","targetEmail":"tieucong.thang@gmail.com","msg":"FRIEND_REQUEST_SENT_SUCCESS"}
{"level":30,"time":"07:20:34.434","logger":"TargetedFriendJob","msg":"SUCCESS: Account johan4567@proton.me processed."}
{"level":30,"time":"07:20:34.434","logger":"TargetedFriendJob","row":3,"phone":"peter8386@proton.me","targetEmail":"tieucong.thang@gmail.com","msg":"FRIEND_REQUEST_SENT_SUCCESS"}
{"level":30,"time":"07:20:34.434","logger":"TargetedFriendJob","msg":"SUCCESS: Account peter8386@proton.me processed."}
{"level":30,"time":"07:20:34.434","logger":"TargetedFriendJob","msg":"TARGETED_JOB_COMPLETE"}
